Archive member included to satisfy reference by file (symbol)

c:/program files (x86)/atmel/studio/7.0/toolchain/avr8/avr8-gnu-toolchain/bin/../lib/gcc/avr/5.4.0/../../../../avr/lib/avr5\libm.a(addsf3.o)
                              HALL/SERVO_MOTOR/ServoMotor.o (__addsf3)
c:/program files (x86)/atmel/studio/7.0/toolchain/avr8/avr8-gnu-toolchain/bin/../lib/gcc/avr/5.4.0/../../../../avr/lib/avr5\libm.a(addsf3x.o)
                              c:/program files (x86)/atmel/studio/7.0/toolchain/avr8/avr8-gnu-toolchain/bin/../lib/gcc/avr/5.4.0/../../../../avr/lib/avr5\libm.a(addsf3.o) (__addsf3x)
c:/program files (x86)/atmel/studio/7.0/toolchain/avr8/avr8-gnu-toolchain/bin/../lib/gcc/avr/5.4.0/../../../../avr/lib/avr5\libm.a(divsf3.o)
                              HALL/SERVO_MOTOR/ServoMotor.o (__divsf3)
c:/program files (x86)/atmel/studio/7.0/toolchain/avr8/avr8-gnu-toolchain/bin/../lib/gcc/avr/5.4.0/../../../../avr/lib/avr5\libm.a(divsf3x.o)
                              c:/program files (x86)/atmel/studio/7.0/toolchain/avr8/avr8-gnu-toolchain/bin/../lib/gcc/avr/5.4.0/../../../../avr/lib/avr5\libm.a(divsf3.o) (__divsf3x)
c:/program files (x86)/atmel/studio/7.0/toolchain/avr8/avr8-gnu-toolchain/bin/../lib/gcc/avr/5.4.0/../../../../avr/lib/avr5\libm.a(fixunssfsi.o)
                              HALL/SERVO_MOTOR/ServoMotor.o (__fixunssfsi)
c:/program files (x86)/atmel/studio/7.0/toolchain/avr8/avr8-gnu-toolchain/bin/../lib/gcc/avr/5.4.0/../../../../avr/lib/avr5\libm.a(floatsisf.o)
                              MCAL/timer/TIMERS_Program.o (__floatunsisf)
c:/program files (x86)/atmel/studio/7.0/toolchain/avr8/avr8-gnu-toolchain/bin/../lib/gcc/avr/5.4.0/../../../../avr/lib/avr5\libm.a(fp_inf.o)
                              c:/program files (x86)/atmel/studio/7.0/toolchain/avr8/avr8-gnu-toolchain/bin/../lib/gcc/avr/5.4.0/../../../../avr/lib/avr5\libm.a(addsf3x.o) (__fp_inf)
c:/program files (x86)/atmel/studio/7.0/toolchain/avr8/avr8-gnu-toolchain/bin/../lib/gcc/avr/5.4.0/../../../../avr/lib/avr5\libm.a(fp_nan.o)
                              c:/program files (x86)/atmel/studio/7.0/toolchain/avr8/avr8-gnu-toolchain/bin/../lib/gcc/avr/5.4.0/../../../../avr/lib/avr5\libm.a(addsf3x.o) (__fp_nan)
c:/program files (x86)/atmel/studio/7.0/toolchain/avr8/avr8-gnu-toolchain/bin/../lib/gcc/avr/5.4.0/../../../../avr/lib/avr5\libm.a(fp_pscA.o)
                              c:/program files (x86)/atmel/studio/7.0/toolchain/avr8/avr8-gnu-toolchain/bin/../lib/gcc/avr/5.4.0/../../../../avr/lib/avr5\libm.a(addsf3x.o) (__fp_pscA)
c:/program files (x86)/atmel/studio/7.0/toolchain/avr8/avr8-gnu-toolchain/bin/../lib/gcc/avr/5.4.0/../../../../avr/lib/avr5\libm.a(fp_pscB.o)
                              c:/program files (x86)/atmel/studio/7.0/toolchain/avr8/avr8-gnu-toolchain/bin/../lib/gcc/avr/5.4.0/../../../../avr/lib/avr5\libm.a(addsf3x.o) (__fp_pscB)
c:/program files (x86)/atmel/studio/7.0/toolchain/avr8/avr8-gnu-toolchain/bin/../lib/gcc/avr/5.4.0/../../../../avr/lib/avr5\libm.a(fp_round.o)
                              c:/program files (x86)/atmel/studio/7.0/toolchain/avr8/avr8-gnu-toolchain/bin/../lib/gcc/avr/5.4.0/../../../../avr/lib/avr5\libm.a(addsf3.o) (__fp_round)
c:/program files (x86)/atmel/studio/7.0/toolchain/avr8/avr8-gnu-toolchain/bin/../lib/gcc/avr/5.4.0/../../../../avr/lib/avr5\libm.a(fp_split3.o)
                              c:/program files (x86)/atmel/studio/7.0/toolchain/avr8/avr8-gnu-toolchain/bin/../lib/gcc/avr/5.4.0/../../../../avr/lib/avr5\libm.a(addsf3x.o) (__fp_split3)
c:/program files (x86)/atmel/studio/7.0/toolchain/avr8/avr8-gnu-toolchain/bin/../lib/gcc/avr/5.4.0/../../../../avr/lib/avr5\libm.a(fp_zero.o)
                              c:/program files (x86)/atmel/studio/7.0/toolchain/avr8/avr8-gnu-toolchain/bin/../lib/gcc/avr/5.4.0/../../../../avr/lib/avr5\libm.a(addsf3x.o) (__fp_zero)
c:/program files (x86)/atmel/studio/7.0/toolchain/avr8/avr8-gnu-toolchain/bin/../lib/gcc/avr/5.4.0/../../../../avr/lib/avr5\libm.a(mulsf3.o)
                              MCAL/timer/TIMERS_Program.o (__mulsf3)
c:/program files (x86)/atmel/studio/7.0/toolchain/avr8/avr8-gnu-toolchain/bin/../lib/gcc/avr/5.4.0/../../../../avr/lib/avr5\libm.a(mulsf3x.o)
                              c:/program files (x86)/atmel/studio/7.0/toolchain/avr8/avr8-gnu-toolchain/bin/../lib/gcc/avr/5.4.0/../../../../avr/lib/avr5\libm.a(mulsf3.o) (__mulsf3x)
c:/program files (x86)/atmel/studio/7.0/toolchain/avr8/avr8-gnu-toolchain/bin/../lib/gcc/avr/5.4.0/avr5\libgcc.a(_divmodhi4.o)
                              MCAL/timer/TIMERS_Program.o (__divmodhi4)
c:/program files (x86)/atmel/studio/7.0/toolchain/avr8/avr8-gnu-toolchain/bin/../lib/gcc/avr/5.4.0/avr5\libgcc.a(_udivmodsi4.o)
                              MCAL/PWM/PWM_Program.o (__udivmodsi4)
c:/program files (x86)/atmel/studio/7.0/toolchain/avr8/avr8-gnu-toolchain/bin/../lib/gcc/avr/5.4.0/avr5\libgcc.a(_exit.o)
                              C:/Program Files (x86)/Atmel/Studio/7.0/Packs/atmel/ATmega_DFP/1.7.374/gcc/dev/atmega32a/avr5/crtatmega32a.o (exit)
c:/program files (x86)/atmel/studio/7.0/toolchain/avr8/avr8-gnu-toolchain/bin/../lib/gcc/avr/5.4.0/avr5\libgcc.a(_tablejump2.o)
                              MCAL/timer/TIMERS_Program.o (__tablejump2__)
c:/program files (x86)/atmel/studio/7.0/toolchain/avr8/avr8-gnu-toolchain/bin/../lib/gcc/avr/5.4.0/avr5\libgcc.a(_copy_data.o)
                              APP/AUTO_DETECT/auto_detect_motion.o (__do_copy_data)
c:/program files (x86)/atmel/studio/7.0/toolchain/avr8/avr8-gnu-toolchain/bin/../lib/gcc/avr/5.4.0/avr5\libgcc.a(_clear_bss.o)
                              APP/AUTO_DETECT/auto_detect_motion.o (__do_clear_bss)
c:/program files (x86)/atmel/studio/7.0/toolchain/avr8/avr8-gnu-toolchain/bin/../lib/gcc/avr/5.4.0/avr5\libgcc.a(_umulhisi3.o)
                              HALL/LCD/lcd.o (__umulhisi3)
c:/program files (x86)/atmel/studio/7.0/toolchain/avr8/avr8-gnu-toolchain/bin/../lib/gcc/avr/5.4.0/avr5\libgcc.a(_muluhisi3.o)
                              MCAL/PWM/PWM_Program.o (__muluhisi3)
c:/program files (x86)/atmel/studio/7.0/toolchain/avr8/avr8-gnu-toolchain/bin/../lib/gcc/avr/5.4.0/avr5\libgcc.a(_udivmodhi4.o)
                              c:/program files (x86)/atmel/studio/7.0/toolchain/avr8/avr8-gnu-toolchain/bin/../lib/gcc/avr/5.4.0/avr5\libgcc.a(_divmodhi4.o) (__udivmodhi4)
c:/program files (x86)/atmel/studio/7.0/toolchain/avr8/avr8-gnu-toolchain/bin/../lib/gcc/avr/5.4.0/../../../../avr/lib/avr5\libc.a(sprintf.o)
                              APP/DateAndTime/RTC_APP.o (sprintf)
c:/program files (x86)/atmel/studio/7.0/toolchain/avr8/avr8-gnu-toolchain/bin/../lib/gcc/avr/5.4.0/../../../../avr/lib/avr5\libc.a(vfprintf_std.o)
                              c:/program files (x86)/atmel/studio/7.0/toolchain/avr8/avr8-gnu-toolchain/bin/../lib/gcc/avr/5.4.0/../../../../avr/lib/avr5\libc.a(sprintf.o) (vfprintf)
c:/program files (x86)/atmel/studio/7.0/toolchain/avr8/avr8-gnu-toolchain/bin/../lib/gcc/avr/5.4.0/../../../../avr/lib/avr5\libc.a(strnlen_P.o)
                              c:/program files (x86)/atmel/studio/7.0/toolchain/avr8/avr8-gnu-toolchain/bin/../lib/gcc/avr/5.4.0/../../../../avr/lib/avr5\libc.a(vfprintf_std.o) (strnlen_P)
c:/program files (x86)/atmel/studio/7.0/toolchain/avr8/avr8-gnu-toolchain/bin/../lib/gcc/avr/5.4.0/../../../../avr/lib/avr5\libc.a(strnlen.o)
                              c:/program files (x86)/atmel/studio/7.0/toolchain/avr8/avr8-gnu-toolchain/bin/../lib/gcc/avr/5.4.0/../../../../avr/lib/avr5\libc.a(vfprintf_std.o) (strnlen)
c:/program files (x86)/atmel/studio/7.0/toolchain/avr8/avr8-gnu-toolchain/bin/../lib/gcc/avr/5.4.0/../../../../avr/lib/avr5\libc.a(fputc.o)
                              c:/program files (x86)/atmel/studio/7.0/toolchain/avr8/avr8-gnu-toolchain/bin/../lib/gcc/avr/5.4.0/../../../../avr/lib/avr5\libc.a(vfprintf_std.o) (fputc)
c:/program files (x86)/atmel/studio/7.0/toolchain/avr8/avr8-gnu-toolchain/bin/../lib/gcc/avr/5.4.0/../../../../avr/lib/avr5\libc.a(ultoa_invert.o)
                              c:/program files (x86)/atmel/studio/7.0/toolchain/avr8/avr8-gnu-toolchain/bin/../lib/gcc/avr/5.4.0/../../../../avr/lib/avr5\libc.a(vfprintf_std.o) (__ultoa_invert)
c:/program files (x86)/atmel/studio/7.0/toolchain/avr8/avr8-gnu-toolchain/bin/../lib/gcc/avr/5.4.0/avr5\libgcc.a(_prologue.o)
                              c:/program files (x86)/atmel/studio/7.0/toolchain/avr8/avr8-gnu-toolchain/bin/../lib/gcc/avr/5.4.0/../../../../avr/lib/avr5\libc.a(sprintf.o) (__prologue_saves__)
c:/program files (x86)/atmel/studio/7.0/toolchain/avr8/avr8-gnu-toolchain/bin/../lib/gcc/avr/5.4.0/avr5\libgcc.a(_epilogue.o)
                              c:/program files (x86)/atmel/studio/7.0/toolchain/avr8/avr8-gnu-toolchain/bin/../lib/gcc/avr/5.4.0/../../../../avr/lib/avr5\libc.a(sprintf.o) (__epilogue_restores__)

Allocating common symbols
Common symbol       size              file

TIMER1_IC_Callback  0x2               MCAL/timer/TIMERS_Program.o
TIMER1_OV_CallBack  0x2               MCAL/timer/TIMERS_Program.o
AutoLight_Glob_Light_flag
                    0x1               APP/AUTO_LIGHT/AutoLight.o
TIMER2_OV_CallBack  0x2               MCAL/timer/TIMERS_Program.o
TIMER0_CTC_CallBack_Single
                    0x2               MCAL/timer/TIMERS_Program.o
TIMER0_OV_CallBack  0x2               MCAL/timer/TIMERS_Program.o
AuttoWiper_Glob_Rain_flag
                    0x1               APP/AUTO_WIPE/AutoWiper.o
fire_alarm          0x1               APP/AUTO_DETECT/auto_detect_motion.o
buffer              0x14              HALL/RTC/RTC2.o
TIMER0_CTC_CallBack_Periodic
                    0x2               MCAL/timer/TIMERS_Program.o

Discarded input sections

 .data          0x00000000        0x0 C:/Program Files (x86)/Atmel/Studio/7.0/Packs/atmel/ATmega_DFP/1.7.374/gcc/dev/atmega32a/avr5/crtatmega32a.o
 .bss           0x00000000        0x0 C:/Program Files (x86)/Atmel/Studio/7.0/Packs/atmel/ATmega_DFP/1.7.374/gcc/dev/atmega32a/avr5/crtatmega32a.o
 .text          0x00000000        0x0 APP/AUTO_DETECT/auto_detect_motion.o
 .data          0x00000000        0x0 APP/AUTO_DETECT/auto_detect_motion.o
 .bss           0x00000000        0x0 APP/AUTO_DETECT/auto_detect_motion.o
 .text.Get_ContactState
                0x00000000        0xa APP/AUTO_DETECT/auto_detect_motion.o
 .rodata.str1.1
                0x00000000       0x2e APP/AUTO_DETECT/auto_detect_motion.o
 .text.ENABLE_Sleep_Mode
                0x00000000       0x20 APP/AUTO_DETECT/auto_detect_motion.o
 .text.DISABLE_Sleep_Mode
                0x00000000       0x14 APP/AUTO_DETECT/auto_detect_motion.o
 .text          0x00000000        0x0 APP/AUTO_LIGHT/AutoLight.o
 .data          0x00000000        0x0 APP/AUTO_LIGHT/AutoLight.o
 .bss           0x00000000        0x0 APP/AUTO_LIGHT/AutoLight.o
 .bss.AutoLight_Glob_AutoLight_Current_State
                0x00000000        0x1 APP/AUTO_LIGHT/AutoLight.o
 .bss.AutoLight_Glob_AutoLight_Prev_State
                0x00000000        0x1 APP/AUTO_LIGHT/AutoLight.o
 COMMON         0x00000000        0x1 APP/AUTO_LIGHT/AutoLight.o
 .text          0x00000000        0x0 APP/AUTO_WIPE/AutoWiper.o
 .data          0x00000000        0x0 APP/AUTO_WIPE/AutoWiper.o
 .bss           0x00000000        0x0 APP/AUTO_WIPE/AutoWiper.o
 .text          0x00000000        0x0 APP/DateAndTime/RTC_APP.o
 .data          0x00000000        0x0 APP/DateAndTime/RTC_APP.o
 .bss           0x00000000        0x0 APP/DateAndTime/RTC_APP.o
 .text          0x00000000        0x0 APP/main.o
 .data          0x00000000        0x0 APP/main.o
 .bss           0x00000000        0x0 APP/main.o
 .text          0x00000000        0x0 HALL/Buzzer/buzzar.o
 .data          0x00000000        0x0 HALL/Buzzer/buzzar.o
 .bss           0x00000000        0x0 HALL/Buzzer/buzzar.o
 .text          0x00000000        0x0 HALL/LCD/lcd.o
 .data          0x00000000        0x0 HALL/LCD/lcd.o
 .bss           0x00000000        0x0 HALL/LCD/lcd.o
 .text.lcd_vidTransferNumToChar
                0x00000000      0x420 HALL/LCD/lcd.o
 .text.lcd_vidCustomWrite
                0x00000000       0x54 HALL/LCD/lcd.o
 .text.lcd_vidDispalyNumber
                0x00000000        0xe HALL/LCD/lcd.o
 .data.customChar
                0x00000000       0x40 HALL/LCD/lcd.o
 COMMON         0x00000000        0x0 HALL/LCD/lcd.o
 .text          0x00000000        0x0 HALL/LDR/LDR.o
 .data          0x00000000        0x0 HALL/LDR/LDR.o
 .bss           0x00000000        0x0 HALL/LDR/LDR.o
 .text          0x00000000        0x0 HALL/MOTION_SENSOR/MOTION_SENSOR.o
 .data          0x00000000        0x0 HALL/MOTION_SENSOR/MOTION_SENSOR.o
 .bss           0x00000000        0x0 HALL/MOTION_SENSOR/MOTION_SENSOR.o
 .text.MOTIONSENSOR_MOTION_SENSOR_STATE_tGetState
                0x00000000       0x10 HALL/MOTION_SENSOR/MOTION_SENSOR.o
 .debug_info    0x00000000      0x144 HALL/MOTION_SENSOR/MOTION_SENSOR.o
 .debug_abbrev  0x00000000       0x96 HALL/MOTION_SENSOR/MOTION_SENSOR.o
 .debug_aranges
                0x00000000       0x20 HALL/MOTION_SENSOR/MOTION_SENSOR.o
 .debug_ranges  0x00000000       0x10 HALL/MOTION_SENSOR/MOTION_SENSOR.o
 .debug_line    0x00000000       0xb5 HALL/MOTION_SENSOR/MOTION_SENSOR.o
 .debug_str     0x00000000      0x279 HALL/MOTION_SENSOR/MOTION_SENSOR.o
 .comment       0x00000000       0x31 HALL/MOTION_SENSOR/MOTION_SENSOR.o
 .debug_frame   0x00000000       0x24 HALL/MOTION_SENSOR/MOTION_SENSOR.o
 .text          0x00000000        0x0 HALL/PUSH_BOTTUN/push_botton.o
 .data          0x00000000        0x0 HALL/PUSH_BOTTUN/push_botton.o
 .bss           0x00000000        0x0 HALL/PUSH_BOTTUN/push_botton.o
 .text          0x00000000        0x0 HALL/RAIN_SENSOR/Rain_Sensor.o
 .data          0x00000000        0x0 HALL/RAIN_SENSOR/Rain_Sensor.o
 .bss           0x00000000        0x0 HALL/RAIN_SENSOR/Rain_Sensor.o
 .text          0x00000000        0x0 HALL/RTC/RTC2.o
 .data          0x00000000        0x0 HALL/RTC/RTC2.o
 .bss           0x00000000        0x0 HALL/RTC/RTC2.o
 .text.RTC_Set_Date
                0x00000000       0x3a HALL/RTC/RTC2.o
 .text.RTC_Get_Date
                0x00000000       0x3a HALL/RTC/RTC2.o
 .text          0x00000000        0x0 HALL/SERVO_MOTOR/ServoMotor.o
 .data          0x00000000        0x0 HALL/SERVO_MOTOR/ServoMotor.o
 .bss           0x00000000        0x0 HALL/SERVO_MOTOR/ServoMotor.o
 .text          0x00000000        0x0 HALL/SHOCK_SENSORO/shock_sensor.o
 .data          0x00000000        0x0 HALL/SHOCK_SENSORO/shock_sensor.o
 .bss           0x00000000        0x0 HALL/SHOCK_SENSORO/shock_sensor.o
 .text.SHOCK_SENSOR_shockstate_tGetstate
                0x00000000       0x20 HALL/SHOCK_SENSORO/shock_sensor.o
 .debug_info    0x00000000      0x17f HALL/SHOCK_SENSORO/shock_sensor.o
 .debug_abbrev  0x00000000       0xbf HALL/SHOCK_SENSORO/shock_sensor.o
 .debug_loc     0x00000000       0x57 HALL/SHOCK_SENSORO/shock_sensor.o
 .debug_aranges
                0x00000000       0x20 HALL/SHOCK_SENSORO/shock_sensor.o
 .debug_ranges  0x00000000       0x10 HALL/SHOCK_SENSORO/shock_sensor.o
 .debug_line    0x00000000      0x116 HALL/SHOCK_SENSORO/shock_sensor.o
 .debug_str     0x00000000      0x285 HALL/SHOCK_SENSORO/shock_sensor.o
 .comment       0x00000000       0x31 HALL/SHOCK_SENSORO/shock_sensor.o
 .debug_frame   0x00000000       0x30 HALL/SHOCK_SENSORO/shock_sensor.o
 .text          0x00000000        0x0 MCAL/ADC/ADC.o
 .data          0x00000000        0x0 MCAL/ADC/ADC.o
 .bss           0x00000000        0x0 MCAL/ADC/ADC.o
 .text          0x00000000        0x0 MCAL/DIO/dio.o
 .data          0x00000000        0x0 MCAL/DIO/dio.o
 .bss           0x00000000        0x0 MCAL/DIO/dio.o
 .text.dio_vidWriteChannelGroup
                0x00000000       0x60 MCAL/DIO/dio.o
 .text.dio_vidEnablePullUp
                0x00000000       0x6c MCAL/DIO/dio.o
 .text          0x00000000        0x0 MCAL/EXT_INT/EXT_INT_program.o
 .data          0x00000000        0x0 MCAL/EXT_INT/EXT_INT_program.o
 .bss           0x00000000        0x0 MCAL/EXT_INT/EXT_INT_program.o
 .text.EXTINT_voidInit
                0x00000000       0x26 MCAL/EXT_INT/EXT_INT_program.o
 .text.EXTINT_voidGlobalIntDisable
                0x00000000        0x8 MCAL/EXT_INT/EXT_INT_program.o
 .text          0x00000000        0x0 MCAL/I2C/I2C.o
 .data          0x00000000        0x0 MCAL/I2C/I2C.o
 .bss           0x00000000        0x0 MCAL/I2C/I2C.o
 .text          0x00000000        0x0 MCAL/PWM/PWM_Program.o
 .data          0x00000000        0x0 MCAL/PWM/PWM_Program.o
 .bss           0x00000000        0x0 MCAL/PWM/PWM_Program.o
 .text.GetNearestVal
                0x00000000       0x36 MCAL/PWM/PWM_Program.o
 .text.PWM_voidSetDuty
                0x00000000       0x48 MCAL/PWM/PWM_Program.o
 .rodata        0x00000000       0x18 MCAL/PWM/PWM_Program.o
 .text.PWM_voidGeneratePWM
                0x00000000      0x29c MCAL/PWM/PWM_Program.o
 .bss.UsrPWMPointer
                0x00000000        0x2 MCAL/PWM/PWM_Program.o
 .text          0x00000000        0x0 MCAL/SLEEP_MODE/SLEEP_MODE.o
 .data          0x00000000        0x0 MCAL/SLEEP_MODE/SLEEP_MODE.o
 .bss           0x00000000        0x0 MCAL/SLEEP_MODE/SLEEP_MODE.o
 .text          0x00000000        0x0 MCAL/timer/TIMERS_Program.o
 .data          0x00000000        0x0 MCAL/timer/TIMERS_Program.o
 .bss           0x00000000        0x0 MCAL/timer/TIMERS_Program.o
 .text.Timer_u16GetBestFitValue
                0x00000000       0xd4 MCAL/timer/TIMERS_Program.o
 .text.Timer_voidInitTimer1
                0x00000000       0x10 MCAL/timer/TIMERS_Program.o
 .text.Timer_u8GetCounterTimer
                0x00000000       0x52 MCAL/timer/TIMERS_Program.o
 .text.Timer_u8SetCounterTimer
                0x00000000       0x50 MCAL/timer/TIMERS_Program.o
 .text.Timer_voidSetBusyWait_us
                0x00000000      0x1da MCAL/timer/TIMERS_Program.o
 .text.Timer_voidSetOVInterrupState
                0x00000000       0x48 MCAL/timer/TIMERS_Program.o
 .text.Timer_voidSetOverflowCallback
                0x00000000       0x30 MCAL/timer/TIMERS_Program.o
 .text.Timer_voidSetCompareValue
                0x00000000       0x10 MCAL/timer/TIMERS_Program.o
 .text.Timer_voidSetCompareMatchCallback
                0x00000000       0x14 MCAL/timer/TIMERS_Program.o
 .text.Timer_voidSetCompMatchInterrupState
                0x00000000       0x18 MCAL/timer/TIMERS_Program.o
 .text.Timer_voidSetIntervalSingleMS
                0x00000000       0xa0 MCAL/timer/TIMERS_Program.o
 .text.Timer_voidSetIntervalPeriodicMS
                0x00000000       0x9e MCAL/timer/TIMERS_Program.o
 .text.Timer_voidOutputPinMode
                0x00000000       0x12 MCAL/timer/TIMERS_Program.o
 .text.Timer_voidGenerateSignal
                0x00000000      0x100 MCAL/timer/TIMERS_Program.o
 .text.Timer_voidInputCaptureTicksSynch
                0x00000000       0x56 MCAL/timer/TIMERS_Program.o
 .text.Timer_voidInputCaptureInterrupt
                0x00000000       0x36 MCAL/timer/TIMERS_Program.o
 .text.Timer_voidGetFlagsRegStatus
                0x00000000        0x8 MCAL/timer/TIMERS_Program.o
 .text          0x00000000        0x0 c:/program files (x86)/atmel/studio/7.0/toolchain/avr8/avr8-gnu-toolchain/bin/../lib/gcc/avr/5.4.0/../../../../avr/lib/avr5\libm.a(addsf3.o)
 .data          0x00000000        0x0 c:/program files (x86)/atmel/studio/7.0/toolchain/avr8/avr8-gnu-toolchain/bin/../lib/gcc/avr/5.4.0/../../../../avr/lib/avr5\libm.a(addsf3.o)
 .bss           0x00000000        0x0 c:/program files (x86)/atmel/studio/7.0/toolchain/avr8/avr8-gnu-toolchain/bin/../lib/gcc/avr/5.4.0/../../../../avr/lib/avr5\libm.a(addsf3.o)
 .text          0x00000000        0x0 c:/program files (x86)/atmel/studio/7.0/toolchain/avr8/avr8-gnu-toolchain/bin/../lib/gcc/avr/5.4.0/../../../../avr/lib/avr5\libm.a(addsf3x.o)
 .data          0x00000000        0x0 c:/program files (x86)/atmel/studio/7.0/toolchain/avr8/avr8-gnu-toolchain/bin/../lib/gcc/avr/5.4.0/../../../../avr/lib/avr5\libm.a(addsf3x.o)
 .bss           0x00000000        0x0 c:/program files (x86)/atmel/studio/7.0/toolchain/avr8/avr8-gnu-toolchain/bin/../lib/gcc/avr/5.4.0/../../../../avr/lib/avr5\libm.a(addsf3x.o)
 .text          0x00000000        0x0 c:/program files (x86)/atmel/studio/7.0/toolchain/avr8/avr8-gnu-toolchain/bin/../lib/gcc/avr/5.4.0/../../../../avr/lib/avr5\libm.a(divsf3.o)
 .data          0x00000000        0x0 c:/program files (x86)/atmel/studio/7.0/toolchain/avr8/avr8-gnu-toolchain/bin/../lib/gcc/avr/5.4.0/../../../../avr/lib/avr5\libm.a(divsf3.o)
 .bss           0x00000000        0x0 c:/program files (x86)/atmel/studio/7.0/toolchain/avr8/avr8-gnu-toolchain/bin/../lib/gcc/avr/5.4.0/../../../../avr/lib/avr5\libm.a(divsf3.o)
 .text          0x00000000        0x0 c:/program files (x86)/atmel/studio/7.0/toolchain/avr8/avr8-gnu-toolchain/bin/../lib/gcc/avr/5.4.0/../../../../avr/lib/avr5\libm.a(divsf3x.o)
 .data          0x00000000        0x0 c:/program files (x86)/atmel/studio/7.0/toolchain/avr8/avr8-gnu-toolchain/bin/../lib/gcc/avr/5.4.0/../../../../avr/lib/avr5\libm.a(divsf3x.o)
 .bss           0x00000000        0x0 c:/program files (x86)/atmel/studio/7.0/toolchain/avr8/avr8-gnu-toolchain/bin/../lib/gcc/avr/5.4.0/../../../../avr/lib/avr5\libm.a(divsf3x.o)
 .text          0x00000000        0x0 c:/program files (x86)/atmel/studio/7.0/toolchain/avr8/avr8-gnu-toolchain/bin/../lib/gcc/avr/5.4.0/../../../../avr/lib/avr5\libm.a(fixunssfsi.o)
 .data          0x00000000        0x0 c:/program files (x86)/atmel/studio/7.0/toolchain/avr8/avr8-gnu-toolchain/bin/../lib/gcc/avr/5.4.0/../../../../avr/lib/avr5\libm.a(fixunssfsi.o)
 .bss           0x00000000        0x0 c:/program files (x86)/atmel/studio/7.0/toolchain/avr8/avr8-gnu-toolchain/bin/../lib/gcc/avr/5.4.0/../../../../avr/lib/avr5\libm.a(fixunssfsi.o)
 .text          0x00000000        0x0 c:/program files (x86)/atmel/studio/7.0/toolchain/avr8/avr8-gnu-toolchain/bin/../lib/gcc/avr/5.4.0/../../../../avr/lib/avr5\libm.a(floatsisf.o)
 .data          0x00000000        0x0 c:/program files (x86)/atmel/studio/7.0/toolchain/avr8/avr8-gnu-toolchain/bin/../lib/gcc/avr/5.4.0/../../../../avr/lib/avr5\libm.a(floatsisf.o)
 .bss           0x00000000        0x0 c:/program files (x86)/atmel/studio/7.0/toolchain/avr8/avr8-gnu-toolchain/bin/../lib/gcc/avr/5.4.0/../../../../avr/lib/avr5\libm.a(floatsisf.o)
 .text          0x00000000        0x0 c:/program files (x86)/atmel/studio/7.0/toolchain/avr8/avr8-gnu-toolchain/bin/../lib/gcc/avr/5.4.0/../../../../avr/lib/avr5\libm.a(fp_inf.o)
 .data          0x00000000        0x0 c:/program files (x86)/atmel/studio/7.0/toolchain/avr8/avr8-gnu-toolchain/bin/../lib/gcc/avr/5.4.0/../../../../avr/lib/avr5\libm.a(fp_inf.o)
 .bss           0x00000000        0x0 c:/program files (x86)/atmel/studio/7.0/toolchain/avr8/avr8-gnu-toolchain/bin/../lib/gcc/avr/5.4.0/../../../../avr/lib/avr5\libm.a(fp_inf.o)
 .text          0x00000000        0x0 c:/program files (x86)/atmel/studio/7.0/toolchain/avr8/avr8-gnu-toolchain/bin/../lib/gcc/avr/5.4.0/../../../../avr/lib/avr5\libm.a(fp_nan.o)
 .data          0x00000000        0x0 c:/program files (x86)/atmel/studio/7.0/toolchain/avr8/avr8-gnu-toolchain/bin/../lib/gcc/avr/5.4.0/../../../../avr/lib/avr5\libm.a(fp_nan.o)
 .bss           0x00000000        0x0 c:/program files (x86)/atmel/studio/7.0/toolchain/avr8/avr8-gnu-toolchain/bin/../lib/gcc/avr/5.4.0/../../../../avr/lib/avr5\libm.a(fp_nan.o)
 .text          0x00000000        0x0 c:/program files (x86)/atmel/studio/7.0/toolchain/avr8/avr8-gnu-toolchain/bin/../lib/gcc/avr/5.4.0/../../../../avr/lib/avr5\libm.a(fp_pscA.o)
 .data          0x00000000        0x0 c:/program files (x86)/atmel/studio/7.0/toolchain/avr8/avr8-gnu-toolchain/bin/../lib/gcc/avr/5.4.0/../../../../avr/lib/avr5\libm.a(fp_pscA.o)
 .bss           0x00000000        0x0 c:/program files (x86)/atmel/studio/7.0/toolchain/avr8/avr8-gnu-toolchain/bin/../lib/gcc/avr/5.4.0/../../../../avr/lib/avr5\libm.a(fp_pscA.o)
 .text          0x00000000        0x0 c:/program files (x86)/atmel/studio/7.0/toolchain/avr8/avr8-gnu-toolchain/bin/../lib/gcc/avr/5.4.0/../../../../avr/lib/avr5\libm.a(fp_pscB.o)
 .data          0x00000000        0x0 c:/program files (x86)/atmel/studio/7.0/toolchain/avr8/avr8-gnu-toolchain/bin/../lib/gcc/avr/5.4.0/../../../../avr/lib/avr5\libm.a(fp_pscB.o)
 .bss           0x00000000        0x0 c:/program files (x86)/atmel/studio/7.0/toolchain/avr8/avr8-gnu-toolchain/bin/../lib/gcc/avr/5.4.0/../../../../avr/lib/avr5\libm.a(fp_pscB.o)
 .text          0x00000000        0x0 c:/program files (x86)/atmel/studio/7.0/toolchain/avr8/avr8-gnu-toolchain/bin/../lib/gcc/avr/5.4.0/../../../../avr/lib/avr5\libm.a(fp_round.o)
 .data          0x00000000        0x0 c:/program files (x86)/atmel/studio/7.0/toolchain/avr8/avr8-gnu-toolchain/bin/../lib/gcc/avr/5.4.0/../../../../avr/lib/avr5\libm.a(fp_round.o)
 .bss           0x00000000        0x0 c:/program files (x86)/atmel/studio/7.0/toolchain/avr8/avr8-gnu-toolchain/bin/../lib/gcc/avr/5.4.0/../../../../avr/lib/avr5\libm.a(fp_round.o)
 .text          0x00000000        0x0 c:/program files (x86)/atmel/studio/7.0/toolchain/avr8/avr8-gnu-toolchain/bin/../lib/gcc/avr/5.4.0/../../../../avr/lib/avr5\libm.a(fp_split3.o)
 .data          0x00000000        0x0 c:/program files (x86)/atmel/studio/7.0/toolchain/avr8/avr8-gnu-toolchain/bin/../lib/gcc/avr/5.4.0/../../../../avr/lib/avr5\libm.a(fp_split3.o)
 .bss           0x00000000        0x0 c:/program files (x86)/atmel/studio/7.0/toolchain/avr8/avr8-gnu-toolchain/bin/../lib/gcc/avr/5.4.0/../../../../avr/lib/avr5\libm.a(fp_split3.o)
 .text          0x00000000        0x0 c:/program files (x86)/atmel/studio/7.0/toolchain/avr8/avr8-gnu-toolchain/bin/../lib/gcc/avr/5.4.0/../../../../avr/lib/avr5\libm.a(fp_zero.o)
 .data          0x00000000        0x0 c:/program files (x86)/atmel/studio/7.0/toolchain/avr8/avr8-gnu-toolchain/bin/../lib/gcc/avr/5.4.0/../../../../avr/lib/avr5\libm.a(fp_zero.o)
 .bss           0x00000000        0x0 c:/program files (x86)/atmel/studio/7.0/toolchain/avr8/avr8-gnu-toolchain/bin/../lib/gcc/avr/5.4.0/../../../../avr/lib/avr5\libm.a(fp_zero.o)
 .text          0x00000000        0x0 c:/program files (x86)/atmel/studio/7.0/toolchain/avr8/avr8-gnu-toolchain/bin/../lib/gcc/avr/5.4.0/../../../../avr/lib/avr5\libm.a(mulsf3.o)
 .data          0x00000000        0x0 c:/program files (x86)/atmel/studio/7.0/toolchain/avr8/avr8-gnu-toolchain/bin/../lib/gcc/avr/5.4.0/../../../../avr/lib/avr5\libm.a(mulsf3.o)
 .bss           0x00000000        0x0 c:/program files (x86)/atmel/studio/7.0/toolchain/avr8/avr8-gnu-toolchain/bin/../lib/gcc/avr/5.4.0/../../../../avr/lib/avr5\libm.a(mulsf3.o)
 .text          0x00000000        0x0 c:/program files (x86)/atmel/studio/7.0/toolchain/avr8/avr8-gnu-toolchain/bin/../lib/gcc/avr/5.4.0/../../../../avr/lib/avr5\libm.a(mulsf3x.o)
 .data          0x00000000        0x0 c:/program files (x86)/atmel/studio/7.0/toolchain/avr8/avr8-gnu-toolchain/bin/../lib/gcc/avr/5.4.0/../../../../avr/lib/avr5\libm.a(mulsf3x.o)
 .bss           0x00000000        0x0 c:/program files (x86)/atmel/studio/7.0/toolchain/avr8/avr8-gnu-toolchain/bin/../lib/gcc/avr/5.4.0/../../../../avr/lib/avr5\libm.a(mulsf3x.o)
 .text          0x00000000        0x0 c:/program files (x86)/atmel/studio/7.0/toolchain/avr8/avr8-gnu-toolchain/bin/../lib/gcc/avr/5.4.0/avr5\libgcc.a(_divmodhi4.o)
 .data          0x00000000        0x0 c:/program files (x86)/atmel/studio/7.0/toolchain/avr8/avr8-gnu-toolchain/bin/../lib/gcc/avr/5.4.0/avr5\libgcc.a(_divmodhi4.o)
 .bss           0x00000000        0x0 c:/program files (x86)/atmel/studio/7.0/toolchain/avr8/avr8-gnu-toolchain/bin/../lib/gcc/avr/5.4.0/avr5\libgcc.a(_divmodhi4.o)
 .text.libgcc.mul
                0x00000000        0x0 c:/program files (x86)/atmel/studio/7.0/toolchain/avr8/avr8-gnu-toolchain/bin/../lib/gcc/avr/5.4.0/avr5\libgcc.a(_divmodhi4.o)
 .text.libgcc.div
                0x00000000       0x28 c:/program files (x86)/atmel/studio/7.0/toolchain/avr8/avr8-gnu-toolchain/bin/../lib/gcc/avr/5.4.0/avr5\libgcc.a(_divmodhi4.o)
 .text.libgcc   0x00000000        0x0 c:/program files (x86)/atmel/studio/7.0/toolchain/avr8/avr8-gnu-toolchain/bin/../lib/gcc/avr/5.4.0/avr5\libgcc.a(_divmodhi4.o)
 .text.libgcc.prologue
                0x00000000        0x0 c:/program files (x86)/atmel/studio/7.0/toolchain/avr8/avr8-gnu-toolchain/bin/../lib/gcc/avr/5.4.0/avr5\libgcc.a(_divmodhi4.o)
 .text.libgcc.builtins
                0x00000000        0x0 c:/program files (x86)/atmel/studio/7.0/toolchain/avr8/avr8-gnu-toolchain/bin/../lib/gcc/avr/5.4.0/avr5\libgcc.a(_divmodhi4.o)
 .text.libgcc.fmul
                0x00000000        0x0 c:/program files (x86)/atmel/studio/7.0/toolchain/avr8/avr8-gnu-toolchain/bin/../lib/gcc/avr/5.4.0/avr5\libgcc.a(_divmodhi4.o)
 .text.libgcc.fixed
                0x00000000        0x0 c:/program files (x86)/atmel/studio/7.0/toolchain/avr8/avr8-gnu-toolchain/bin/../lib/gcc/avr/5.4.0/avr5\libgcc.a(_divmodhi4.o)
 .text          0x00000000        0x0 c:/program files (x86)/atmel/studio/7.0/toolchain/avr8/avr8-gnu-toolchain/bin/../lib/gcc/avr/5.4.0/avr5\libgcc.a(_udivmodsi4.o)
 .data          0x00000000        0x0 c:/program files (x86)/atmel/studio/7.0/toolchain/avr8/avr8-gnu-toolchain/bin/../lib/gcc/avr/5.4.0/avr5\libgcc.a(_udivmodsi4.o)
 .bss           0x00000000        0x0 c:/program files (x86)/atmel/studio/7.0/toolchain/avr8/avr8-gnu-toolchain/bin/../lib/gcc/avr/5.4.0/avr5\libgcc.a(_udivmodsi4.o)
 .text.libgcc.mul
                0x00000000        0x0 c:/program files (x86)/atmel/studio/7.0/toolchain/avr8/avr8-gnu-toolchain/bin/../lib/gcc/avr/5.4.0/avr5\libgcc.a(_udivmodsi4.o)
 .text.libgcc   0x00000000        0x0 c:/program files (x86)/atmel/studio/7.0/toolchain/avr8/avr8-gnu-toolchain/bin/../lib/gcc/avr/5.4.0/avr5\libgcc.a(_udivmodsi4.o)
 .text.libgcc.prologue
                0x00000000        0x0 c:/program files (x86)/atmel/studio/7.0/toolchain/avr8/avr8-gnu-toolchain/bin/../lib/gcc/avr/5.4.0/avr5\libgcc.a(_udivmodsi4.o)
 .text.libgcc.builtins
                0x00000000        0x0 c:/program files (x86)/atmel/studio/7.0/toolchain/avr8/avr8-gnu-toolchain/bin/../lib/gcc/avr/5.4.0/avr5\libgcc.a(_udivmodsi4.o)
 .text.libgcc.fmul
                0x00000000        0x0 c:/program files (x86)/atmel/studio/7.0/toolchain/avr8/avr8-gnu-toolchain/bin/../lib/gcc/avr/5.4.0/avr5\libgcc.a(_udivmodsi4.o)
 .text.libgcc.fixed
                0x00000000        0x0 c:/program files (x86)/atmel/studio/7.0/toolchain/avr8/avr8-gnu-toolchain/bin/../lib/gcc/avr/5.4.0/avr5\libgcc.a(_udivmodsi4.o)
 .text          0x00000000        0x0 c:/program files (x86)/atmel/studio/7.0/toolchain/avr8/avr8-gnu-toolchain/bin/../lib/gcc/avr/5.4.0/avr5\libgcc.a(_exit.o)
 .data          0x00000000        0x0 c:/program files (x86)/atmel/studio/7.0/toolchain/avr8/avr8-gnu-toolchain/bin/../lib/gcc/avr/5.4.0/avr5\libgcc.a(_exit.o)
 .bss           0x00000000        0x0 c:/program files (x86)/atmel/studio/7.0/toolchain/avr8/avr8-gnu-toolchain/bin/../lib/gcc/avr/5.4.0/avr5\libgcc.a(_exit.o)
 .text.libgcc.mul
                0x00000000        0x0 c:/program files (x86)/atmel/studio/7.0/toolchain/avr8/avr8-gnu-toolchain/bin/../lib/gcc/avr/5.4.0/avr5\libgcc.a(_exit.o)
 .text.libgcc.div
                0x00000000        0x0 c:/program files (x86)/atmel/studio/7.0/toolchain/avr8/avr8-gnu-toolchain/bin/../lib/gcc/avr/5.4.0/avr5\libgcc.a(_exit.o)
 .text.libgcc   0x00000000        0x0 c:/program files (x86)/atmel/studio/7.0/toolchain/avr8/avr8-gnu-toolchain/bin/../lib/gcc/avr/5.4.0/avr5\libgcc.a(_exit.o)
 .text.libgcc.prologue
                0x00000000        0x0 c:/program files (x86)/atmel/studio/7.0/toolchain/avr8/avr8-gnu-toolchain/bin/../lib/gcc/avr/5.4.0/avr5\libgcc.a(_exit.o)
 .text.libgcc.builtins
                0x00000000        0x0 c:/program files (x86)/atmel/studio/7.0/toolchain/avr8/avr8-gnu-toolchain/bin/../lib/gcc/avr/5.4.0/avr5\libgcc.a(_exit.o)
 .text.libgcc.fmul
                0x00000000        0x0 c:/program files (x86)/atmel/studio/7.0/toolchain/avr8/avr8-gnu-toolchain/bin/../lib/gcc/avr/5.4.0/avr5\libgcc.a(_exit.o)
 .text.libgcc.fixed
                0x00000000        0x0 c:/program files (x86)/atmel/studio/7.0/toolchain/avr8/avr8-gnu-toolchain/bin/../lib/gcc/avr/5.4.0/avr5\libgcc.a(_exit.o)
 .text          0x00000000        0x0 c:/program files (x86)/atmel/studio/7.0/toolchain/avr8/avr8-gnu-toolchain/bin/../lib/gcc/avr/5.4.0/avr5\libgcc.a(_tablejump2.o)
 .data          0x00000000        0x0 c:/program files (x86)/atmel/studio/7.0/toolchain/avr8/avr8-gnu-toolchain/bin/../lib/gcc/avr/5.4.0/avr5\libgcc.a(_tablejump2.o)
 .bss           0x00000000        0x0 c:/program files (x86)/atmel/studio/7.0/toolchain/avr8/avr8-gnu-toolchain/bin/../lib/gcc/avr/5.4.0/avr5\libgcc.a(_tablejump2.o)
 .text.libgcc.mul
                0x00000000        0x0 c:/program files (x86)/atmel/studio/7.0/toolchain/avr8/avr8-gnu-toolchain/bin/../lib/gcc/avr/5.4.0/avr5\libgcc.a(_tablejump2.o)
 .text.libgcc.div
                0x00000000        0x0 c:/program files (x86)/atmel/studio/7.0/toolchain/avr8/avr8-gnu-toolchain/bin/../lib/gcc/avr/5.4.0/avr5\libgcc.a(_tablejump2.o)
 .text.libgcc.prologue
                0x00000000        0x0 c:/program files (x86)/atmel/studio/7.0/toolchain/avr8/avr8-gnu-toolchain/bin/../lib/gcc/avr/5.4.0/avr5\libgcc.a(_tablejump2.o)
 .text.libgcc.builtins
                0x00000000        0x0 c:/program files (x86)/atmel/studio/7.0/toolchain/avr8/avr8-gnu-toolchain/bin/../lib/gcc/avr/5.4.0/avr5\libgcc.a(_tablejump2.o)
 .text.libgcc.fmul
                0x00000000        0x0 c:/program files (x86)/atmel/studio/7.0/toolchain/avr8/avr8-gnu-toolchain/bin/../lib/gcc/avr/5.4.0/avr5\libgcc.a(_tablejump2.o)
 .text.libgcc.fixed
                0x00000000        0x0 c:/program files (x86)/atmel/studio/7.0/toolchain/avr8/avr8-gnu-toolchain/bin/../lib/gcc/avr/5.4.0/avr5\libgcc.a(_tablejump2.o)
 .text          0x00000000        0x0 c:/program files (x86)/atmel/studio/7.0/toolchain/avr8/avr8-gnu-toolchain/bin/../lib/gcc/avr/5.4.0/avr5\libgcc.a(_copy_data.o)
 .data          0x00000000        0x0 c:/program files (x86)/atmel/studio/7.0/toolchain/avr8/avr8-gnu-toolchain/bin/../lib/gcc/avr/5.4.0/avr5\libgcc.a(_copy_data.o)
 .bss           0x00000000        0x0 c:/program files (x86)/atmel/studio/7.0/toolchain/avr8/avr8-gnu-toolchain/bin/../lib/gcc/avr/5.4.0/avr5\libgcc.a(_copy_data.o)
 .text.libgcc.mul
                0x00000000        0x0 c:/program files (x86)/atmel/studio/7.0/toolchain/avr8/avr8-gnu-toolchain/bin/../lib/gcc/avr/5.4.0/avr5\libgcc.a(_copy_data.o)
 .text.libgcc.div
                0x00000000        0x0 c:/program files (x86)/atmel/studio/7.0/toolchain/avr8/avr8-gnu-toolchain/bin/../lib/gcc/avr/5.4.0/avr5\libgcc.a(_copy_data.o)
 .text.libgcc   0x00000000        0x0 c:/program files (x86)/atmel/studio/7.0/toolchain/avr8/avr8-gnu-toolchain/bin/../lib/gcc/avr/5.4.0/avr5\libgcc.a(_copy_data.o)
 .text.libgcc.prologue
                0x00000000        0x0 c:/program files (x86)/atmel/studio/7.0/toolchain/avr8/avr8-gnu-toolchain/bin/../lib/gcc/avr/5.4.0/avr5\libgcc.a(_copy_data.o)
 .text.libgcc.builtins
                0x00000000        0x0 c:/program files (x86)/atmel/studio/7.0/toolchain/avr8/avr8-gnu-toolchain/bin/../lib/gcc/avr/5.4.0/avr5\libgcc.a(_copy_data.o)
 .text.libgcc.fmul
                0x00000000        0x0 c:/program files (x86)/atmel/studio/7.0/toolchain/avr8/avr8-gnu-toolchain/bin/../lib/gcc/avr/5.4.0/avr5\libgcc.a(_copy_data.o)
 .text.libgcc.fixed
                0x00000000        0x0 c:/program files (x86)/atmel/studio/7.0/toolchain/avr8/avr8-gnu-toolchain/bin/../lib/gcc/avr/5.4.0/avr5\libgcc.a(_copy_data.o)
 .text          0x00000000        0x0 c:/program files (x86)/atmel/studio/7.0/toolchain/avr8/avr8-gnu-toolchain/bin/../lib/gcc/avr/5.4.0/avr5\libgcc.a(_clear_bss.o)
 .data          0x00000000        0x0 c:/program files (x86)/atmel/studio/7.0/toolchain/avr8/avr8-gnu-toolchain/bin/../lib/gcc/avr/5.4.0/avr5\libgcc.a(_clear_bss.o)
 .bss           0x00000000        0x0 c:/program files (x86)/atmel/studio/7.0/toolchain/avr8/avr8-gnu-toolchain/bin/../lib/gcc/avr/5.4.0/avr5\libgcc.a(_clear_bss.o)
 .text.libgcc.mul
                0x00000000        0x0 c:/program files (x86)/atmel/studio/7.0/toolchain/avr8/avr8-gnu-toolchain/bin/../lib/gcc/avr/5.4.0/avr5\libgcc.a(_clear_bss.o)
 .text.libgcc.div
                0x00000000        0x0 c:/program files (x86)/atmel/studio/7.0/toolchain/avr8/avr8-gnu-toolchain/bin/../lib/gcc/avr/5.4.0/avr5\libgcc.a(_clear_bss.o)
 .text.libgcc   0x00000000        0x0 c:/program files (x86)/atmel/studio/7.0/toolchain/avr8/avr8-gnu-toolchain/bin/../lib/gcc/avr/5.4.0/avr5\libgcc.a(_clear_bss.o)
 .text.libgcc.prologue
                0x00000000        0x0 c:/program files (x86)/atmel/studio/7.0/toolchain/avr8/avr8-gnu-toolchain/bin/../lib/gcc/avr/5.4.0/avr5\libgcc.a(_clear_bss.o)
 .text.libgcc.builtins
                0x00000000        0x0 c:/program files (x86)/atmel/studio/7.0/toolchain/avr8/avr8-gnu-toolchain/bin/../lib/gcc/avr/5.4.0/avr5\libgcc.a(_clear_bss.o)
 .text.libgcc.fmul
                0x00000000        0x0 c:/program files (x86)/atmel/studio/7.0/toolchain/avr8/avr8-gnu-toolchain/bin/../lib/gcc/avr/5.4.0/avr5\libgcc.a(_clear_bss.o)
 .text.libgcc.fixed
                0x00000000        0x0 c:/program files (x86)/atmel/studio/7.0/toolchain/avr8/avr8-gnu-toolchain/bin/../lib/gcc/avr/5.4.0/avr5\libgcc.a(_clear_bss.o)
 .text          0x00000000        0x0 c:/program files (x86)/atmel/studio/7.0/toolchain/avr8/avr8-gnu-toolchain/bin/../lib/gcc/avr/5.4.0/avr5\libgcc.a(_umulhisi3.o)
 .data          0x00000000        0x0 c:/program files (x86)/atmel/studio/7.0/toolchain/avr8/avr8-gnu-toolchain/bin/../lib/gcc/avr/5.4.0/avr5\libgcc.a(_umulhisi3.o)
 .bss           0x00000000        0x0 c:/program files (x86)/atmel/studio/7.0/toolchain/avr8/avr8-gnu-toolchain/bin/../lib/gcc/avr/5.4.0/avr5\libgcc.a(_umulhisi3.o)
 .text.libgcc.mul
                0x00000000       0x1e c:/program files (x86)/atmel/studio/7.0/toolchain/avr8/avr8-gnu-toolchain/bin/../lib/gcc/avr/5.4.0/avr5\libgcc.a(_umulhisi3.o)
 .text.libgcc.div
                0x00000000        0x0 c:/program files (x86)/atmel/studio/7.0/toolchain/avr8/avr8-gnu-toolchain/bin/../lib/gcc/avr/5.4.0/avr5\libgcc.a(_umulhisi3.o)
 .text.libgcc   0x00000000        0x0 c:/program files (x86)/atmel/studio/7.0/toolchain/avr8/avr8-gnu-toolchain/bin/../lib/gcc/avr/5.4.0/avr5\libgcc.a(_umulhisi3.o)
 .text.libgcc.prologue
                0x00000000        0x0 c:/program files (x86)/atmel/studio/7.0/toolchain/avr8/avr8-gnu-toolchain/bin/../lib/gcc/avr/5.4.0/avr5\libgcc.a(_umulhisi3.o)
 .text.libgcc.builtins
                0x00000000        0x0 c:/program files (x86)/atmel/studio/7.0/toolchain/avr8/avr8-gnu-toolchain/bin/../lib/gcc/avr/5.4.0/avr5\libgcc.a(_umulhisi3.o)
 .text.libgcc.fmul
                0x00000000        0x0 c:/program files (x86)/atmel/studio/7.0/toolchain/avr8/avr8-gnu-toolchain/bin/../lib/gcc/avr/5.4.0/avr5\libgcc.a(_umulhisi3.o)
 .text.libgcc.fixed
                0x00000000        0x0 c:/program files (x86)/atmel/studio/7.0/toolchain/avr8/avr8-gnu-toolchain/bin/../lib/gcc/avr/5.4.0/avr5\libgcc.a(_umulhisi3.o)
 .text          0x00000000        0x0 c:/program files (x86)/atmel/studio/7.0/toolchain/avr8/avr8-gnu-toolchain/bin/../lib/gcc/avr/5.4.0/avr5\libgcc.a(_muluhisi3.o)
 .data          0x00000000        0x0 c:/program files (x86)/atmel/studio/7.0/toolchain/avr8/avr8-gnu-toolchain/bin/../lib/gcc/avr/5.4.0/avr5\libgcc.a(_muluhisi3.o)
 .bss           0x00000000        0x0 c:/program files (x86)/atmel/studio/7.0/toolchain/avr8/avr8-gnu-toolchain/bin/../lib/gcc/avr/5.4.0/avr5\libgcc.a(_muluhisi3.o)
 .text.libgcc.mul
                0x00000000       0x16 c:/program files (x86)/atmel/studio/7.0/toolchain/avr8/avr8-gnu-toolchain/bin/../lib/gcc/avr/5.4.0/avr5\libgcc.a(_muluhisi3.o)
 .text.libgcc.div
                0x00000000        0x0 c:/program files (x86)/atmel/studio/7.0/toolchain/avr8/avr8-gnu-toolchain/bin/../lib/gcc/avr/5.4.0/avr5\libgcc.a(_muluhisi3.o)
 .text.libgcc   0x00000000        0x0 c:/program files (x86)/atmel/studio/7.0/toolchain/avr8/avr8-gnu-toolchain/bin/../lib/gcc/avr/5.4.0/avr5\libgcc.a(_muluhisi3.o)
 .text.libgcc.prologue
                0x00000000        0x0 c:/program files (x86)/atmel/studio/7.0/toolchain/avr8/avr8-gnu-toolchain/bin/../lib/gcc/avr/5.4.0/avr5\libgcc.a(_muluhisi3.o)
 .text.libgcc.builtins
                0x00000000        0x0 c:/program files (x86)/atmel/studio/7.0/toolchain/avr8/avr8-gnu-toolchain/bin/../lib/gcc/avr/5.4.0/avr5\libgcc.a(_muluhisi3.o)
 .text.libgcc.fmul
                0x00000000        0x0 c:/program files (x86)/atmel/studio/7.0/toolchain/avr8/avr8-gnu-toolchain/bin/../lib/gcc/avr/5.4.0/avr5\libgcc.a(_muluhisi3.o)
 .text.libgcc.fixed
                0x00000000        0x0 c:/program files (x86)/atmel/studio/7.0/toolchain/avr8/avr8-gnu-toolchain/bin/../lib/gcc/avr/5.4.0/avr5\libgcc.a(_muluhisi3.o)
 .text          0x00000000        0x0 c:/program files (x86)/atmel/studio/7.0/toolchain/avr8/avr8-gnu-toolchain/bin/../lib/gcc/avr/5.4.0/avr5\libgcc.a(_udivmodhi4.o)
 .data          0x00000000        0x0 c:/program files (x86)/atmel/studio/7.0/toolchain/avr8/avr8-gnu-toolchain/bin/../lib/gcc/avr/5.4.0/avr5\libgcc.a(_udivmodhi4.o)
 .bss           0x00000000        0x0 c:/program files (x86)/atmel/studio/7.0/toolchain/avr8/avr8-gnu-toolchain/bin/../lib/gcc/avr/5.4.0/avr5\libgcc.a(_udivmodhi4.o)
 .text.libgcc.mul
                0x00000000        0x0 c:/program files (x86)/atmel/studio/7.0/toolchain/avr8/avr8-gnu-toolchain/bin/../lib/gcc/avr/5.4.0/avr5\libgcc.a(_udivmodhi4.o)
 .text.libgcc.div
                0x00000000       0x28 c:/program files (x86)/atmel/studio/7.0/toolchain/avr8/avr8-gnu-toolchain/bin/../lib/gcc/avr/5.4.0/avr5\libgcc.a(_udivmodhi4.o)
 .text.libgcc   0x00000000        0x0 c:/program files (x86)/atmel/studio/7.0/toolchain/avr8/avr8-gnu-toolchain/bin/../lib/gcc/avr/5.4.0/avr5\libgcc.a(_udivmodhi4.o)
 .text.libgcc.prologue
                0x00000000        0x0 c:/program files (x86)/atmel/studio/7.0/toolchain/avr8/avr8-gnu-toolchain/bin/../lib/gcc/avr/5.4.0/avr5\libgcc.a(_udivmodhi4.o)
 .text.libgcc.builtins
                0x00000000        0x0 c:/program files (x86)/atmel/studio/7.0/toolchain/avr8/avr8-gnu-toolchain/bin/../lib/gcc/avr/5.4.0/avr5\libgcc.a(_udivmodhi4.o)
 .text.libgcc.fmul
                0x00000000        0x0 c:/program files (x86)/atmel/studio/7.0/toolchain/avr8/avr8-gnu-toolchain/bin/../lib/gcc/avr/5.4.0/avr5\libgcc.a(_udivmodhi4.o)
 .text.libgcc.fixed
                0x00000000        0x0 c:/program files (x86)/atmel/studio/7.0/toolchain/avr8/avr8-gnu-toolchain/bin/../lib/gcc/avr/5.4.0/avr5\libgcc.a(_udivmodhi4.o)
 .text          0x00000000        0x0 c:/program files (x86)/atmel/studio/7.0/toolchain/avr8/avr8-gnu-toolchain/bin/../lib/gcc/avr/5.4.0/../../../../avr/lib/avr5\libc.a(sprintf.o)
 .data          0x00000000        0x0 c:/program files (x86)/atmel/studio/7.0/toolchain/avr8/avr8-gnu-toolchain/bin/../lib/gcc/avr/5.4.0/../../../../avr/lib/avr5\libc.a(sprintf.o)
 .bss           0x00000000        0x0 c:/program files (x86)/atmel/studio/7.0/toolchain/avr8/avr8-gnu-toolchain/bin/../lib/gcc/avr/5.4.0/../../../../avr/lib/avr5\libc.a(sprintf.o)
 .text          0x00000000        0x0 c:/program files (x86)/atmel/studio/7.0/toolchain/avr8/avr8-gnu-toolchain/bin/../lib/gcc/avr/5.4.0/../../../../avr/lib/avr5\libc.a(vfprintf_std.o)
 .data          0x00000000        0x0 c:/program files (x86)/atmel/studio/7.0/toolchain/avr8/avr8-gnu-toolchain/bin/../lib/gcc/avr/5.4.0/../../../../avr/lib/avr5\libc.a(vfprintf_std.o)
 .bss           0x00000000        0x0 c:/program files (x86)/atmel/studio/7.0/toolchain/avr8/avr8-gnu-toolchain/bin/../lib/gcc/avr/5.4.0/../../../../avr/lib/avr5\libc.a(vfprintf_std.o)
 .text          0x00000000        0x0 c:/program files (x86)/atmel/studio/7.0/toolchain/avr8/avr8-gnu-toolchain/bin/../lib/gcc/avr/5.4.0/../../../../avr/lib/avr5\libc.a(strnlen_P.o)
 .data          0x00000000        0x0 c:/program files (x86)/atmel/studio/7.0/toolchain/avr8/avr8-gnu-toolchain/bin/../lib/gcc/avr/5.4.0/../../../../avr/lib/avr5\libc.a(strnlen_P.o)
 .bss           0x00000000        0x0 c:/program files (x86)/atmel/studio/7.0/toolchain/avr8/avr8-gnu-toolchain/bin/../lib/gcc/avr/5.4.0/../../../../avr/lib/avr5\libc.a(strnlen_P.o)
 .text          0x00000000        0x0 c:/program files (x86)/atmel/studio/7.0/toolchain/avr8/avr8-gnu-toolchain/bin/../lib/gcc/avr/5.4.0/../../../../avr/lib/avr5\libc.a(strnlen.o)
 .data          0x00000000        0x0 c:/program files (x86)/atmel/studio/7.0/toolchain/avr8/avr8-gnu-toolchain/bin/../lib/gcc/avr/5.4.0/../../../../avr/lib/avr5\libc.a(strnlen.o)
 .bss           0x00000000        0x0 c:/program files (x86)/atmel/studio/7.0/toolchain/avr8/avr8-gnu-toolchain/bin/../lib/gcc/avr/5.4.0/../../../../avr/lib/avr5\libc.a(strnlen.o)
 .text          0x00000000        0x0 c:/program files (x86)/atmel/studio/7.0/toolchain/avr8/avr8-gnu-toolchain/bin/../lib/gcc/avr/5.4.0/../../../../avr/lib/avr5\libc.a(fputc.o)
 .data          0x00000000        0x0 c:/program files (x86)/atmel/studio/7.0/toolchain/avr8/avr8-gnu-toolchain/bin/../lib/gcc/avr/5.4.0/../../../../avr/lib/avr5\libc.a(fputc.o)
 .bss           0x00000000        0x0 c:/program files (x86)/atmel/studio/7.0/toolchain/avr8/avr8-gnu-toolchain/bin/../lib/gcc/avr/5.4.0/../../../../avr/lib/avr5\libc.a(fputc.o)
 .text          0x00000000        0x0 c:/program files (x86)/atmel/studio/7.0/toolchain/avr8/avr8-gnu-toolchain/bin/../lib/gcc/avr/5.4.0/../../../../avr/lib/avr5\libc.a(ultoa_invert.o)
 .data          0x00000000        0x0 c:/program files (x86)/atmel/studio/7.0/toolchain/avr8/avr8-gnu-toolchain/bin/../lib/gcc/avr/5.4.0/../../../../avr/lib/avr5\libc.a(ultoa_invert.o)
 .bss           0x00000000        0x0 c:/program files (x86)/atmel/studio/7.0/toolchain/avr8/avr8-gnu-toolchain/bin/../lib/gcc/avr/5.4.0/../../../../avr/lib/avr5\libc.a(ultoa_invert.o)
 .text          0x00000000        0x0 c:/program files (x86)/atmel/studio/7.0/toolchain/avr8/avr8-gnu-toolchain/bin/../lib/gcc/avr/5.4.0/avr5\libgcc.a(_prologue.o)
 .data          0x00000000        0x0 c:/program files (x86)/atmel/studio/7.0/toolchain/avr8/avr8-gnu-toolchain/bin/../lib/gcc/avr/5.4.0/avr5\libgcc.a(_prologue.o)
 .bss           0x00000000        0x0 c:/program files (x86)/atmel/studio/7.0/toolchain/avr8/avr8-gnu-toolchain/bin/../lib/gcc/avr/5.4.0/avr5\libgcc.a(_prologue.o)
 .text.libgcc.mul
                0x00000000        0x0 c:/program files (x86)/atmel/studio/7.0/toolchain/avr8/avr8-gnu-toolchain/bin/../lib/gcc/avr/5.4.0/avr5\libgcc.a(_prologue.o)
 .text.libgcc.div
                0x00000000        0x0 c:/program files (x86)/atmel/studio/7.0/toolchain/avr8/avr8-gnu-toolchain/bin/../lib/gcc/avr/5.4.0/avr5\libgcc.a(_prologue.o)
 .text.libgcc   0x00000000        0x0 c:/program files (x86)/atmel/studio/7.0/toolchain/avr8/avr8-gnu-toolchain/bin/../lib/gcc/avr/5.4.0/avr5\libgcc.a(_prologue.o)
 .text.libgcc.builtins
                0x00000000        0x0 c:/program files (x86)/atmel/studio/7.0/toolchain/avr8/avr8-gnu-toolchain/bin/../lib/gcc/avr/5.4.0/avr5\libgcc.a(_prologue.o)
 .text.libgcc.fmul
                0x00000000        0x0 c:/program files (x86)/atmel/studio/7.0/toolchain/avr8/avr8-gnu-toolchain/bin/../lib/gcc/avr/5.4.0/avr5\libgcc.a(_prologue.o)
 .text.libgcc.fixed
                0x00000000        0x0 c:/program files (x86)/atmel/studio/7.0/toolchain/avr8/avr8-gnu-toolchain/bin/../lib/gcc/avr/5.4.0/avr5\libgcc.a(_prologue.o)
 .text          0x00000000        0x0 c:/program files (x86)/atmel/studio/7.0/toolchain/avr8/avr8-gnu-toolchain/bin/../lib/gcc/avr/5.4.0/avr5\libgcc.a(_epilogue.o)
 .data          0x00000000        0x0 c:/program files (x86)/atmel/studio/7.0/toolchain/avr8/avr8-gnu-toolchain/bin/../lib/gcc/avr/5.4.0/avr5\libgcc.a(_epilogue.o)
 .bss           0x00000000        0x0 c:/program files (x86)/atmel/studio/7.0/toolchain/avr8/avr8-gnu-toolchain/bin/../lib/gcc/avr/5.4.0/avr5\libgcc.a(_epilogue.o)
 .text.libgcc.mul
                0x00000000        0x0 c:/program files (x86)/atmel/studio/7.0/toolchain/avr8/avr8-gnu-toolchain/bin/../lib/gcc/avr/5.4.0/avr5\libgcc.a(_epilogue.o)
 .text.libgcc.div
                0x00000000        0x0 c:/program files (x86)/atmel/studio/7.0/toolchain/avr8/avr8-gnu-toolchain/bin/../lib/gcc/avr/5.4.0/avr5\libgcc.a(_epilogue.o)
 .text.libgcc   0x00000000        0x0 c:/program files (x86)/atmel/studio/7.0/toolchain/avr8/avr8-gnu-toolchain/bin/../lib/gcc/avr/5.4.0/avr5\libgcc.a(_epilogue.o)
 .text.libgcc.builtins
                0x00000000        0x0 c:/program files (x86)/atmel/studio/7.0/toolchain/avr8/avr8-gnu-toolchain/bin/../lib/gcc/avr/5.4.0/avr5\libgcc.a(_epilogue.o)
 .text.libgcc.fmul
                0x00000000        0x0 c:/program files (x86)/atmel/studio/7.0/toolchain/avr8/avr8-gnu-toolchain/bin/../lib/gcc/avr/5.4.0/avr5\libgcc.a(_epilogue.o)
 .text.libgcc.fixed
                0x00000000        0x0 c:/program files (x86)/atmel/studio/7.0/toolchain/avr8/avr8-gnu-toolchain/bin/../lib/gcc/avr/5.4.0/avr5\libgcc.a(_epilogue.o)

Memory Configuration

Name             Origin             Length             Attributes
text             0x00000000         0x00008000         xr
data             0x00800060         0x00000800         rw !x
eeprom           0x00810000         0x00000400         rw !x
fuse             0x00820000         0x00000002         rw !x
lock             0x00830000         0x00000400         rw !x
signature        0x00840000         0x00000400         rw !x
user_signatures  0x00850000         0x00000400         rw !x
*default*        0x00000000         0xffffffff

Linker script and memory map

LOAD C:/Program Files (x86)/Atmel/Studio/7.0/Packs/atmel/ATmega_DFP/1.7.374/gcc/dev/atmega32a/avr5/crtatmega32a.o
LOAD APP/AUTO_DETECT/auto_detect_motion.o
LOAD APP/AUTO_LIGHT/AutoLight.o
LOAD APP/AUTO_WIPE/AutoWiper.o
LOAD APP/DateAndTime/RTC_APP.o
LOAD APP/main.o
LOAD HALL/Buzzer/buzzar.o
LOAD HALL/LCD/lcd.o
LOAD HALL/LDR/LDR.o
LOAD HALL/MOTION_SENSOR/MOTION_SENSOR.o
LOAD HALL/PUSH_BOTTUN/push_botton.o
LOAD HALL/RAIN_SENSOR/Rain_Sensor.o
LOAD HALL/RTC/RTC2.o
LOAD HALL/SERVO_MOTOR/ServoMotor.o
LOAD HALL/SHOCK_SENSORO/shock_sensor.o
LOAD MCAL/ADC/ADC.o
LOAD MCAL/DIO/dio.o
LOAD MCAL/EXT_INT/EXT_INT_program.o
LOAD MCAL/I2C/I2C.o
LOAD MCAL/PWM/PWM_Program.o
LOAD MCAL/SLEEP_MODE/SLEEP_MODE.o
LOAD MCAL/timer/TIMERS_Program.o
START GROUP
LOAD c:/program files (x86)/atmel/studio/7.0/toolchain/avr8/avr8-gnu-toolchain/bin/../lib/gcc/avr/5.4.0/../../../../avr/lib/avr5\libm.a
END GROUP
START GROUP
LOAD c:/program files (x86)/atmel/studio/7.0/toolchain/avr8/avr8-gnu-toolchain/bin/../lib/gcc/avr/5.4.0/avr5\libgcc.a
LOAD c:/program files (x86)/atmel/studio/7.0/toolchain/avr8/avr8-gnu-toolchain/bin/../lib/gcc/avr/5.4.0/../../../../avr/lib/avr5\libm.a
LOAD c:/program files (x86)/atmel/studio/7.0/toolchain/avr8/avr8-gnu-toolchain/bin/../lib/gcc/avr/5.4.0/../../../../avr/lib/avr5\libc.a
LOAD C:/Program Files (x86)/Atmel/Studio/7.0/Packs/atmel/ATmega_DFP/1.7.374/gcc/dev/atmega32a/avr5\libatmega32a.a
END GROUP
                [0x00000000]                __TEXT_REGION_ORIGIN__ = DEFINED (__TEXT_REGION_ORIGIN__)?__TEXT_REGION_ORIGIN__:0x0
                [0x00800060]                __DATA_REGION_ORIGIN__ = DEFINED (__DATA_REGION_ORIGIN__)?__DATA_REGION_ORIGIN__:0x800060
                [0x00008000]                __TEXT_REGION_LENGTH__ = DEFINED (__TEXT_REGION_LENGTH__)?__TEXT_REGION_LENGTH__:0x20000
                [0x00000800]                __DATA_REGION_LENGTH__ = DEFINED (__DATA_REGION_LENGTH__)?__DATA_REGION_LENGTH__:0xffa0
                [0x00000400]                __EEPROM_REGION_LENGTH__ = DEFINED (__EEPROM_REGION_LENGTH__)?__EEPROM_REGION_LENGTH__:0x10000
                [0x00000002]                __FUSE_REGION_LENGTH__ = DEFINED (__FUSE_REGION_LENGTH__)?__FUSE_REGION_LENGTH__:0x400
                0x00000400                __LOCK_REGION_LENGTH__ = DEFINED (__LOCK_REGION_LENGTH__)?__LOCK_REGION_LENGTH__:0x400
                0x00000400                __SIGNATURE_REGION_LENGTH__ = DEFINED (__SIGNATURE_REGION_LENGTH__)?__SIGNATURE_REGION_LENGTH__:0x400
                0x00000400                __USER_SIGNATURE_REGION_LENGTH__ = DEFINED (__USER_SIGNATURE_REGION_LENGTH__)?__USER_SIGNATURE_REGION_LENGTH__:0x400

.hash
 *(.hash)

.dynsym
 *(.dynsym)

.dynstr
 *(.dynstr)

.gnu.version
 *(.gnu.version)

.gnu.version_d
 *(.gnu.version_d)

.gnu.version_r
 *(.gnu.version_r)

.rel.init
 *(.rel.init)

.rela.init
 *(.rela.init)

.rel.text
 *(.rel.text)
 *(.rel.text.*)
 *(.rel.gnu.linkonce.t*)

.rela.text
 *(.rela.text)
 *(.rela.text.*)
 *(.rela.gnu.linkonce.t*)

.rel.fini
 *(.rel.fini)

.rela.fini
 *(.rela.fini)

.rel.rodata
 *(.rel.rodata)
 *(.rel.rodata.*)
 *(.rel.gnu.linkonce.r*)

.rela.rodata
 *(.rela.rodata)
 *(.rela.rodata.*)
 *(.rela.gnu.linkonce.r*)

.rel.data
 *(.rel.data)
 *(.rel.data.*)
 *(.rel.gnu.linkonce.d*)

.rela.data
 *(.rela.data)
 *(.rela.data.*)
 *(.rela.gnu.linkonce.d*)

.rel.ctors
 *(.rel.ctors)

.rela.ctors
 *(.rela.ctors)

.rel.dtors
 *(.rel.dtors)

.rela.dtors
 *(.rela.dtors)

.rel.got
 *(.rel.got)

.rela.got
 *(.rela.got)

.rel.bss
 *(.rel.bss)

.rela.bss
 *(.rela.bss)

.rel.plt
 *(.rel.plt)

.rela.plt
 *(.rela.plt)

.text           0x00000000     0x1db6
 *(.vectors)
 .vectors       0x00000000       0x54 C:/Program Files (x86)/Atmel/Studio/7.0/Packs/atmel/ATmega_DFP/1.7.374/gcc/dev/atmega32a/avr5/crtatmega32a.o
                0x00000000                __vector_default
                0x00000000                __vectors
 *(.vectors)
 *(.progmem.gcc*)
 .progmem.gcc_sw_table.Timer_voidInitTimer2
                0x00000054       0x10 MCAL/timer/TIMERS_Program.o
                0x00000064                . = ALIGN (0x2)
                0x00000064                __trampolines_start = .
 *(.trampolines)
 .trampolines   0x00000064        0x0 linker stubs
 *(.trampolines*)
                0x00000064                __trampolines_end = .
 *libprintf_flt.a:*(.progmem.data)
 *libc.a:*(.progmem.data)
 *(.progmem*)
                0x00000064                . = ALIGN (0x2)
 *(.jumptables)
 *(.jumptables*)
 *(.lowtext)
 *(.lowtext*)
                0x00000064                __ctors_start = .
 *(.ctors)
                0x00000064                __ctors_end = .
                0x00000064                __dtors_start = .
 *(.dtors)
                0x00000064                __dtors_end = .
 SORT(*)(.ctors)
 SORT(*)(.dtors)
 *(.init0)
 .init0         0x00000064        0x0 C:/Program Files (x86)/Atmel/Studio/7.0/Packs/atmel/ATmega_DFP/1.7.374/gcc/dev/atmega32a/avr5/crtatmega32a.o
                0x00000064                __init
 *(.init0)
 *(.init1)
 *(.init1)
 *(.init2)
 .init2         0x00000064        0xc C:/Program Files (x86)/Atmel/Studio/7.0/Packs/atmel/ATmega_DFP/1.7.374/gcc/dev/atmega32a/avr5/crtatmega32a.o
 *(.init2)
 *(.init3)
 *(.init3)
 *(.init4)
 .init4         0x00000070       0x16 c:/program files (x86)/atmel/studio/7.0/toolchain/avr8/avr8-gnu-toolchain/bin/../lib/gcc/avr/5.4.0/avr5\libgcc.a(_copy_data.o)
                0x00000070                __do_copy_data
 .init4         0x00000086       0x10 c:/program files (x86)/atmel/studio/7.0/toolchain/avr8/avr8-gnu-toolchain/bin/../lib/gcc/avr/5.4.0/avr5\libgcc.a(_clear_bss.o)
                0x00000086                __do_clear_bss
 *(.init4)
 *(.init5)
 *(.init5)
 *(.init6)
 *(.init6)
 *(.init7)
 *(.init7)
 *(.init8)
 *(.init8)
 *(.init9)
 .init9         0x00000096        0x8 C:/Program Files (x86)/Atmel/Studio/7.0/Packs/atmel/ATmega_DFP/1.7.374/gcc/dev/atmega32a/avr5/crtatmega32a.o
 *(.init9)
 *(.text)
 .text          0x0000009e        0x4 C:/Program Files (x86)/Atmel/Studio/7.0/Packs/atmel/ATmega_DFP/1.7.374/gcc/dev/atmega32a/avr5/crtatmega32a.o
                0x0000009e                __vector_12
                0x0000009e                __bad_interrupt
                0x0000009e                __vector_6
                0x0000009e                __vector_3
                0x0000009e                __vector_11
                0x0000009e                __vector_13
                0x0000009e                __vector_17
                0x0000009e                __vector_7
                0x0000009e                __vector_2
                0x0000009e                __vector_15
                0x0000009e                __vector_14
                0x0000009e                __vector_10
                0x0000009e                __vector_16
                0x0000009e                __vector_18
                0x0000009e                __vector_20
                0x000000a2                . = ALIGN (0x2)
 *(.text.*)
 .text.Get_DoorLockState
                0x000000a2        0xa APP/AUTO_DETECT/auto_detect_motion.o
                0x000000a2                Get_DoorLockState
 .text.EXTINT0_CALLBACK
                0x000000ac       0x38 APP/AUTO_DETECT/auto_detect_motion.o
                0x000000ac                EXTINT0_CALLBACK
 .text.set_alarm
                0x000000e4        0xe APP/AUTO_DETECT/auto_detect_motion.o
                0x000000e4                set_alarm
 .text.AutoLight_Func_StatSetup
                0x000000f2        0xe APP/AUTO_LIGHT/AutoLight.o
                0x000000f2                AutoLight_Func_StatSetup
 .text.AutoLight_Func_StatLoop
                0x00000100       0x54 APP/AUTO_LIGHT/AutoLight.o
                0x00000100                AutoLight_Func_StatLoop
 .text.AutoWiper_vidsetup
                0x00000154       0x2a APP/AUTO_WIPE/AutoWiper.o
                0x00000154                AutoWiper_vidsetup
 .text.AutoWiper_vidloop
                0x0000017e       0x8a APP/AUTO_WIPE/AutoWiper.o
                0x0000017e                AutoWiper_vidloop
 .text.RTC_vidsetup
                0x00000208        0xc APP/DateAndTime/RTC_APP.o
                0x00000208                RTC_vidsetup
 .text.RTC_vidloop
                0x00000214       0x92 APP/DateAndTime/RTC_APP.o
                0x00000214                RTC_vidloop
 .text.main     0x000002a6       0xb6 APP/main.o
                0x000002a6                main
 .text.Buzzer_voidSetAlarm
                0x0000035c        0xc HALL/Buzzer/buzzar.o
                0x0000035c                Buzzer_voidSetAlarm
 .text.Buzzer_voidCLRAlarm
                0x00000368        0xc HALL/Buzzer/buzzar.o
                0x00000368                Buzzer_voidCLRAlarm
 .text.enablePulse
                0x00000374       0x2a HALL/LCD/lcd.o
 .text.lcd_vidSendCmd
                0x0000039e       0x96 HALL/LCD/lcd.o
                0x0000039e                lcd_vidSendCmd
 .text.lcd_vidSendData
                0x00000434       0x8a HALL/LCD/lcd.o
                0x00000434                lcd_vidSendData
 .text.lcd_vidGotoRowColumn
                0x000004be       0x38 HALL/LCD/lcd.o
                0x000004be                lcd_vidGotoRowColumn
 .text.lcd_vidInit
                0x000004f6       0x94 HALL/LCD/lcd.o
                0x000004f6                lcd_vidInit
 .text.lcd_vidDisplyChar
                0x0000058a        0x6 HALL/LCD/lcd.o
                0x0000058a                lcd_vidDisplyChar
 .text.lcd_vidDisplyStr
                0x00000590       0x1a HALL/LCD/lcd.o
                0x00000590                lcd_vidDisplyStr
 .text.lcd_vidClrDislay
                0x000005aa       0x14 HALL/LCD/lcd.o
                0x000005aa                lcd_vidClrDislay
 .text.LDR_u16Read
                0x000005be       0x18 HALL/LDR/LDR.o
                0x000005be                LDR_u16Read
 .text.PUSH_BOTTUN_u8GetState
                0x000005d6        0xc HALL/PUSH_BOTTUN/push_botton.o
                0x000005d6                PUSH_BOTTUN_u8GetState
 .text.RAIN_SENSOR_vidInit
                0x000005e2        0xc HALL/RAIN_SENSOR/Rain_Sensor.o
                0x000005e2                RAIN_SENSOR_vidInit
 .text.RAIN_SENSOR_voidGetState
                0x000005ee       0x10 HALL/RAIN_SENSOR/Rain_Sensor.o
                0x000005ee                RAIN_SENSOR_voidGetState
 .text.RTC_Set_Time
                0x000005fe       0x3a HALL/RTC/RTC2.o
                0x000005fe                RTC_Set_Time
 .text.RTC_Get_Time
                0x00000638       0x5a HALL/RTC/RTC2.o
                0x00000638                RTC_Get_Time
 .text.Servo_voidInit
                0x00000692       0x2e HALL/SERVO_MOTOR/ServoMotor.o
                0x00000692                Servo_voidInit
 .text.Servo_voidWrite
                0x000006c0       0x96 HALL/SERVO_MOTOR/ServoMotor.o
                0x000006c0                Servo_voidWrite
 .text.ADC_vidInit
                0x00000756       0x16 MCAL/ADC/ADC.o
                0x00000756                ADC_vidInit
 .text.ADC_u16Read
                0x0000076c       0x22 MCAL/ADC/ADC.o
                0x0000076c                ADC_u16Read
 .text.dio_vidConfigChannel
                0x0000078e       0xfa MCAL/DIO/dio.o
                0x0000078e                dio_vidConfigChannel
 .text.dio_vidWriteChannel
                0x00000888       0xda MCAL/DIO/dio.o
                0x00000888                dio_vidWriteChannel
 .text.dio_vidFlipChannel
                0x00000962       0x68 MCAL/DIO/dio.o
                0x00000962                dio_vidFlipChannel
 .text.dio_dioLevelReadChannel
                0x000009ca       0x64 MCAL/DIO/dio.o
                0x000009ca                dio_dioLevelReadChannel
 .text.EXTINT_voidEnable
                0x00000a2e       0x24 MCAL/EXT_INT/EXT_INT_program.o
                0x00000a2e                EXTINT_voidEnable
 .text.EXTINT_voidMode
                0x00000a52       0xd2 MCAL/EXT_INT/EXT_INT_program.o
                0x00000a52                EXTINT_voidMode
 .text.EXTINT_voidDisable
                0x00000b24       0x24 MCAL/EXT_INT/EXT_INT_program.o
                0x00000b24                EXTINT_voidDisable
 .text.EXTINT_voidGlobalIntEnable
                0x00000b48        0x8 MCAL/EXT_INT/EXT_INT_program.o
                0x00000b48                EXTINT_voidGlobalIntEnable
 .text.__vector_1
                0x00000b50       0x56 MCAL/EXT_INT/EXT_INT_program.o
                0x00000b50                __vector_1
 .text.I2C_Init
                0x00000ba6        0xc MCAL/I2C/I2C.o
                0x00000ba6                I2C_Init
 .text.I2C_Start
                0x00000bb2        0xc MCAL/I2C/I2C.o
                0x00000bb2                I2C_Start
 .text.I2C_Stop
                0x00000bbe        0x6 MCAL/I2C/I2C.o
                0x00000bbe                I2C_Stop
 .text.I2C_Write
                0x00000bc4        0xe MCAL/I2C/I2C.o
                0x00000bc4                I2C_Write
 .text.I2C_Read
                0x00000bd2       0x16 MCAL/I2C/I2C.o
                0x00000bd2                I2C_Read
 .text.PWM_voidInit
                0x00000be8       0xe4 MCAL/PWM/PWM_Program.o
                0x00000be8                PWM_voidInit
 .text.PWM_voidSetOCPin
                0x00000ccc       0x28 MCAL/PWM/PWM_Program.o
                0x00000ccc                PWM_voidSetOCPin
 .text.PWM_voidPhaseFrequencyCorrectSetValues
                0x00000cf4       0x38 MCAL/PWM/PWM_Program.o
                0x00000cf4                PWM_voidPhaseFrequencyCorrectSetValues
 .text.SLEEP_MODEvoidEnable
                0x00000d2c       0x16 MCAL/SLEEP_MODE/SLEEP_MODE.o
                0x00000d2c                SLEEP_MODEvoidEnable
 .text.Timer_voidInitTimer0
                0x00000d42       0x7e MCAL/timer/TIMERS_Program.o
                0x00000d42                Timer_voidInitTimer0
 .text.Timer_voidInitTimer2
                0x00000dc0       0xec MCAL/timer/TIMERS_Program.o
                0x00000dc0                Timer_voidInitTimer2
 .text.Timer_voidStartTimer
                0x00000eac       0x8c MCAL/timer/TIMERS_Program.o
                0x00000eac                Timer_voidStartTimer
 .text.Timer_voidStopTimer
                0x00000f38       0x38 MCAL/timer/TIMERS_Program.o
                0x00000f38                Timer_voidStopTimer
 .text.Timer_voidSetBusyWait_ms
                0x00000f70      0x1de MCAL/timer/TIMERS_Program.o
                0x00000f70                Timer_voidSetBusyWait_ms
 .text.__vector_19
                0x0000114e       0xe6 MCAL/timer/TIMERS_Program.o
                0x0000114e                __vector_19
 .text.__vector_9
                0x00001234       0x52 MCAL/timer/TIMERS_Program.o
                0x00001234                __vector_9
 .text.__vector_8
                0x00001286       0x52 MCAL/timer/TIMERS_Program.o
                0x00001286                __vector_8
 .text.__vector_4
                0x000012d8       0x52 MCAL/timer/TIMERS_Program.o
                0x000012d8                __vector_4
 .text.__vector_5
                0x0000132a       0x52 MCAL/timer/TIMERS_Program.o
                0x0000132a                __vector_5
 .text.avr-libc.fplib
                0x0000137c        0xe c:/program files (x86)/atmel/studio/7.0/toolchain/avr8/avr8-gnu-toolchain/bin/../lib/gcc/avr/5.4.0/../../../../avr/lib/avr5\libm.a(addsf3.o)
                0x0000137c                __subsf3
                0x0000137e                __addsf3
 .text.avr-libc.fplib
                0x0000138a       0xcc c:/program files (x86)/atmel/studio/7.0/toolchain/avr8/avr8-gnu-toolchain/bin/../lib/gcc/avr/5.4.0/../../../../avr/lib/avr5\libm.a(addsf3x.o)
                0x000013ac                __addsf3x
 .text.avr-libc.fplib
                0x00001456        0x8 c:/program files (x86)/atmel/studio/7.0/toolchain/avr8/avr8-gnu-toolchain/bin/../lib/gcc/avr/5.4.0/../../../../avr/lib/avr5\libm.a(divsf3.o)
                0x00001456                __divsf3
 .text.avr-libc.fplib
                0x0000145e       0xdc c:/program files (x86)/atmel/studio/7.0/toolchain/avr8/avr8-gnu-toolchain/bin/../lib/gcc/avr/5.4.0/../../../../avr/lib/avr5\libm.a(divsf3x.o)
                0x0000147e                __divsf3x
                0x00001484                __divsf3_pse
 .text.avr-libc.fplib
                0x0000153a       0x5e c:/program files (x86)/atmel/studio/7.0/toolchain/avr8/avr8-gnu-toolchain/bin/../lib/gcc/avr/5.4.0/../../../../avr/lib/avr5\libm.a(fixunssfsi.o)
                0x0000153a                __fixunssfsi
 .text.avr-libc.fplib
                0x00001598       0x7a c:/program files (x86)/atmel/studio/7.0/toolchain/avr8/avr8-gnu-toolchain/bin/../lib/gcc/avr/5.4.0/../../../../avr/lib/avr5\libm.a(floatsisf.o)
                0x00001598                __floatunsisf
                0x0000159c                __floatsisf
 .text.avr-libc.fplib
                0x00001612        0xc c:/program files (x86)/atmel/studio/7.0/toolchain/avr8/avr8-gnu-toolchain/bin/../lib/gcc/avr/5.4.0/../../../../avr/lib/avr5\libm.a(fp_inf.o)
                0x00001612                __fp_inf
 .text.avr-libc.fplib
                0x0000161e        0x6 c:/program files (x86)/atmel/studio/7.0/toolchain/avr8/avr8-gnu-toolchain/bin/../lib/gcc/avr/5.4.0/../../../../avr/lib/avr5\libm.a(fp_nan.o)
                0x0000161e                __fp_nan
 .text.avr-libc.fplib
                0x00001624        0xe c:/program files (x86)/atmel/studio/7.0/toolchain/avr8/avr8-gnu-toolchain/bin/../lib/gcc/avr/5.4.0/../../../../avr/lib/avr5\libm.a(fp_pscA.o)
                0x00001624                __fp_pscA
 .text.avr-libc.fplib
                0x00001632        0xe c:/program files (x86)/atmel/studio/7.0/toolchain/avr8/avr8-gnu-toolchain/bin/../lib/gcc/avr/5.4.0/../../../../avr/lib/avr5\libm.a(fp_pscB.o)
                0x00001632                __fp_pscB
 .text.avr-libc.fplib
                0x00001640       0x22 c:/program files (x86)/atmel/studio/7.0/toolchain/avr8/avr8-gnu-toolchain/bin/../lib/gcc/avr/5.4.0/../../../../avr/lib/avr5\libm.a(fp_round.o)
                0x00001640                __fp_round
 .text.avr-libc.fplib
                0x00001662       0x44 c:/program files (x86)/atmel/studio/7.0/toolchain/avr8/avr8-gnu-toolchain/bin/../lib/gcc/avr/5.4.0/../../../../avr/lib/avr5\libm.a(fp_split3.o)
                0x00001662                __fp_split3
                0x00001672                __fp_splitA
 .text.avr-libc.fplib
                0x000016a6        0xe c:/program files (x86)/atmel/studio/7.0/toolchain/avr8/avr8-gnu-toolchain/bin/../lib/gcc/avr/5.4.0/../../../../avr/lib/avr5\libm.a(fp_zero.o)
                0x000016a6                __fp_zero
                0x000016a8                __fp_szero
 .text.avr-libc.fplib
                0x000016b4        0x8 c:/program files (x86)/atmel/studio/7.0/toolchain/avr8/avr8-gnu-toolchain/bin/../lib/gcc/avr/5.4.0/../../../../avr/lib/avr5\libm.a(mulsf3.o)
                0x000016b4                __mulsf3
 .text.avr-libc.fplib
                0x000016bc       0xd2 c:/program files (x86)/atmel/studio/7.0/toolchain/avr8/avr8-gnu-toolchain/bin/../lib/gcc/avr/5.4.0/../../../../avr/lib/avr5\libm.a(mulsf3x.o)
                0x000016da                __mulsf3x
                0x000016e0                __mulsf3_pse
 .text.libgcc.div
                0x0000178e       0x44 c:/program files (x86)/atmel/studio/7.0/toolchain/avr8/avr8-gnu-toolchain/bin/../lib/gcc/avr/5.4.0/avr5\libgcc.a(_udivmodsi4.o)
                0x0000178e                __udivmodsi4
 .text.libgcc   0x000017d2        0xc c:/program files (x86)/atmel/studio/7.0/toolchain/avr8/avr8-gnu-toolchain/bin/../lib/gcc/avr/5.4.0/avr5\libgcc.a(_tablejump2.o)
                0x000017d2                __tablejump2__
 .text.avr-libc
                0x000017de       0x44 c:/program files (x86)/atmel/studio/7.0/toolchain/avr8/avr8-gnu-toolchain/bin/../lib/gcc/avr/5.4.0/../../../../avr/lib/avr5\libc.a(sprintf.o)
                0x000017de                sprintf
 .text.avr-libc
                0x00001822      0x3c2 c:/program files (x86)/atmel/studio/7.0/toolchain/avr8/avr8-gnu-toolchain/bin/../lib/gcc/avr/5.4.0/../../../../avr/lib/avr5\libc.a(vfprintf_std.o)
                0x00001822                vfprintf
 .text.avr-libc
                0x00001be4       0x16 c:/program files (x86)/atmel/studio/7.0/toolchain/avr8/avr8-gnu-toolchain/bin/../lib/gcc/avr/5.4.0/../../../../avr/lib/avr5\libc.a(strnlen_P.o)
                0x00001be4                strnlen_P
 .text.avr-libc
                0x00001bfa       0x16 c:/program files (x86)/atmel/studio/7.0/toolchain/avr8/avr8-gnu-toolchain/bin/../lib/gcc/avr/5.4.0/../../../../avr/lib/avr5\libc.a(strnlen.o)
                0x00001bfa                strnlen
 .text.avr-libc
                0x00001c10       0x78 c:/program files (x86)/atmel/studio/7.0/toolchain/avr8/avr8-gnu-toolchain/bin/../lib/gcc/avr/5.4.0/../../../../avr/lib/avr5\libc.a(fputc.o)
                0x00001c10                fputc
 .text.avr-libc
                0x00001c88       0xbc c:/program files (x86)/atmel/studio/7.0/toolchain/avr8/avr8-gnu-toolchain/bin/../lib/gcc/avr/5.4.0/../../../../avr/lib/avr5\libc.a(ultoa_invert.o)
                0x00001c88                __ultoa_invert
 .text.libgcc.prologue
                0x00001d44       0x38 c:/program files (x86)/atmel/studio/7.0/toolchain/avr8/avr8-gnu-toolchain/bin/../lib/gcc/avr/5.4.0/avr5\libgcc.a(_prologue.o)
                0x00001d44                __prologue_saves__
 .text.libgcc.prologue
                0x00001d7c       0x36 c:/program files (x86)/atmel/studio/7.0/toolchain/avr8/avr8-gnu-toolchain/bin/../lib/gcc/avr/5.4.0/avr5\libgcc.a(_epilogue.o)
                0x00001d7c                __epilogue_restores__
                0x00001db2                . = ALIGN (0x2)
 *(.fini9)
 .fini9         0x00001db2        0x0 c:/program files (x86)/atmel/studio/7.0/toolchain/avr8/avr8-gnu-toolchain/bin/../lib/gcc/avr/5.4.0/avr5\libgcc.a(_exit.o)
                0x00001db2                _exit
                0x00001db2                exit
 *(.fini9)
 *(.fini8)
 *(.fini8)
 *(.fini7)
 *(.fini7)
 *(.fini6)
 *(.fini6)
 *(.fini5)
 *(.fini5)
 *(.fini4)
 *(.fini4)
 *(.fini3)
 *(.fini3)
 *(.fini2)
 *(.fini2)
 *(.fini1)
 *(.fini1)
 *(.fini0)
 .fini0         0x00001db2        0x4 c:/program files (x86)/atmel/studio/7.0/toolchain/avr8/avr8-gnu-toolchain/bin/../lib/gcc/avr/5.4.0/avr5\libgcc.a(_exit.o)
 *(.fini0)
                0x00001db6                _etext = .

.data           0x00800060       0x7e load address 0x00001db6
                0x00800060                PROVIDE (__data_start, .)
 *(.data)
 *(.data*)
 .data.AutoLight_Glob_Retstat
                0x00800060        0x1 APP/AUTO_LIGHT/AutoLight.o
                0x00800060                AutoLight_Glob_Retstat
 .data.servo1_config
                0x00800061        0x1 APP/AUTO_WIPE/AutoWiper.o
                0x00800061                servo1_config
 .data.TIMER2Configdelay
                0x00800062        0x3 APP/AUTO_WIPE/AutoWiper.o
                0x00800062                TIMER2Configdelay
 .data.TIMER0DELAY_config
                0x00800065        0x3 APP/main.o
                0x00800065                TIMER0DELAY_config
 .data.__InternalDriverServoMotor__
                0x00800068        0x3 HALL/SERVO_MOTOR/ServoMotor.o
                0x00800068                __InternalDriverServoMotor__
 *(.gnu.linkonce.d*)
 *(.rodata)
 *(.rodata*)
 .rodata.str1.1
                0x0080006b       0x23 APP/AUTO_LIGHT/AutoLight.o
 .rodata.str1.1
                0x0080008e        0x8 APP/AUTO_WIPE/AutoWiper.o
                                  0xd (size before relaxing)
 .rodata.str1.1
                0x00800096       0x19 APP/DateAndTime/RTC_APP.o
 .rodata.str1.1
                0x008000af       0x2e APP/main.o
 *(.gnu.linkonce.r*)
                0x008000de                . = ALIGN (0x2)
 *fill*         0x008000dd        0x1 
                0x008000de                _edata = .
                0x008000de                PROVIDE (__data_end, .)

.bss            0x008000de       0x42
                0x008000de                PROVIDE (__bss_start, .)
 *(.bss)
 *(.bss*)
 .bss.flag.1983
                0x008000de        0x1 APP/AUTO_DETECT/auto_detect_motion.o
 .bss.TimeDelayDone
                0x008000df        0x1 APP/AUTO_DETECT/auto_detect_motion.o
                0x008000df                TimeDelayDone
 .bss.AutoWiper_Glob_AutoWiper_Current_State
                0x008000e0        0x1 APP/AUTO_WIPE/AutoWiper.o
                0x008000e0                AutoWiper_Glob_AutoWiper_Current_State
 .bss.AutoWiper_Glob_AutoWiper_Prev_State
                0x008000e1        0x1 APP/AUTO_WIPE/AutoWiper.o
                0x008000e1                AutoWiper_Glob_AutoWiper_Prev_State
 .bss.Callback_INT0
                0x008000e2        0x2 MCAL/EXT_INT/EXT_INT_program.o
 .bss.TIMER1_Prescaler
                0x008000e4        0x2 MCAL/PWM/PWM_Program.o
 .bss.copy_u16NumberofOverflows.2017
                0x008000e6        0x2 MCAL/timer/TIMERS_Program.o
 .bss.Timer2Prescaler
                0x008000e8        0x2 MCAL/timer/TIMERS_Program.o
 .bss.GLOBAL_ptrToTimer2UserConf
                0x008000ea        0x2 MCAL/timer/TIMERS_Program.o
 .bss.GLOBAL_ptrToTimer1UserConf
                0x008000ec        0x2 MCAL/timer/TIMERS_Program.o
 .bss.Global_u8PWM_Toff
                0x008000ee        0x4 MCAL/timer/TIMERS_Program.o
 .bss.Global_u8PWM_Ton
                0x008000f2        0x4 MCAL/timer/TIMERS_Program.o
 .bss.Global_u8PWM_State
                0x008000f6        0x1 MCAL/timer/TIMERS_Program.o
 .bss.Global_u16NumberOfOverflowsInCTC
                0x008000f7        0x2 MCAL/timer/TIMERS_Program.o
 .bss.Global_u8Timer0Interval
                0x008000f9        0x1 MCAL/timer/TIMERS_Program.o
 .bss.Timer0Prescaler
                0x008000fa        0x2 MCAL/timer/TIMERS_Program.o
 .bss.GLOBAL_ptrToTimer0UserConf
                0x008000fc        0x2 MCAL/timer/TIMERS_Program.o
 *(COMMON)
 COMMON         0x008000fe        0x1 APP/AUTO_DETECT/auto_detect_motion.o
                0x008000fe                fire_alarm
 COMMON         0x008000ff        0x1 APP/AUTO_WIPE/AutoWiper.o
                0x008000ff                AuttoWiper_Glob_Rain_flag
 COMMON         0x00800100       0x14 HALL/RTC/RTC2.o
                0x00800100                buffer
 COMMON         0x00800114        0xc MCAL/timer/TIMERS_Program.o
                0x00800114                TIMER1_IC_Callback
                0x00800116                TIMER1_OV_CallBack
                0x00800118                TIMER2_OV_CallBack
                0x0080011a                TIMER0_CTC_CallBack_Single
                0x0080011c                TIMER0_OV_CallBack
                0x0080011e                TIMER0_CTC_CallBack_Periodic
                0x00800120                PROVIDE (__bss_end, .)
                0x00001db6                __data_load_start = LOADADDR (.data)
                0x00001e34                __data_load_end = (__data_load_start + SIZEOF (.data))

.noinit         0x00800120        0x0
                [!provide]                PROVIDE (__noinit_start, .)
 *(.noinit*)
                [!provide]                PROVIDE (__noinit_end, .)
                0x00800120                _end = .
                [!provide]                PROVIDE (__heap_start, .)

.eeprom         0x00810000        0x0
 *(.eeprom*)
                0x00810000                __eeprom_end = .

.fuse
 *(.fuse)
 *(.lfuse)
 *(.hfuse)
 *(.efuse)

.lock
 *(.lock*)

.signature
 *(.signature*)

.user_signatures
 *(.user_signatures*)

.stab
 *(.stab)

.stabstr
 *(.stabstr)

.stab.excl
 *(.stab.excl)

.stab.exclstr
 *(.stab.exclstr)

.stab.index
 *(.stab.index)

.stab.indexstr
 *(.stab.indexstr)

.comment        0x00000000       0x5c
 *(.comment)
 .comment       0x00000000       0x30 APP/AUTO_DETECT/auto_detect_motion.o
                                 0x31 (size before relaxing)
 .comment       0x00000030       0x31 APP/AUTO_LIGHT/AutoLight.o
 .comment       0x00000030       0x31 APP/AUTO_WIPE/AutoWiper.o
 .comment       0x00000030       0x31 APP/DateAndTime/RTC_APP.o
 .comment       0x00000030       0x31 APP/main.o
 .comment       0x00000030       0x31 HALL/Buzzer/buzzar.o
 .comment       0x00000030       0x31 HALL/LCD/lcd.o
 .comment       0x00000030       0x31 HALL/LDR/LDR.o
 .comment       0x00000030       0x31 HALL/PUSH_BOTTUN/push_botton.o
 .comment       0x00000030       0x31 HALL/RAIN_SENSOR/Rain_Sensor.o
 .comment       0x00000030       0x31 HALL/RTC/RTC2.o
 .comment       0x00000030       0x31 HALL/SERVO_MOTOR/ServoMotor.o
 .comment       0x00000030       0x31 MCAL/ADC/ADC.o
 .comment       0x00000030       0x31 MCAL/DIO/dio.o
 .comment       0x00000030       0x31 MCAL/EXT_INT/EXT_INT_program.o
 .comment       0x00000030       0x31 MCAL/I2C/I2C.o
 .comment       0x00000030       0x31 MCAL/PWM/PWM_Program.o
 .comment       0x00000030       0x31 MCAL/SLEEP_MODE/SLEEP_MODE.o
 .comment       0x00000030       0x31 MCAL/timer/TIMERS_Program.o
 .comment       0x00000030       0x31 c:/program files (x86)/atmel/studio/7.0/toolchain/avr8/avr8-gnu-toolchain/bin/../lib/gcc/avr/5.4.0/../../../../avr/lib/avr5\libc.a(sprintf.o)
 .comment       0x00000030       0x2c c:/program files (x86)/atmel/studio/7.0/toolchain/avr8/avr8-gnu-toolchain/bin/../lib/gcc/avr/5.4.0/../../../../avr/lib/avr5\libc.a(vfprintf_std.o)
                                 0x2d (size before relaxing)
 .comment       0x0000005c       0x31 c:/program files (x86)/atmel/studio/7.0/toolchain/avr8/avr8-gnu-toolchain/bin/../lib/gcc/avr/5.4.0/../../../../avr/lib/avr5\libc.a(fputc.o)

.note.gnu.avr.deviceinfo
                0x00000000       0x3c
 .note.gnu.avr.deviceinfo
                0x00000000       0x3c C:/Program Files (x86)/Atmel/Studio/7.0/Packs/atmel/ATmega_DFP/1.7.374/gcc/dev/atmega32a/avr5/crtatmega32a.o

.note.gnu.build-id
 *(.note.gnu.build-id)

.debug
 *(.debug)

.line
 *(.line)

.debug_srcinfo
 *(.debug_srcinfo)

.debug_sfnames
 *(.debug_sfnames)

.debug_aranges  0x00000000      0x498
 *(.debug_aranges)
 .debug_aranges
                0x00000000       0x48 APP/AUTO_DETECT/auto_detect_motion.o
 .debug_aranges
                0x00000048       0x28 APP/AUTO_LIGHT/AutoLight.o
 .debug_aranges
                0x00000070       0x28 APP/AUTO_WIPE/AutoWiper.o
 .debug_aranges
                0x00000098       0x28 APP/DateAndTime/RTC_APP.o
 .debug_aranges
                0x000000c0       0x20 APP/main.o
 .debug_aranges
                0x000000e0       0x28 HALL/Buzzer/buzzar.o
 .debug_aranges
                0x00000108       0x70 HALL/LCD/lcd.o
 .debug_aranges
                0x00000178       0x20 HALL/LDR/LDR.o
 .debug_aranges
                0x00000198       0x20 HALL/PUSH_BOTTUN/push_botton.o
 .debug_aranges
                0x000001b8       0x28 HALL/RAIN_SENSOR/Rain_Sensor.o
 .debug_aranges
                0x000001e0       0x38 HALL/RTC/RTC2.o
 .debug_aranges
                0x00000218       0x28 HALL/SERVO_MOTOR/ServoMotor.o
 .debug_aranges
                0x00000240       0x28 MCAL/ADC/ADC.o
 .debug_aranges
                0x00000268       0x48 MCAL/DIO/dio.o
 .debug_aranges
                0x000002b0       0x50 MCAL/EXT_INT/EXT_INT_program.o
 .debug_aranges
                0x00000300       0x40 MCAL/I2C/I2C.o
 .debug_aranges
                0x00000340       0x48 MCAL/PWM/PWM_Program.o
 .debug_aranges
                0x00000388       0x20 MCAL/SLEEP_MODE/SLEEP_MODE.o
 .debug_aranges
                0x000003a8       0xf0 MCAL/timer/TIMERS_Program.o

.debug_pubnames
 *(.debug_pubnames)

.debug_info     0x00000000     0x4c15
 *(.debug_info .gnu.linkonce.wi.*)
 .debug_info    0x00000000      0x4e6 C:/Program Files (x86)/Atmel/Studio/7.0/Packs/atmel/ATmega_DFP/1.7.374/gcc/dev/atmega32a/avr5/crtatmega32a.o
 .debug_info    0x000004e6      0x3f7 APP/AUTO_DETECT/auto_detect_motion.o
 .debug_info    0x000008dd      0x387 APP/AUTO_LIGHT/AutoLight.o
 .debug_info    0x00000c64      0x53f APP/AUTO_WIPE/AutoWiper.o
 .debug_info    0x000011a3      0x25b APP/DateAndTime/RTC_APP.o
 .debug_info    0x000013fe      0x5fb APP/main.o
 .debug_info    0x000019f9      0x152 HALL/Buzzer/buzzar.o
 .debug_info    0x00001b4b      0xa9d HALL/LCD/lcd.o
 .debug_info    0x000025e8      0x13c HALL/LDR/LDR.o
 .debug_info    0x00002724      0x10b HALL/PUSH_BOTTUN/push_botton.o
 .debug_info    0x0000282f      0x192 HALL/RAIN_SENSOR/Rain_Sensor.o
 .debug_info    0x000029c1      0x417 HALL/RTC/RTC2.o
 .debug_info    0x00002dd8      0x3d3 HALL/SERVO_MOTOR/ServoMotor.o
 .debug_info    0x000031ab      0x166 MCAL/ADC/ADC.o
 .debug_info    0x00003311      0x2b5 MCAL/DIO/dio.o
 .debug_info    0x000035c6      0x234 MCAL/EXT_INT/EXT_INT_program.o
 .debug_info    0x000037fa      0x102 MCAL/I2C/I2C.o
 .debug_info    0x000038fc      0x4f2 MCAL/PWM/PWM_Program.o
 .debug_info    0x00003dee       0x92 MCAL/SLEEP_MODE/SLEEP_MODE.o
 .debug_info    0x00003e80      0xd95 MCAL/timer/TIMERS_Program.o

.debug_abbrev   0x00000000     0x197e
 *(.debug_abbrev)
 .debug_abbrev  0x00000000      0x4a3 C:/Program Files (x86)/Atmel/Studio/7.0/Packs/atmel/ATmega_DFP/1.7.374/gcc/dev/atmega32a/avr5/crtatmega32a.o
 .debug_abbrev  0x000004a3      0x16e APP/AUTO_DETECT/auto_detect_motion.o
 .debug_abbrev  0x00000611      0x116 APP/AUTO_LIGHT/AutoLight.o
 .debug_abbrev  0x00000727      0x121 APP/AUTO_WIPE/AutoWiper.o
 .debug_abbrev  0x00000848      0x167 APP/DateAndTime/RTC_APP.o
 .debug_abbrev  0x000009af      0x160 APP/main.o
 .debug_abbrev  0x00000b0f       0x7c HALL/Buzzer/buzzar.o
 .debug_abbrev  0x00000b8b      0x254 HALL/LCD/lcd.o
 .debug_abbrev  0x00000ddf       0xc8 HALL/LDR/LDR.o
 .debug_abbrev  0x00000ea7       0xa7 HALL/PUSH_BOTTUN/push_botton.o
 .debug_abbrev  0x00000f4e       0xbd HALL/RAIN_SENSOR/Rain_Sensor.o
 .debug_abbrev  0x0000100b       0xef HALL/RTC/RTC2.o
 .debug_abbrev  0x000010fa      0x134 HALL/SERVO_MOTOR/ServoMotor.o
 .debug_abbrev  0x0000122e       0xb0 MCAL/ADC/ADC.o
 .debug_abbrev  0x000012de       0xec MCAL/DIO/dio.o
 .debug_abbrev  0x000013ca      0x110 MCAL/EXT_INT/EXT_INT_program.o
 .debug_abbrev  0x000014da       0x98 MCAL/I2C/I2C.o
 .debug_abbrev  0x00001572      0x1e7 MCAL/PWM/PWM_Program.o
 .debug_abbrev  0x00001759       0x55 MCAL/SLEEP_MODE/SLEEP_MODE.o
 .debug_abbrev  0x000017ae      0x1d0 MCAL/timer/TIMERS_Program.o

.debug_line     0x00000000     0x2db3
 *(.debug_line .debug_line.* .debug_line_end)
 .debug_line    0x00000000      0x116 C:/Program Files (x86)/Atmel/Studio/7.0/Packs/atmel/ATmega_DFP/1.7.374/gcc/dev/atmega32a/avr5/crtatmega32a.o
 .debug_line    0x00000116      0x2da APP/AUTO_DETECT/auto_detect_motion.o
 .debug_line    0x000003f0      0x1b0 APP/AUTO_LIGHT/AutoLight.o
 .debug_line    0x000005a0      0x23e APP/AUTO_WIPE/AutoWiper.o
 .debug_line    0x000007de      0x1fb APP/DateAndTime/RTC_APP.o
 .debug_line    0x000009d9      0x458 APP/main.o
 .debug_line    0x00000e31       0x97 HALL/Buzzer/buzzar.o
 .debug_line    0x00000ec8      0x4ed HALL/LCD/lcd.o
 .debug_line    0x000013b5       0xb3 HALL/LDR/LDR.o
 .debug_line    0x00001468       0xe9 HALL/PUSH_BOTTUN/push_botton.o
 .debug_line    0x00001551       0xfb HALL/RAIN_SENSOR/Rain_Sensor.o
 .debug_line    0x0000164c      0x191 HALL/RTC/RTC2.o
 .debug_line    0x000017dd      0x177 HALL/SERVO_MOTOR/ServoMotor.o
 .debug_line    0x00001954      0x129 MCAL/ADC/ADC.o
 .debug_line    0x00001a7d      0x272 MCAL/DIO/dio.o
 .debug_line    0x00001cef      0x270 MCAL/EXT_INT/EXT_INT_program.o
 .debug_line    0x00001f5f      0x10a MCAL/I2C/I2C.o
 .debug_line    0x00002069      0x347 MCAL/PWM/PWM_Program.o
 .debug_line    0x000023b0       0x85 MCAL/SLEEP_MODE/SLEEP_MODE.o
 .debug_line    0x00002435      0x97e MCAL/timer/TIMERS_Program.o

.debug_frame    0x00000000      0xacc
 *(.debug_frame)
 .debug_frame   0x00000000       0x7c APP/AUTO_DETECT/auto_detect_motion.o
 .debug_frame   0x0000007c       0x34 APP/AUTO_LIGHT/AutoLight.o
 .debug_frame   0x000000b0       0x34 APP/AUTO_WIPE/AutoWiper.o
 .debug_frame   0x000000e4       0x44 APP/DateAndTime/RTC_APP.o
 .debug_frame   0x00000128       0x24 APP/main.o
 .debug_frame   0x0000014c       0x34 HALL/Buzzer/buzzar.o
 .debug_frame   0x00000180      0x100 HALL/LCD/lcd.o
 .debug_frame   0x00000280       0x30 HALL/LDR/LDR.o
 .debug_frame   0x000002b0       0x24 HALL/PUSH_BOTTUN/push_botton.o
 .debug_frame   0x000002d4       0x34 HALL/RAIN_SENSOR/Rain_Sensor.o
 .debug_frame   0x00000308       0x9c HALL/RTC/RTC2.o
 .debug_frame   0x000003a4       0x4c HALL/SERVO_MOTOR/ServoMotor.o
 .debug_frame   0x000003f0       0x34 MCAL/ADC/ADC.o
 .debug_frame   0x00000424       0x74 MCAL/DIO/dio.o
 .debug_frame   0x00000498       0xcc MCAL/EXT_INT/EXT_INT_program.o
 .debug_frame   0x00000564       0x64 MCAL/I2C/I2C.o
 .debug_frame   0x000005c8       0xa0 MCAL/PWM/PWM_Program.o
 .debug_frame   0x00000668       0x24 MCAL/SLEEP_MODE/SLEEP_MODE.o
 .debug_frame   0x0000068c      0x440 MCAL/timer/TIMERS_Program.o

.debug_str      0x00000000     0x1d31
 *(.debug_str)
 .debug_str     0x00000000      0x196 C:/Program Files (x86)/Atmel/Studio/7.0/Packs/atmel/ATmega_DFP/1.7.374/gcc/dev/atmega32a/avr5/crtatmega32a.o
 .debug_str     0x00000196      0x377 APP/AUTO_DETECT/auto_detect_motion.o
                                0x3bf (size before relaxing)
 .debug_str     0x0000050d      0x195 APP/AUTO_LIGHT/AutoLight.o
                                0x38f (size before relaxing)
 .debug_str     0x000006a2      0x39f APP/AUTO_WIPE/AutoWiper.o
                                0x5fb (size before relaxing)
 .debug_str     0x00000a41       0xac APP/DateAndTime/RTC_APP.o
                                0x250 (size before relaxing)
 .debug_str     0x00000aed       0xe9 APP/main.o
                                0x765 (size before relaxing)
 .debug_str     0x00000bd6       0x18 HALL/Buzzer/buzzar.o
                                0x21c (size before relaxing)
 .debug_str     0x00000bee      0x1b1 HALL/LCD/lcd.o
                                0x478 (size before relaxing)
 .debug_str     0x00000d9f       0x91 HALL/LDR/LDR.o
                                0x227 (size before relaxing)
 .debug_str     0x00000e30       0x59 HALL/PUSH_BOTTUN/push_botton.o
                                0x1e8 (size before relaxing)
 .debug_str     0x00000e89       0x2d HALL/RAIN_SENSOR/Rain_Sensor.o
                                0x27d (size before relaxing)
 .debug_str     0x00000eb6       0x6f HALL/RTC/RTC2.o
                                0x212 (size before relaxing)
 .debug_str     0x00000f25      0x312 HALL/SERVO_MOTOR/ServoMotor.o
                                0x665 (size before relaxing)
 .debug_str     0x00001237       0x44 MCAL/ADC/ADC.o
                                0x26c (size before relaxing)
 .debug_str     0x0000127b       0xc2 MCAL/DIO/dio.o
                                0x2d8 (size before relaxing)
 .debug_str     0x0000133d       0xbc MCAL/EXT_INT/EXT_INT_program.o
                                0x308 (size before relaxing)
 .debug_str     0x000013f9       0x12 MCAL/I2C/I2C.o
                                0x18d (size before relaxing)
 .debug_str     0x0000140b      0x132 MCAL/PWM/PWM_Program.o
                                0x6b7 (size before relaxing)
 .debug_str     0x0000153d       0x25 MCAL/SLEEP_MODE/SLEEP_MODE.o
                                0x181 (size before relaxing)
 .debug_str     0x00001562      0x7cf MCAL/timer/TIMERS_Program.o
                                0xc2c (size before relaxing)

.debug_loc      0x00000000     0x2db8
 *(.debug_loc)
 .debug_loc     0x00000000       0x22 APP/AUTO_DETECT/auto_detect_motion.o
 .debug_loc     0x00000022       0x48 APP/AUTO_LIGHT/AutoLight.o
 .debug_loc     0x0000006a       0x90 APP/DateAndTime/RTC_APP.o
 .debug_loc     0x000000fa       0x48 APP/main.o
 .debug_loc     0x00000142      0x6b9 HALL/LCD/lcd.o
 .debug_loc     0x000007fb       0x73 HALL/LDR/LDR.o
 .debug_loc     0x0000086e       0x42 HALL/PUSH_BOTTUN/push_botton.o
 .debug_loc     0x000008b0       0x13 HALL/RAIN_SENSOR/Rain_Sensor.o
 .debug_loc     0x000008c3      0x32b HALL/RTC/RTC2.o
 .debug_loc     0x00000bee      0x1ec HALL/SERVO_MOTOR/ServoMotor.o
 .debug_loc     0x00000dda       0x78 MCAL/ADC/ADC.o
 .debug_loc     0x00000e52      0x469 MCAL/DIO/dio.o
 .debug_loc     0x000012bb      0x273 MCAL/EXT_INT/EXT_INT_program.o
 .debug_loc     0x0000152e       0x4e MCAL/I2C/I2C.o
 .debug_loc     0x0000157c      0x4ce MCAL/PWM/PWM_Program.o
 .debug_loc     0x00001a4a       0x21 MCAL/SLEEP_MODE/SLEEP_MODE.o
 .debug_loc     0x00001a6b     0x134d MCAL/timer/TIMERS_Program.o

.debug_macinfo
 *(.debug_macinfo)

.debug_weaknames
 *(.debug_weaknames)

.debug_funcnames
 *(.debug_funcnames)

.debug_typenames
 *(.debug_typenames)

.debug_varnames
 *(.debug_varnames)

.debug_pubtypes
 *(.debug_pubtypes)

.debug_ranges   0x00000000      0x380
 *(.debug_ranges)
 .debug_ranges  0x00000000       0x38 APP/AUTO_DETECT/auto_detect_motion.o
 .debug_ranges  0x00000038       0x18 APP/AUTO_LIGHT/AutoLight.o
 .debug_ranges  0x00000050       0x18 APP/AUTO_WIPE/AutoWiper.o
 .debug_ranges  0x00000068       0x18 APP/DateAndTime/RTC_APP.o
 .debug_ranges  0x00000080       0x10 APP/main.o
 .debug_ranges  0x00000090       0x18 HALL/Buzzer/buzzar.o
 .debug_ranges  0x000000a8       0x60 HALL/LCD/lcd.o
 .debug_ranges  0x00000108       0x10 HALL/LDR/LDR.o
 .debug_ranges  0x00000118       0x10 HALL/PUSH_BOTTUN/push_botton.o
 .debug_ranges  0x00000128       0x18 HALL/RAIN_SENSOR/Rain_Sensor.o
 .debug_ranges  0x00000140       0x28 HALL/RTC/RTC2.o
 .debug_ranges  0x00000168       0x18 HALL/SERVO_MOTOR/ServoMotor.o
 .debug_ranges  0x00000180       0x18 MCAL/ADC/ADC.o
 .debug_ranges  0x00000198       0x38 MCAL/DIO/dio.o
 .debug_ranges  0x000001d0       0x40 MCAL/EXT_INT/EXT_INT_program.o
 .debug_ranges  0x00000210       0x30 MCAL/I2C/I2C.o
 .debug_ranges  0x00000240       0x50 MCAL/PWM/PWM_Program.o
 .debug_ranges  0x00000290       0x10 MCAL/SLEEP_MODE/SLEEP_MODE.o
 .debug_ranges  0x000002a0       0xe0 MCAL/timer/TIMERS_Program.o

.debug_macro
 *(.debug_macro)
OUTPUT(Final_ADAS.elf elf32-avr)
LOAD linker stubs
