Archive member included to satisfy reference by file (symbol)

c:/st/stm32cubeide_1.4.0/stm32cubeide/plugins/com.st.stm32cube.ide.mcu.externaltools.gnu-tools-for-stm32.7-2018-q2-update.win32_1.4.0.202007081208/tools/bin/../lib/gcc/arm-none-eabi/7.3.1/../../../../arm-none-eabi/lib/thumb/v7e-m/fpv4-sp/hard\libc_nano.a(lib_a-errno.o)
                              Src/syscalls.o (__errno)
c:/st/stm32cubeide_1.4.0/stm32cubeide/plugins/com.st.stm32cube.ide.mcu.externaltools.gnu-tools-for-stm32.7-2018-q2-update.win32_1.4.0.202007081208/tools/bin/../lib/gcc/arm-none-eabi/7.3.1/../../../../arm-none-eabi/lib/thumb/v7e-m/fpv4-sp/hard\libc_nano.a(lib_a-exit.o)
                              c:/st/stm32cubeide_1.4.0/stm32cubeide/plugins/com.st.stm32cube.ide.mcu.externaltools.gnu-tools-for-stm32.7-2018-q2-update.win32_1.4.0.202007081208/tools/bin/../lib/gcc/arm-none-eabi/7.3.1/../../../../arm-none-eabi/lib/thumb/v7e-m/fpv4-sp/hard/crt0.o (exit)
c:/st/stm32cubeide_1.4.0/stm32cubeide/plugins/com.st.stm32cube.ide.mcu.externaltools.gnu-tools-for-stm32.7-2018-q2-update.win32_1.4.0.202007081208/tools/bin/../lib/gcc/arm-none-eabi/7.3.1/../../../../arm-none-eabi/lib/thumb/v7e-m/fpv4-sp/hard\libc_nano.a(lib_a-impure.o)
                              c:/st/stm32cubeide_1.4.0/stm32cubeide/plugins/com.st.stm32cube.ide.mcu.externaltools.gnu-tools-for-stm32.7-2018-q2-update.win32_1.4.0.202007081208/tools/bin/../lib/gcc/arm-none-eabi/7.3.1/../../../../arm-none-eabi/lib/thumb/v7e-m/fpv4-sp/hard\libc_nano.a(lib_a-exit.o) (_global_impure_ptr)
c:/st/stm32cubeide_1.4.0/stm32cubeide/plugins/com.st.stm32cube.ide.mcu.externaltools.gnu-tools-for-stm32.7-2018-q2-update.win32_1.4.0.202007081208/tools/bin/../lib/gcc/arm-none-eabi/7.3.1/../../../../arm-none-eabi/lib/thumb/v7e-m/fpv4-sp/hard\libc_nano.a(lib_a-init.o)
                              c:/st/stm32cubeide_1.4.0/stm32cubeide/plugins/com.st.stm32cube.ide.mcu.externaltools.gnu-tools-for-stm32.7-2018-q2-update.win32_1.4.0.202007081208/tools/bin/../lib/gcc/arm-none-eabi/7.3.1/../../../../arm-none-eabi/lib/thumb/v7e-m/fpv4-sp/hard/crt0.o (__libc_init_array)
c:/st/stm32cubeide_1.4.0/stm32cubeide/plugins/com.st.stm32cube.ide.mcu.externaltools.gnu-tools-for-stm32.7-2018-q2-update.win32_1.4.0.202007081208/tools/bin/../lib/gcc/arm-none-eabi/7.3.1/../../../../arm-none-eabi/lib/thumb/v7e-m/fpv4-sp/hard\libc_nano.a(lib_a-memset.o)
                              c:/st/stm32cubeide_1.4.0/stm32cubeide/plugins/com.st.stm32cube.ide.mcu.externaltools.gnu-tools-for-stm32.7-2018-q2-update.win32_1.4.0.202007081208/tools/bin/../lib/gcc/arm-none-eabi/7.3.1/../../../../arm-none-eabi/lib/thumb/v7e-m/fpv4-sp/hard/crt0.o (memset)
c:/st/stm32cubeide_1.4.0/stm32cubeide/plugins/com.st.stm32cube.ide.mcu.externaltools.gnu-tools-for-stm32.7-2018-q2-update.win32_1.4.0.202007081208/tools/bin/../lib/gcc/arm-none-eabi/7.3.1/thumb/v7e-m/fpv4-sp/hard\libgcc.a(_arm_addsubdf3.o)
                              Inc/HAL/US/US.o (__aeabi_dadd)
c:/st/stm32cubeide_1.4.0/stm32cubeide/plugins/com.st.stm32cube.ide.mcu.externaltools.gnu-tools-for-stm32.7-2018-q2-update.win32_1.4.0.202007081208/tools/bin/../lib/gcc/arm-none-eabi/7.3.1/thumb/v7e-m/fpv4-sp/hard\libgcc.a(_arm_muldivdf3.o)
                              Inc/HAL/US/US.o (__aeabi_dmul)
c:/st/stm32cubeide_1.4.0/stm32cubeide/plugins/com.st.stm32cube.ide.mcu.externaltools.gnu-tools-for-stm32.7-2018-q2-update.win32_1.4.0.202007081208/tools/bin/../lib/gcc/arm-none-eabi/7.3.1/thumb/v7e-m/fpv4-sp/hard\libgcc.a(_arm_fixunsdfsi.o)
                              Inc/HAL/US/US.o (__aeabi_d2uiz)

Allocating common symbols
Common symbol       size              file

GlobalP2F_TIM17     0x10              Inc/MCAL/ICU/ICU_program.o
GlobalP2F_TIM4      0x10              Inc/MCAL/ICU/ICU_program.o
_V2I_UART_PORT_     0x20              Inc/SERVICES/C6_TrafficLightV2I/C6_TrafficLight_V2I.o
GlobalP2F_TIM2      0x10              Inc/MCAL/ICU/ICU_program.o
STK_u8ModeOfInterval
                    0x1               Inc/MCAL/STK/STK_program.o

Discarded input sections

 .text          0x0000000000000000        0x0 c:/st/stm32cubeide_1.4.0/stm32cubeide/plugins/com.st.stm32cube.ide.mcu.externaltools.gnu-tools-for-stm32.7-2018-q2-update.win32_1.4.0.202007081208/tools/bin/../lib/gcc/arm-none-eabi/7.3.1/thumb/v7e-m/fpv4-sp/hard/crti.o
 .data          0x0000000000000000        0x0 c:/st/stm32cubeide_1.4.0/stm32cubeide/plugins/com.st.stm32cube.ide.mcu.externaltools.gnu-tools-for-stm32.7-2018-q2-update.win32_1.4.0.202007081208/tools/bin/../lib/gcc/arm-none-eabi/7.3.1/thumb/v7e-m/fpv4-sp/hard/crti.o
 .bss           0x0000000000000000        0x0 c:/st/stm32cubeide_1.4.0/stm32cubeide/plugins/com.st.stm32cube.ide.mcu.externaltools.gnu-tools-for-stm32.7-2018-q2-update.win32_1.4.0.202007081208/tools/bin/../lib/gcc/arm-none-eabi/7.3.1/thumb/v7e-m/fpv4-sp/hard/crti.o
[...]
Memory Configuration

Name             Origin             Length             Attributes
RAM              0x0000000020000000 0x0000000000010000 xrw
ROM              0x0000000008000000 0x0000000000080000 xr
*default*        0x0000000000000000 0xffffffffffffffff

Linker script and memory map

LOAD c:/st/stm32cubeide_1.4.0/stm32cubeide/plugins/com.st.stm32cube.ide.mcu.externaltools.gnu-tools-for-stm32.7-2018-q2-update.win32_1.4.0.202007081208/tools/bin/../lib/gcc/arm-none-eabi/7.3.1/thumb/v7e-m/fpv4-sp/hard/crti.o
LOAD c:/st/stm32cubeide_1.4.0/stm32cubeide/plugins/com.st.stm32cube.ide.mcu.externaltools.gnu-tools-for-stm32.7-2018-q2-update.win32_1.4.0.202007081208/tools/bin/../lib/gcc/arm-none-eabi/7.3.1/thumb/v7e-m/fpv4-sp/hard/crtbegin.o
LOAD c:/st/stm32cubeide_1.4.0/stm32cubeide/plugins/com.st.stm32cube.ide.mcu.externaltools.gnu-tools-for-stm32.7-2018-q2-update.win32_1.4.0.202007081208/tools/bin/../lib/gcc/arm-none-eabi/7.3.1/../../../../arm-none-eabi/lib/thumb/v7e-m/fpv4-sp/hard/crt0.o
LOAD Inc/APP/APP1_UsrControlled/APP1_UsrControlled.o
LOAD Inc/HAL/DCMOTOR/DCMOTOR.o
LOAD Inc/HAL/US/US.o
LOAD Inc/LIB/SW_Delay.o
LOAD Inc/MCAL/GPIO/GPIO_program.o
LOAD Inc/MCAL/ICU/ICU_program.o
LOAD Inc/MCAL/NVIC/nvic.o
LOAD Inc/MCAL/PWM/PWM_program.o
LOAD Inc/MCAL/RCC/RCC_program.o
LOAD Inc/MCAL/STK/STK_program.o
LOAD Inc/MCAL/UART/USART_program.o
LOAD Inc/SERVICES/C1_US_SLCT/C1_US_SLCT.o
LOAD Inc/SERVICES/C2_VCLE_CNTRL/C2_VCLE_CNTRL.o
LOAD Inc/SERVICES/C3_VCLE_ALIGN/C3_VCLE_ALIGN.o
LOAD Inc/SERVICES/C4_SLOT_FIND/C4_SLOT_FIND.o
LOAD Inc/SERVICES/C5_PARKING/C5_PARKING.o
LOAD Inc/SERVICES/C6_TrafficLightV2I/C6_TrafficLight_V2I.o
LOAD Inc/SERVICES/SYS_DIG_Mng/SYS_DIG_MNG.o
LOAD Src/main.o
LOAD Src/syscalls.o
LOAD Src/sysmem.o
LOAD Startup/startup_stm32f303retx.o
START GROUP
LOAD c:/st/stm32cubeide_1.4.0/stm32cubeide/plugins/com.st.stm32cube.ide.mcu.externaltools.gnu-tools-for-stm32.7-2018-q2-update.win32_1.4.0.202007081208/tools/bin/../lib/gcc/arm-none-eabi/7.3.1/../../../../arm-none-eabi/lib/thumb/v7e-m/fpv4-sp/hard\libc_nano.a
LOAD c:/st/stm32cubeide_1.4.0/stm32cubeide/plugins/com.st.stm32cube.ide.mcu.externaltools.gnu-tools-for-stm32.7-2018-q2-update.win32_1.4.0.202007081208/tools/bin/../lib/gcc/arm-none-eabi/7.3.1/../../../../arm-none-eabi/lib/thumb/v7e-m/fpv4-sp/hard\libm.a
END GROUP
START GROUP
LOAD c:/st/stm32cubeide_1.4.0/stm32cubeide/plugins/com.st.stm32cube.ide.mcu.externaltools.gnu-tools-for-stm32.7-2018-q2-update.win32_1.4.0.202007081208/tools/bin/../lib/gcc/arm-none-eabi/7.3.1/thumb/v7e-m/fpv4-sp/hard\libgcc.a
LOAD c:/st/stm32cubeide_1.4.0/stm32cubeide/plugins/com.st.stm32cube.ide.mcu.externaltools.gnu-tools-for-stm32.7-2018-q2-update.win32_1.4.0.202007081208/tools/bin/../lib/gcc/arm-none-eabi/7.3.1/../../../../arm-none-eabi/lib/thumb/v7e-m/fpv4-sp/hard\libc_nano.a
END GROUP
START GROUP
LOAD c:/st/stm32cubeide_1.4.0/stm32cubeide/plugins/com.st.stm32cube.ide.mcu.externaltools.gnu-tools-for-stm32.7-2018-q2-update.win32_1.4.0.202007081208/tools/bin/../lib/gcc/arm-none-eabi/7.3.1/thumb/v7e-m/fpv4-sp/hard\libgcc.a
LOAD c:/st/stm32cubeide_1.4.0/stm32cubeide/plugins/com.st.stm32cube.ide.mcu.externaltools.gnu-tools-for-stm32.7-2018-q2-update.win32_1.4.0.202007081208/tools/bin/../lib/gcc/arm-none-eabi/7.3.1/../../../../arm-none-eabi/lib/thumb/v7e-m/fpv4-sp/hard\libc_nano.a
LOAD c:/st/stm32cubeide_1.4.0/stm32cubeide/plugins/com.st.stm32cube.ide.mcu.externaltools.gnu-tools-for-stm32.7-2018-q2-update.win32_1.4.0.202007081208/tools/bin/../lib/gcc/arm-none-eabi/7.3.1/../../../../arm-none-eabi/lib/thumb/v7e-m/fpv4-sp/hard\libnosys.a
END GROUP
START GROUP
LOAD c:/st/stm32cubeide_1.4.0/stm32cubeide/plugins/com.st.stm32cube.ide.mcu.externaltools.gnu-tools-for-stm32.7-2018-q2-update.win32_1.4.0.202007081208/tools/bin/../lib/gcc/arm-none-eabi/7.3.1/thumb/v7e-m/fpv4-sp/hard\libgcc.a
LOAD c:/st/stm32cubeide_1.4.0/stm32cubeide/plugins/com.st.stm32cube.ide.mcu.externaltools.gnu-tools-for-stm32.7-2018-q2-update.win32_1.4.0.202007081208/tools/bin/../lib/gcc/arm-none-eabi/7.3.1/../../../../arm-none-eabi/lib/thumb/v7e-m/fpv4-sp/hard\libc_nano.a
LOAD c:/st/stm32cubeide_1.4.0/stm32cubeide/plugins/com.st.stm32cube.ide.mcu.externaltools.gnu-tools-for-stm32.7-2018-q2-update.win32_1.4.0.202007081208/tools/bin/../lib/gcc/arm-none-eabi/7.3.1/../../../../arm-none-eabi/lib/thumb/v7e-m/fpv4-sp/hard\libnosys.a
END GROUP
LOAD c:/st/stm32cubeide_1.4.0/stm32cubeide/plugins/com.st.stm32cube.ide.mcu.externaltools.gnu-tools-for-stm32.7-2018-q2-update.win32_1.4.0.202007081208/tools/bin/../lib/gcc/arm-none-eabi/7.3.1/thumb/v7e-m/fpv4-sp/hard/crtend.o
LOAD c:/st/stm32cubeide_1.4.0/stm32cubeide/plugins/com.st.stm32cube.ide.mcu.externaltools.gnu-tools-for-stm32.7-2018-q2-update.win32_1.4.0.202007081208/tools/bin/../lib/gcc/arm-none-eabi/7.3.1/thumb/v7e-m/fpv4-sp/hard/crtn.o
                0x0000000020010000                _estack = (ORIGIN (RAM) + LENGTH (RAM))
                0x0000000000000200                _Min_Heap_Size = 0x200
                0x0000000000000400                _Min_Stack_Size = 0x400

.isr_vector     0x0000000008000000      0x194
                0x0000000008000000                . = ALIGN (0x4)
 *(.isr_vector)
 .isr_vector    0x0000000008000000      0x194 Startup/startup_stm32f303retx.o
                0x0000000008000000                g_pfnVectors
                0x0000000008000194                . = ALIGN (0x4)

.text           0x0000000008000198     0x33e8
                0x0000000008000198                . = ALIGN (0x4)
 *(.text)
 .text          0x0000000008000198       0x40 c:/st/stm32cubeide_1.4.0/stm32cubeide/plugins/com.st.stm32cube.ide.mcu.externaltools.gnu-tools-for-stm32.7-2018-q2-update.win32_1.4.0.202007081208/tools/bin/../lib/gcc/arm-none-eabi/7.3.1/thumb/v7e-m/fpv4-sp/hard/crtbegin.o
 .text          0x00000000080001d8      0x378 c:/st/stm32cubeide_1.4.0/stm32cubeide/plugins/com.st.stm32cube.ide.mcu.externaltools.gnu-tools-for-stm32.7-2018-q2-update.win32_1.4.0.202007081208/tools/bin/../lib/gcc/arm-none-eabi/7.3.1/thumb/v7e-m/fpv4-sp/hard\libgcc.a(_arm_addsubdf3.o)
                0x00000000080001d8                __aeabi_drsub
                0x00000000080001e0                __aeabi_dsub
                0x00000000080001e0                __subdf3
                0x00000000080001e4                __aeabi_dadd
                0x00000000080001e4                __adddf3
                0x000000000800045c                __floatunsidf
                0x000000000800045c                __aeabi_ui2d
                0x000000000800047c                __floatsidf
                0x000000000800047c                __aeabi_i2d
                0x00000000080004a0                __aeabi_f2d
                0x00000000080004a0                __extendsfdf2
                0x00000000080004e4                __floatundidf
                0x00000000080004e4                __aeabi_ul2d
                0x00000000080004f4                __floatdidf
                0x00000000080004f4                __aeabi_l2d
 .text          0x0000000008000550      0x424 c:/st/stm32cubeide_1.4.0/stm32cubeide/plugins/com.st.stm32cube.ide.mcu.externaltools.gnu-tools-for-stm32.7-2018-q2-update.win32_1.4.0.202007081208/tools/bin/../lib/gcc/arm-none-eabi/7.3.1/thumb/v7e-m/fpv4-sp/hard\libgcc.a(_arm_muldivdf3.o)
                0x0000000008000550                __aeabi_dmul
                0x0000000008000550                __muldf3
                0x00000000080007a4                __divdf3
                0x00000000080007a4                __aeabi_ddiv
 .text          0x0000000008000974       0x40 c:/st/stm32cubeide_1.4.0/stm32cubeide/plugins/com.st.stm32cube.ide.mcu.externaltools.gnu-tools-for-stm32.7-2018-q2-update.win32_1.4.0.202007081208/tools/bin/../lib/gcc/arm-none-eabi/7.3.1/thumb/v7e-m/fpv4-sp/hard\libgcc.a(_arm_fixunsdfsi.o)
                0x0000000008000974                __aeabi_d2uiz
                0x0000000008000974                __fixunsdfsi
 *(.text*)
 .text.APP1_voidSetup
                0x00000000080009b4       0x6c Inc/APP/APP1_UsrControlled/APP1_UsrControlled.o
                0x00000000080009b4                APP1_voidSetup
 .text.APP1_voidControlVehcileThroughBTL
                0x0000000008000a20      0x1c0 Inc/APP/APP1_UsrControlled/APP1_UsrControlled.o
                0x0000000008000a20                APP1_voidControlVehcileThroughBTL
 .text.DCMOTOR_voidInit
                0x0000000008000be0       0xf4 Inc/HAL/DCMOTOR/DCMOTOR.o
                0x0000000008000be0                DCMOTOR_voidInit
 .text.DCMOTOR_voidSetDirection
                0x0000000008000cd4       0x94 Inc/HAL/DCMOTOR/DCMOTOR.o
                0x0000000008000cd4                DCMOTOR_voidSetDirection
 .text.DCMOTOR_voidSetSpeed
                0x0000000008000d68       0x38 Inc/HAL/DCMOTOR/DCMOTOR.o
                0x0000000008000d68                DCMOTOR_voidSetSpeed
 .text.ICU_TIM2_EdgeCallback
                0x0000000008000da0      0x12c Inc/HAL/US/US.o
 .text.US_voidInit
                0x0000000008000ecc      0x100 Inc/HAL/US/US.o
                0x0000000008000ecc                US_voidInit
 *fill*         0x0000000008000fcc        0x4 
 .text.US_voidGetDistanceSynch
                0x0000000008000fd0      0x15c Inc/HAL/US/US.o
                0x0000000008000fd0                US_voidGetDistanceSynch
 .text.delay_init
                0x000000000800112c        0xc Inc/LIB/SW_Delay.o
                0x000000000800112c                delay_init
 .text.delay_us
                0x0000000008001138       0x1a Inc/LIB/SW_Delay.o
                0x0000000008001138                delay_us
 .text.delay_ms
                0x0000000008001152       0x1a Inc/LIB/SW_Delay.o
                0x0000000008001152                delay_ms
 .text.GPIO_voidSetPinDirection
                0x000000000800116c      0x41c Inc/MCAL/GPIO/GPIO_program.o
                0x000000000800116c                GPIO_voidSetPinDirection
 .text.GPIO_voidSetPinValue
                0x0000000008001588       0xe8 Inc/MCAL/GPIO/GPIO_program.o
                0x0000000008001588                GPIO_voidSetPinValue
 .text.GPIO_voidSetAFIO
                0x0000000008001670      0x160 Inc/MCAL/GPIO/GPIO_program.o
                0x0000000008001670                GPIO_voidSetAFIO
 .text.ICU_voidInit
                0x00000000080017d0      0x7a0 Inc/MCAL/ICU/ICU_program.o
                0x00000000080017d0                ICU_voidInit
 .text.ICU_voidGetCapturedValueSynch
                0x0000000008001f70      0x120 Inc/MCAL/ICU/ICU_program.o
                0x0000000008001f70                ICU_voidGetCapturedValueSynch
 .text.ICU_voidGetCapturedValueAsynch
                0x0000000008002090       0x60 Inc/MCAL/ICU/ICU_program.o
                0x0000000008002090                ICU_voidGetCapturedValueAsynch
 .text.ICU_voidDisableChannelIRQ
                0x00000000080020f0      0x138 Inc/MCAL/ICU/ICU_program.o
                0x00000000080020f0                ICU_voidDisableChannelIRQ
 .text.ICU_voidResetTimer
                0x0000000008002228       0x4c Inc/MCAL/ICU/ICU_program.o
                0x0000000008002228                ICU_voidResetTimer
 .text.TIM2_IRQHandler
                0x0000000008002274       0xb0 Inc/MCAL/ICU/ICU_program.o
                0x0000000008002274                TIM2_IRQHandler
 .text.TIM4_IRQHandler
                0x0000000008002324       0x3c Inc/MCAL/ICU/ICU_program.o
                0x0000000008002324                TIM4_IRQHandler
 .text.nvic_enableInterrupt
                0x0000000008002360       0x48 Inc/MCAL/NVIC/nvic.o
                0x0000000008002360                nvic_enableInterrupt
 .text.PWM_voidInit
                0x00000000080023a8      0x18c Inc/MCAL/PWM/PWM_program.o
                0x00000000080023a8                PWM_voidInit
 .text.PWM_voidSetDutyCycle
                0x0000000008002534       0x38 Inc/MCAL/PWM/PWM_program.o
                0x0000000008002534                PWM_voidSetDutyCycle
 .text.RCC_voidEnableClock
                0x000000000800256c       0x80 Inc/MCAL/RCC/RCC_program.o
                0x000000000800256c                RCC_voidEnableClock
 .text.RCC_voidInitSysClocks
                0x00000000080025ec       0x50 Inc/MCAL/RCC/RCC_program.o
                0x00000000080025ec                RCC_voidInitSysClocks
 .text.STK_u32ConfigInterval
                0x000000000800263c       0x28 Inc/MCAL/STK/STK_program.o
 .text.STK_voidInit
                0x0000000008002664       0x20 Inc/MCAL/STK/STK_program.o
                0x0000000008002664                STK_voidInit
 .text.STK_voidSetBusyWait_MS
                0x0000000008002684       0x68 Inc/MCAL/STK/STK_program.o
                0x0000000008002684                STK_voidSetBusyWait_MS
 .text.STK_voidSetBusyWait_US
                0x00000000080026ec       0x6c Inc/MCAL/STK/STK_program.o
                0x00000000080026ec                STK_voidSetBusyWait_US
 .text.SysTick_Handler
                0x0000000008002758       0x60 Inc/MCAL/STK/STK_program.o
                0x0000000008002758                SysTick_Handler
 .text.USART_voidInit
                0x00000000080027b8       0xd0 Inc/MCAL/UART/USART_program.o
                0x00000000080027b8                USART_voidInit
 .text.USART_voidReceiveDataSynch
                0x0000000008002888       0x7c Inc/MCAL/UART/USART_program.o
                0x0000000008002888                USART_voidReceiveDataSynch
 .text.USART_voidBuadRateCalc
                0x0000000008002904       0xb8 Inc/MCAL/UART/USART_program.o
                0x0000000008002904                USART_voidBuadRateCalc
 .text.USART_voidSetPins
                0x00000000080029bc       0xb8 Inc/MCAL/UART/USART_program.o
                0x00000000080029bc                USART_voidSetPins
 .text.USART1_EXTI25_IRQHandler
                0x0000000008002a74       0x38 Inc/MCAL/UART/USART_program.o
                0x0000000008002a74                USART1_EXTI25_IRQHandler
 .text.APPC1_Init
                0x0000000008002aac       0x54 Inc/SERVICES/C1_US_SLCT/C1_US_SLCT.o
                0x0000000008002aac                APPC1_Init
 .text.APPC1_SelectUltrasonc
                0x0000000008002b00       0x7c Inc/SERVICES/C1_US_SLCT/C1_US_SLCT.o
                0x0000000008002b00                APPC1_SelectUltrasonc
 .text.C4_StaticGetFourDistance
                0x0000000008002b7c      0x11c Inc/SERVICES/C1_US_SLCT/C1_US_SLCT.o
                0x0000000008002b7c                C4_StaticGetFourDistance
 .text.C2VCONTROL_voidInit
                0x0000000008002c98       0x8c Inc/SERVICES/C2_VCLE_CNTRL/C2_VCLE_CNTRL.o
                0x0000000008002c98                C2VCONTROL_voidInit
 .text.C2VCONTROL_voidChangeDirection
                0x0000000008002d24      0x18c Inc/SERVICES/C2_VCLE_CNTRL/C2_VCLE_CNTRL.o
                0x0000000008002d24                C2VCONTROL_voidChangeDirection
 .text.C4SLTFIND_voidInit
                0x0000000008002eb0        0xe Inc/SERVICES/C4_SLOT_FIND/C4_SLOT_FIND.o
                0x0000000008002eb0                C4SLTFIND_voidInit
 *fill*         0x0000000008002ebe        0x2 
 .text.C4SLTFIND_voidSearchingforSlot
                0x0000000008002ec0      0x128 Inc/SERVICES/C4_SLOT_FIND/C4_SLOT_FIND.o
                0x0000000008002ec0                C4SLTFIND_voidSearchingforSlot
 .text.C5VCLEPRK_voidInitParking
                0x0000000008002fe8        0xc Inc/SERVICES/C5_PARKING/C5_PARKING.o
                0x0000000008002fe8                C5VCLEPRK_voidInitParking
 .text.C5VCLEPRK_voidStartParking
                0x0000000008002ff4      0x228 Inc/SERVICES/C5_PARKING/C5_PARKING.o
                0x0000000008002ff4                C5VCLEPRK_voidStartParking
 .text.C6TL_voidTrafficV2I_init
                0x000000000800321c       0x68 Inc/SERVICES/C6_TrafficLightV2I/C6_TrafficLight_V2I.o
                0x000000000800321c                C6TL_voidTrafficV2I_init
 .text.C6TL_voidStartV2I
                0x0000000008003284       0x58 Inc/SERVICES/C6_TrafficLightV2I/C6_TrafficLight_V2I.o
                0x0000000008003284                C6TL_voidStartV2I
 .text.DIGMngr_voidInit
                0x00000000080032dc        0xe Inc/SERVICES/SYS_DIG_Mng/SYS_DIG_MNG.o
                0x00000000080032dc                DIGMngr_voidInit
 *fill*         0x00000000080032ea        0x2 
 .text.DIGMngr_voidLoggError
                0x00000000080032ec       0x4c Inc/SERVICES/SYS_DIG_Mng/SYS_DIG_MNG.o
                0x00000000080032ec                DIGMngr_voidLoggError
 .text.main     0x0000000008003338      0x194 Src/main.o
                0x0000000008003338                main
 .text.Reset_Handler
                0x00000000080034cc       0x50 Startup/startup_stm32f303retx.o
                0x00000000080034cc                Reset_Handler
 .text.Default_Handler
                0x000000000800351c        0x2 Startup/startup_stm32f303retx.o
                0x000000000800351c                TIM8_TRG_COM_IRQHandler
                0x000000000800351c                TIM8_CC_IRQHandler
                0x000000000800351c                DebugMon_Handler
                0x000000000800351c                DMA1_CH4_IRQHandler
                0x000000000800351c                SPI4_IRQHandler
                0x000000000800351c                TIM1_CC_IRQHandler
                0x000000000800351c                HardFault_Handler
                0x000000000800351c                USB_HP_IRQHandler
                0x000000000800351c                I2C2_EV_EXTI24_IRQHandler
                0x000000000800351c                USB_WKUP_EXTI_IRQHandler
                0x000000000800351c                PVD_IRQHandler
                0x000000000800351c                UART4_EXTI34_IRQHandler
                0x000000000800351c                TAMP_STAMP_IRQHandler
                0x000000000800351c                PendSV_Handler
                0x000000000800351c                NMI_Handler
                0x000000000800351c                EXTI3_IRQHandler
                0x000000000800351c                I2C3_ER_IRQHandler
                0x000000000800351c                TIM6_DACUNDER_IRQHandler
                0x000000000800351c                USB_HP_CAN_TX_IRQHandler
                0x000000000800351c                EXTI0_IRQHandler
                0x000000000800351c                DMA2_CH1_IRQHandler
                0x000000000800351c                FPU_IRQHandler
                0x000000000800351c                TIM1_UP_TIM16_IRQHandler
                0x000000000800351c                UsageFault_Handler
                0x000000000800351c                ADC1_2_IRQHandler
                0x000000000800351c                SPI1_IRQHandler
                0x000000000800351c                CAN_SCE_IRQHandler
                0x000000000800351c                DMA1_CH7_IRQHandler
                0x000000000800351c                TIM8_UP_IRQHandler
                0x000000000800351c                COMP456_IRQHandler
                0x000000000800351c                DMA1_CH6_IRQHandler
                0x000000000800351c                TIM20_TRG_COM_IRQHandler
                0x000000000800351c                ADC3_IRQHandler
                0x000000000800351c                CAN_RX1_IRQHandler
                0x000000000800351c                DMA2_CH5_IRQHandler
                0x000000000800351c                I2C1_EV_EXTI23_IRQHandler
                0x000000000800351c                DMA1_CH3_IRQHandler
                0x000000000800351c                TIM3_IRQHandler
                0x000000000800351c                RCC_IRQHandler
                0x000000000800351c                TIM20_UP_IRQHandler
                0x000000000800351c                Default_Handler
                0x000000000800351c                EXTI15_10_IRQHandler
                0x000000000800351c                USART2_EXTI26_IRQHandler
                0x000000000800351c                USART3_EXTI28_IRQHandler
                0x000000000800351c                TIM7_IRQHandler
                0x000000000800351c                I2C3_EV_IRQHandler
                0x000000000800351c                EXTI9_5_IRQHandler
                0x000000000800351c                DMA1_CH2_IRQHandler
                0x000000000800351c                RTC_WKUP_IRQHandler
                0x000000000800351c                SPI2_IRQHandler
                0x000000000800351c                DMA1_CH1_IRQHandler
                0x000000000800351c                USB_LP_CAN_RX0_IRQHandler
                0x000000000800351c                MemManage_Handler
                0x000000000800351c                COMP123_IRQHandler
                0x000000000800351c                SVC_Handler
                0x000000000800351c                USB_LP_IRQHandler
                0x000000000800351c                EXTI4_IRQHandler
                0x000000000800351c                TIM1_TRG_COM_TIM17_IRQHandler
                0x000000000800351c                ADC4_IRQHandler
                0x000000000800351c                WWDG_IRQHandler
                0x000000000800351c                COMP7_IRQHandler
                0x000000000800351c                EXTI1_IRQHandler
                0x000000000800351c                RTCAlarm_IRQHandler
                0x000000000800351c                UART5_EXTI35_IRQHandler
                0x000000000800351c                TIM20_BRK_IRQHandler
                0x000000000800351c                I2C2_ER_IRQHandler
                0x000000000800351c                TIM8_BRK_IRQHandler
                0x000000000800351c                FLASH_IRQHandler
                0x000000000800351c                TIM20_CC_IRQHandler
                0x000000000800351c                BusFault_Handler
                0x000000000800351c                SPI3_IRQHandler
                0x000000000800351c                DMA2_CH3_IRQHandler
                0x000000000800351c                DMA2_CH2_IRQHandler
                0x000000000800351c                I2C1_ER_IRQHandler
                0x000000000800351c                FMC_IRQHandler
                0x000000000800351c                DMA1_CH5_IRQHandler
                0x000000000800351c                DMA2_CH4_IRQHandler
                0x000000000800351c                USB_WKUP_IRQHandler
                0x000000000800351c                EXTI2_TSC_IRQHandler
                0x000000000800351c                TIM1_BRK_TIM15_IRQHandler
 *fill*         0x000000000800351e        0x2 
 .text.__libc_init_array
                0x0000000008003520       0x48 c:/st/stm32cubeide_1.4.0/stm32cubeide/plugins/com.st.stm32cube.ide.mcu.externaltools.gnu-tools-for-stm32.7-2018-q2-update.win32_1.4.0.202007081208/tools/bin/../lib/gcc/arm-none-eabi/7.3.1/../../../../arm-none-eabi/lib/thumb/v7e-m/fpv4-sp/hard\libc_nano.a(lib_a-init.o)
                0x0000000008003520                __libc_init_array
 *(.glue_7)
 .glue_7        0x0000000008003568        0x0 linker stubs
 *(.glue_7t)
 .glue_7t       0x0000000008003568        0x0 linker stubs
 *(.eh_frame)
 .eh_frame      0x0000000008003568        0x0 c:/st/stm32cubeide_1.4.0/stm32cubeide/plugins/com.st.stm32cube.ide.mcu.externaltools.gnu-tools-for-stm32.7-2018-q2-update.win32_1.4.0.202007081208/tools/bin/../lib/gcc/arm-none-eabi/7.3.1/thumb/v7e-m/fpv4-sp/hard/crtbegin.o
 *(.init)
 .init          0x0000000008003568        0x4 c:/st/stm32cubeide_1.4.0/stm32cubeide/plugins/com.st.stm32cube.ide.mcu.externaltools.gnu-tools-for-stm32.7-2018-q2-update.win32_1.4.0.202007081208/tools/bin/../lib/gcc/arm-none-eabi/7.3.1/thumb/v7e-m/fpv4-sp/hard/crti.o
                0x0000000008003568                _init
 .init          0x000000000800356c        0x8 c:/st/stm32cubeide_1.4.0/stm32cubeide/plugins/com.st.stm32cube.ide.mcu.externaltools.gnu-tools-for-stm32.7-2018-q2-update.win32_1.4.0.202007081208/tools/bin/../lib/gcc/arm-none-eabi/7.3.1/thumb/v7e-m/fpv4-sp/hard/crtn.o
 *(.fini)
 .fini          0x0000000008003574        0x4 c:/st/stm32cubeide_1.4.0/stm32cubeide/plugins/com.st.stm32cube.ide.mcu.externaltools.gnu-tools-for-stm32.7-2018-q2-update.win32_1.4.0.202007081208/tools/bin/../lib/gcc/arm-none-eabi/7.3.1/thumb/v7e-m/fpv4-sp/hard/crti.o
                0x0000000008003574                _fini
 .fini          0x0000000008003578        0x8 c:/st/stm32cubeide_1.4.0/stm32cubeide/plugins/com.st.stm32cube.ide.mcu.externaltools.gnu-tools-for-stm32.7-2018-q2-update.win32_1.4.0.202007081208/tools/bin/../lib/gcc/arm-none-eabi/7.3.1/thumb/v7e-m/fpv4-sp/hard/crtn.o
                0x0000000008003580                . = ALIGN (0x4)
                0x0000000008003580                _etext = .

.vfp11_veneer   0x0000000008003580        0x0
 .vfp11_veneer  0x0000000008003580        0x0 linker stubs

.v4_bx          0x0000000008003580        0x0
 .v4_bx         0x0000000008003580        0x0 linker stubs

.iplt           0x0000000008003580        0x0
 .iplt          0x0000000008003580        0x0 c:/st/stm32cubeide_1.4.0/stm32cubeide/plugins/com.st.stm32cube.ide.mcu.externaltools.gnu-tools-for-stm32.7-2018-q2-update.win32_1.4.0.202007081208/tools/bin/../lib/gcc/arm-none-eabi/7.3.1/thumb/v7e-m/fpv4-sp/hard/crtbegin.o

.rel.dyn        0x0000000008003580        0x0
 .rel.iplt      0x0000000008003580        0x0 c:/st/stm32cubeide_1.4.0/stm32cubeide/plugins/com.st.stm32cube.ide.mcu.externaltools.gnu-tools-for-stm32.7-2018-q2-update.win32_1.4.0.202007081208/tools/bin/../lib/gcc/arm-none-eabi/7.3.1/thumb/v7e-m/fpv4-sp/hard/crtbegin.o

.rodata         0x0000000008003580        0x0
                0x0000000008003580                . = ALIGN (0x4)
 *(.rodata)
 *(.rodata*)
                0x0000000008003580                . = ALIGN (0x4)

.ARM.extab      0x0000000008003580        0x0
                0x0000000008003580                . = ALIGN (0x4)
 *(.ARM.extab* .gnu.linkonce.armextab.*)
                0x0000000008003580                . = ALIGN (0x4)

.ARM            0x0000000008003580        0x0
                0x0000000008003580                . = ALIGN (0x4)
                0x0000000008003580                __exidx_start = .
 *(.ARM.exidx*)
                0x0000000008003580                __exidx_end = .
                0x0000000008003580                . = ALIGN (0x4)

.preinit_array  0x0000000008003580        0x0
                0x0000000008003580                . = ALIGN (0x4)
                0x0000000008003580                PROVIDE (__preinit_array_start = .)
 *(.preinit_array*)
                0x0000000008003580                PROVIDE (__preinit_array_end = .)
                0x0000000008003580                . = ALIGN (0x4)

.init_array     0x0000000008003580        0x4
                0x0000000008003580                . = ALIGN (0x4)
                0x0000000008003580                PROVIDE (__init_array_start = .)
 *(SORT_BY_NAME(.init_array.*))
 *(.init_array*)
 .init_array    0x0000000008003580        0x4 c:/st/stm32cubeide_1.4.0/stm32cubeide/plugins/com.st.stm32cube.ide.mcu.externaltools.gnu-tools-for-stm32.7-2018-q2-update.win32_1.4.0.202007081208/tools/bin/../lib/gcc/arm-none-eabi/7.3.1/thumb/v7e-m/fpv4-sp/hard/crtbegin.o
                0x0000000008003584                PROVIDE (__init_array_end = .)
                0x0000000008003584                . = ALIGN (0x4)

.fini_array     0x0000000008003584        0x4
                0x0000000008003584                . = ALIGN (0x4)
                [!provide]                        PROVIDE (__fini_array_start = .)
 *(SORT_BY_NAME(.fini_array.*))
 *(.fini_array*)
 .fini_array    0x0000000008003584        0x4 c:/st/stm32cubeide_1.4.0/stm32cubeide/plugins/com.st.stm32cube.ide.mcu.externaltools.gnu-tools-for-stm32.7-2018-q2-update.win32_1.4.0.202007081208/tools/bin/../lib/gcc/arm-none-eabi/7.3.1/thumb/v7e-m/fpv4-sp/hard/crtbegin.o
                [!provide]                        PROVIDE (__fini_array_end = .)
                0x0000000008003588                . = ALIGN (0x4)
                0x0000000008003588                _sidata = LOADADDR (.data)

.data           0x0000000020000000        0x0 load address 0x0000000008003588
                0x0000000020000000                . = ALIGN (0x4)
                0x0000000020000000                _sdata = .
 *(.data)
 *(.data*)
                0x0000000020000000                . = ALIGN (0x4)
                0x0000000020000000                _edata = .

.igot.plt       0x0000000020000000        0x0 load address 0x0000000008003588
 .igot.plt      0x0000000020000000        0x0 c:/st/stm32cubeide_1.4.0/stm32cubeide/plugins/com.st.stm32cube.ide.mcu.externaltools.gnu-tools-for-stm32.7-2018-q2-update.win32_1.4.0.202007081208/tools/bin/../lib/gcc/arm-none-eabi/7.3.1/thumb/v7e-m/fpv4-sp/hard/crtbegin.o
                0x0000000020000000                . = ALIGN (0x4)

.bss            0x0000000020000000      0x13c load address 0x0000000008003588
                0x0000000020000000                _sbss = .
                0x0000000020000000                __bss_start__ = _sbss
 *(.bss)
 .bss           0x0000000020000000       0x1c c:/st/stm32cubeide_1.4.0/stm32cubeide/plugins/com.st.stm32cube.ide.mcu.externaltools.gnu-tools-for-stm32.7-2018-q2-update.win32_1.4.0.202007081208/tools/bin/../lib/gcc/arm-none-eabi/7.3.1/thumb/v7e-m/fpv4-sp/hard/crtbegin.o
 *(.bss*)
 .bss._APP1_UART1_
                0x000000002000001c       0x20 Inc/APP/APP1_UsrControlled/APP1_UsrControlled.o
 .bss.LOC_u8defaultSpeed.5575
                0x000000002000003c        0x1 Inc/APP/APP1_UsrControlled/APP1_UsrControlled.o
 *fill*         0x000000002000003d        0x3 
 .bss._Global_PWM_Timer3_Inst
                0x0000000020000040        0xc Inc/HAL/DCMOTOR/DCMOTOR.o
 .bss.Global_ICU_TIMx
                0x000000002000004c       0x10 Inc/HAL/US/US.o
 .bss.Global_US_Config
                0x000000002000005c       0x40 Inc/HAL/US/US.o
 .bss.Is_Timer_Busy
                0x000000002000009c        0x4 Inc/HAL/US/US.o
 .bss.Is_First_Captured.5580
                0x00000000200000a0        0x1 Inc/HAL/US/US.o
 *fill*         0x00000000200000a1        0x3 
 .bss.IC_Val1.5577
                0x00000000200000a4        0x4 Inc/HAL/US/US.o
 .bss.IC_Val2.5578
                0x00000000200000a8        0x4 Inc/HAL/US/US.o
 .bss.Difference.5579
                0x00000000200000ac        0x4 Inc/HAL/US/US.o
 .bss.Glob_STKCallback
                0x00000000200000b0        0x4 Inc/MCAL/STK/STK_program.o
                0x00000000200000b0                Glob_STKCallback
 .bss.Global_USART_Config
                0x00000000200000b4        0xc Inc/MCAL/UART/USART_program.o
 .bss.Global_UltraSonics
                0x00000000200000c0       0x10 Inc/SERVICES/C1_US_SLCT/C1_US_SLCT.o
 .bss._Global_Back_Motor
                0x00000000200000d0        0x6 Inc/SERVICES/C2_VCLE_CNTRL/C2_VCLE_CNTRL.o
 *fill*         0x00000000200000d6        0x2 
 .bss._Global_Front_Motor
                0x00000000200000d8        0x6 Inc/SERVICES/C2_VCLE_CNTRL/C2_VCLE_CNTRL.o
 *fill*         0x00000000200000de        0x2 
 .bss.Global_Logged_Error_Arr
                0x00000000200000e0        0x6 Inc/SERVICES/SYS_DIG_Mng/SYS_DIG_MNG.o
 *(COMMON)
 *fill*         0x00000000200000e6        0x2 
 COMMON         0x00000000200000e8       0x30 Inc/MCAL/ICU/ICU_program.o
                0x00000000200000e8                GlobalP2F_TIM17
                0x00000000200000f8                GlobalP2F_TIM4
                0x0000000020000108                GlobalP2F_TIM2
 COMMON         0x0000000020000118        0x1 Inc/MCAL/STK/STK_program.o
                0x0000000020000118                STK_u8ModeOfInterval
 *fill*         0x0000000020000119        0x3 
 COMMON         0x000000002000011c       0x20 Inc/SERVICES/C6_TrafficLightV2I/C6_TrafficLight_V2I.o
                0x000000002000011c                _V2I_UART_PORT_
                0x000000002000013c                . = ALIGN (0x4)
                0x000000002000013c                _ebss = .
                0x000000002000013c                __bss_end__ = _ebss

._user_heap_stack
                0x000000002000013c      0x604 load address 0x0000000008003588
                0x0000000020000140                . = ALIGN (0x8)
 *fill*         0x000000002000013c        0x4 
                [!provide]                        PROVIDE (end = .)
                0x0000000020000140                PROVIDE (_end = .)
                0x0000000020000340                . = (. + _Min_Heap_Size)
 *fill*         0x0000000020000140      0x200 
                0x0000000020000740                . = (. + _Min_Stack_Size)
 *fill*         0x0000000020000340      0x400 
                0x0000000020000740                . = ALIGN (0x8)

/DISCARD/
 libc.a(*)
 libm.a(*)
 libgcc.a(*)

.ARM.attributes
                0x0000000000000000       0x30
 *(.ARM.attributes)
 .ARM.attributes
                0x0000000000000000       0x22 c:/st/stm32cubeide_1.4.0/stm32cubeide/plugins/com.st.stm32cube.ide.mcu.externaltools.gnu-tools-for-stm32.7-2018-q2-update.win32_1.4.0.202007081208/tools/bin/../lib/gcc/arm-none-eabi/7.3.1/thumb/v7e-m/fpv4-sp/hard/crti.o
 .ARM.attributes
                0x0000000000000022       0x34 c:/st/stm32cubeide_1.4.0/stm32cubeide/plugins/com.st.stm32cube.ide.mcu.externaltools.gnu-tools-for-stm32.7-2018-q2-update.win32_1.4.0.202007081208/tools/bin/../lib/gcc/arm-none-eabi/7.3.1/thumb/v7e-m/fpv4-sp/hard/crtbegin.o
 .ARM.attributes
                0x0000000000000056       0x39 Inc/APP/APP1_UsrControlled/APP1_UsrControlled.o
 .ARM.attributes
                0x000000000000008f       0x39 Inc/HAL/DCMOTOR/DCMOTOR.o
 .ARM.attributes
                0x00000000000000c8       0x39 Inc/HAL/US/US.o
 .ARM.attributes
                0x0000000000000101       0x39 Inc/LIB/SW_Delay.o
 .ARM.attributes
                0x000000000000013a       0x39 Inc/MCAL/GPIO/GPIO_program.o
 .ARM.attributes
                0x0000000000000173       0x39 Inc/MCAL/ICU/ICU_program.o
 .ARM.attributes
                0x00000000000001ac       0x39 Inc/MCAL/NVIC/nvic.o
 .ARM.attributes
                0x00000000000001e5       0x39 Inc/MCAL/PWM/PWM_program.o
 .ARM.attributes
                0x000000000000021e       0x39 Inc/MCAL/RCC/RCC_program.o
 .ARM.attributes
                0x0000000000000257       0x39 Inc/MCAL/STK/STK_program.o
 .ARM.attributes
                0x0000000000000290       0x39 Inc/MCAL/UART/USART_program.o
 .ARM.attributes
                0x00000000000002c9       0x39 Inc/SERVICES/C1_US_SLCT/C1_US_SLCT.o
 .ARM.attributes
                0x0000000000000302       0x39 Inc/SERVICES/C2_VCLE_CNTRL/C2_VCLE_CNTRL.o
 .ARM.attributes
                0x000000000000033b       0x39 Inc/SERVICES/C4_SLOT_FIND/C4_SLOT_FIND.o
 .ARM.attributes
                0x0000000000000374       0x39 Inc/SERVICES/C5_PARKING/C5_PARKING.o
 .ARM.attributes
                0x00000000000003ad       0x39 Inc/SERVICES/C6_TrafficLightV2I/C6_TrafficLight_V2I.o
 .ARM.attributes
                0x00000000000003e6       0x39 Inc/SERVICES/SYS_DIG_Mng/SYS_DIG_MNG.o
 .ARM.attributes
                0x000000000000041f       0x39 Src/main.o
 .ARM.attributes
                0x0000000000000458       0x21 Startup/startup_stm32f303retx.o
 .ARM.attributes
                0x0000000000000479       0x34 c:/st/stm32cubeide_1.4.0/stm32cubeide/plugins/com.st.stm32cube.ide.mcu.externaltools.gnu-tools-for-stm32.7-2018-q2-update.win32_1.4.0.202007081208/tools/bin/../lib/gcc/arm-none-eabi/7.3.1/../../../../arm-none-eabi/lib/thumb/v7e-m/fpv4-sp/hard\libc_nano.a(lib_a-init.o)
 .ARM.attributes
                0x00000000000004ad       0x22 c:/st/stm32cubeide_1.4.0/stm32cubeide/plugins/com.st.stm32cube.ide.mcu.externaltools.gnu-tools-for-stm32.7-2018-q2-update.win32_1.4.0.202007081208/tools/bin/../lib/gcc/arm-none-eabi/7.3.1/thumb/v7e-m/fpv4-sp/hard\libgcc.a(_arm_addsubdf3.o)
 .ARM.attributes
                0x00000000000004cf       0x22 c:/st/stm32cubeide_1.4.0/stm32cubeide/plugins/com.st.stm32cube.ide.mcu.externaltools.gnu-tools-for-stm32.7-2018-q2-update.win32_1.4.0.202007081208/tools/bin/../lib/gcc/arm-none-eabi/7.3.1/thumb/v7e-m/fpv4-sp/hard\libgcc.a(_arm_muldivdf3.o)
 .ARM.attributes
                0x00000000000004f1       0x22 c:/st/stm32cubeide_1.4.0/stm32cubeide/plugins/com.st.stm32cube.ide.mcu.externaltools.gnu-tools-for-stm32.7-2018-q2-update.win32_1.4.0.202007081208/tools/bin/../lib/gcc/arm-none-eabi/7.3.1/thumb/v7e-m/fpv4-sp/hard\libgcc.a(_arm_fixunsdfsi.o)
 .ARM.attributes
                0x0000000000000513       0x22 c:/st/stm32cubeide_1.4.0/stm32cubeide/plugins/com.st.stm32cube.ide.mcu.externaltools.gnu-tools-for-stm32.7-2018-q2-update.win32_1.4.0.202007081208/tools/bin/../lib/gcc/arm-none-eabi/7.3.1/thumb/v7e-m/fpv4-sp/hard/crtn.o
OUTPUT(Auto_Parking.elf elf32-littlearm)

.debug_info     0x0000000000000000     0x3bee
 .debug_info    0x0000000000000000      0x3e6 Inc/APP/APP1_UsrControlled/APP1_UsrControlled.o
 .debug_info    0x00000000000003e6      0x3b8 Inc/HAL/DCMOTOR/DCMOTOR.o
 .debug_info    0x000000000000079e      0x611 Inc/HAL/US/US.o
 .debug_info    0x0000000000000daf       0xd1 Inc/LIB/SW_Delay.o
 .debug_info    0x0000000000000e80      0x495 Inc/MCAL/GPIO/GPIO_program.o
 .debug_info    0x0000000000001315      0x5b2 Inc/MCAL/ICU/ICU_program.o
 .debug_info    0x00000000000018c7      0x15e Inc/MCAL/NVIC/nvic.o
 .debug_info    0x0000000000001a25      0x30c Inc/MCAL/PWM/PWM_program.o
 .debug_info    0x0000000000001d31      0x113 Inc/MCAL/RCC/RCC_program.o
 .debug_info    0x0000000000001e44      0x496 Inc/MCAL/STK/STK_program.o
 .debug_info    0x00000000000022da      0x797 Inc/MCAL/UART/USART_program.o
 .debug_info    0x0000000000002a71      0x3d4 Inc/SERVICES/C1_US_SLCT/C1_US_SLCT.o
 .debug_info    0x0000000000002e45      0x27d Inc/SERVICES/C2_VCLE_CNTRL/C2_VCLE_CNTRL.o
 .debug_info    0x00000000000030c2      0x22a Inc/SERVICES/C4_SLOT_FIND/C4_SLOT_FIND.o
 .debug_info    0x00000000000032ec      0x186 Inc/SERVICES/C5_PARKING/C5_PARKING.o
 .debug_info    0x0000000000003472      0x3d5 Inc/SERVICES/C6_TrafficLightV2I/C6_TrafficLight_V2I.o
 .debug_info    0x0000000000003847      0x142 Inc/SERVICES/SYS_DIG_Mng/SYS_DIG_MNG.o
 .debug_info    0x0000000000003989      0x243 Src/main.o
 .debug_info    0x0000000000003bcc       0x22 Startup/startup_stm32f303retx.o

.debug_abbrev   0x0000000000000000     0x11c6
 .debug_abbrev  0x0000000000000000       0xed Inc/APP/APP1_UsrControlled/APP1_UsrControlled.o
 .debug_abbrev  0x00000000000000ed       0xdd Inc/HAL/DCMOTOR/DCMOTOR.o
 .debug_abbrev  0x00000000000001ca      0x14f Inc/HAL/US/US.o
 .debug_abbrev  0x0000000000000319       0x70 Inc/LIB/SW_Delay.o
 .debug_abbrev  0x0000000000000389      0x150 Inc/MCAL/GPIO/GPIO_program.o
 .debug_abbrev  0x00000000000004d9      0x183 Inc/MCAL/ICU/ICU_program.o
 .debug_abbrev  0x000000000000065c       0xc2 Inc/MCAL/NVIC/nvic.o
 .debug_abbrev  0x000000000000071e      0x103 Inc/MCAL/PWM/PWM_program.o
 .debug_abbrev  0x0000000000000821       0xaf Inc/MCAL/RCC/RCC_program.o
 .debug_abbrev  0x00000000000008d0      0x1ba Inc/MCAL/STK/STK_program.o
 .debug_abbrev  0x0000000000000a8a      0x17f Inc/MCAL/UART/USART_program.o
 .debug_abbrev  0x0000000000000c09       0xfe Inc/SERVICES/C1_US_SLCT/C1_US_SLCT.o
 .debug_abbrev  0x0000000000000d07       0xc2 Inc/SERVICES/C2_VCLE_CNTRL/C2_VCLE_CNTRL.o
 .debug_abbrev  0x0000000000000dc9       0x99 Inc/SERVICES/C4_SLOT_FIND/C4_SLOT_FIND.o
 .debug_abbrev  0x0000000000000e62       0x99 Inc/SERVICES/C5_PARKING/C5_PARKING.o
 .debug_abbrev  0x0000000000000efb      0x107 Inc/SERVICES/C6_TrafficLightV2I/C6_TrafficLight_V2I.o
 .debug_abbrev  0x0000000000001002       0xd4 Inc/SERVICES/SYS_DIG_Mng/SYS_DIG_MNG.o
 .debug_abbrev  0x00000000000010d6       0xde Src/main.o
 .debug_abbrev  0x00000000000011b4       0x12 Startup/startup_stm32f303retx.o

.debug_aranges  0x0000000000000000      0x480
 .debug_aranges
                0x0000000000000000       0x28 Inc/APP/APP1_UsrControlled/APP1_UsrControlled.o
 .debug_aranges
                0x0000000000000028       0x30 Inc/HAL/DCMOTOR/DCMOTOR.o
 .debug_aranges
                0x0000000000000058       0x38 Inc/HAL/US/US.o
 .debug_aranges
                0x0000000000000090       0x30 Inc/LIB/SW_Delay.o
 .debug_aranges
                0x00000000000000c0       0x50 Inc/MCAL/GPIO/GPIO_program.o
 .debug_aranges
                0x0000000000000110       0x68 Inc/MCAL/ICU/ICU_program.o
 .debug_aranges
                0x0000000000000178       0x40 Inc/MCAL/NVIC/nvic.o
 .debug_aranges
                0x00000000000001b8       0x28 Inc/MCAL/PWM/PWM_program.o
 .debug_aranges
                0x00000000000001e0       0x30 Inc/MCAL/RCC/RCC_program.o
 .debug_aranges
                0x0000000000000210       0xa8 Inc/MCAL/STK/STK_program.o
 .debug_aranges
                0x00000000000002b8       0x70 Inc/MCAL/UART/USART_program.o
 .debug_aranges
                0x0000000000000328       0x38 Inc/SERVICES/C1_US_SLCT/C1_US_SLCT.o
 .debug_aranges
                0x0000000000000360       0x28 Inc/SERVICES/C2_VCLE_CNTRL/C2_VCLE_CNTRL.o
 .debug_aranges
                0x0000000000000388       0x30 Inc/SERVICES/C4_SLOT_FIND/C4_SLOT_FIND.o
 .debug_aranges
                0x00000000000003b8       0x28 Inc/SERVICES/C5_PARKING/C5_PARKING.o
 .debug_aranges
                0x00000000000003e0       0x28 Inc/SERVICES/C6_TrafficLightV2I/C6_TrafficLight_V2I.o
 .debug_aranges
                0x0000000000000408       0x30 Inc/SERVICES/SYS_DIG_Mng/SYS_DIG_MNG.o
 .debug_aranges
                0x0000000000000438       0x20 Src/main.o
 .debug_aranges
                0x0000000000000458       0x28 Startup/startup_stm32f303retx.o

.debug_ranges   0x0000000000000000      0x358
 .debug_ranges  0x0000000000000000       0x18 Inc/APP/APP1_UsrControlled/APP1_UsrControlled.o
 .debug_ranges  0x0000000000000018       0x20 Inc/HAL/DCMOTOR/DCMOTOR.o
 .debug_ranges  0x0000000000000038       0x28 Inc/HAL/US/US.o
 .debug_ranges  0x0000000000000060       0x20 Inc/LIB/SW_Delay.o
 .debug_ranges  0x0000000000000080       0x40 Inc/MCAL/GPIO/GPIO_program.o
 .debug_ranges  0x00000000000000c0       0x58 Inc/MCAL/ICU/ICU_program.o
 .debug_ranges  0x0000000000000118       0x30 Inc/MCAL/NVIC/nvic.o
 .debug_ranges  0x0000000000000148       0x18 Inc/MCAL/PWM/PWM_program.o
 .debug_ranges  0x0000000000000160       0x20 Inc/MCAL/RCC/RCC_program.o
 .debug_ranges  0x0000000000000180       0x98 Inc/MCAL/STK/STK_program.o
 .debug_ranges  0x0000000000000218       0x60 Inc/MCAL/UART/USART_program.o
 .debug_ranges  0x0000000000000278       0x28 Inc/SERVICES/C1_US_SLCT/C1_US_SLCT.o
 .debug_ranges  0x00000000000002a0       0x18 Inc/SERVICES/C2_VCLE_CNTRL/C2_VCLE_CNTRL.o
 .debug_ranges  0x00000000000002b8       0x20 Inc/SERVICES/C4_SLOT_FIND/C4_SLOT_FIND.o
 .debug_ranges  0x00000000000002d8       0x18 Inc/SERVICES/C5_PARKING/C5_PARKING.o
 .debug_ranges  0x00000000000002f0       0x18 Inc/SERVICES/C6_TrafficLightV2I/C6_TrafficLight_V2I.o
 .debug_ranges  0x0000000000000308       0x20 Inc/SERVICES/SYS_DIG_Mng/SYS_DIG_MNG.o
 .debug_ranges  0x0000000000000328       0x10 Src/main.o
 .debug_ranges  0x0000000000000338       0x20 Startup/startup_stm32f303retx.o

.debug_macro    0x0000000000000000     0x1b44
 .debug_macro   0x0000000000000000       0x5b Inc/APP/APP1_UsrControlled/APP1_UsrControlled.o
 .debug_macro   0x000000000000005b      0xa66 Inc/APP/APP1_UsrControlled/APP1_UsrControlled.o
 .debug_macro   0x0000000000000ac1       0x16 Inc/APP/APP1_UsrControlled/APP1_UsrControlled.o
 .debug_macro   0x0000000000000ad7       0x2e Inc/APP/APP1_UsrControlled/APP1_UsrControlled.o
 .debug_macro   0x0000000000000b05       0x2e Inc/APP/APP1_UsrControlled/APP1_UsrControlled.o
 .debug_macro   0x0000000000000b33       0x10 Inc/APP/APP1_UsrControlled/APP1_UsrControlled.o
 .debug_macro   0x0000000000000b43       0x52 Inc/APP/APP1_UsrControlled/APP1_UsrControlled.o
 .debug_macro   0x0000000000000b95       0x10 Inc/APP/APP1_UsrControlled/APP1_UsrControlled.o
 .debug_macro   0x0000000000000ba5       0x5b Inc/HAL/DCMOTOR/DCMOTOR.o
 .debug_macro   0x0000000000000c00       0xc4 Inc/HAL/DCMOTOR/DCMOTOR.o
 .debug_macro   0x0000000000000cc4       0x68 Inc/HAL/US/US.o
 .debug_macro   0x0000000000000d2c       0xc4 Inc/HAL/US/US.o
 .debug_macro   0x0000000000000df0       0x10 Inc/HAL/US/US.o
 .debug_macro   0x0000000000000e00       0x22 Inc/HAL/US/US.o
 .debug_macro   0x0000000000000e22       0x1c Inc/HAL/US/US.o
 .debug_macro   0x0000000000000e3e       0x43 Inc/LIB/SW_Delay.o
 .debug_macro   0x0000000000000e81       0x16 Inc/LIB/SW_Delay.o
 .debug_macro   0x0000000000000e97       0x48 Inc/MCAL/GPIO/GPIO_program.o
 .debug_macro   0x0000000000000edf       0x3a Inc/MCAL/GPIO/GPIO_program.o
 .debug_macro   0x0000000000000f19       0x64 Inc/MCAL/ICU/ICU_program.o
 .debug_macro   0x0000000000000f7d      0x175 Inc/MCAL/ICU/ICU_program.o
 .debug_macro   0x00000000000010f2       0x2c Inc/MCAL/NVIC/nvic.o
 .debug_macro   0x000000000000111e       0x70 Inc/MCAL/NVIC/nvic.o
 .debug_macro   0x000000000000118e       0x16 Inc/MCAL/NVIC/nvic.o
 .debug_macro   0x00000000000011a4       0x2e Inc/MCAL/NVIC/nvic.o
 .debug_macro   0x00000000000011d2       0x49 Inc/MCAL/PWM/PWM_program.o
 .debug_macro   0x000000000000121b       0x4c Inc/MCAL/RCC/RCC_program.o
 .debug_macro   0x0000000000001267       0x34 Inc/MCAL/RCC/RCC_program.o
 .debug_macro   0x000000000000129b      0x304 Inc/MCAL/RCC/RCC_program.o
 .debug_macro   0x000000000000159f       0x47 Inc/MCAL/STK/STK_program.o
 .debug_macro   0x00000000000015e6       0x16 Inc/MCAL/STK/STK_program.o
 .debug_macro   0x00000000000015fc       0x34 Inc/MCAL/STK/STK_program.o
 .debug_macro   0x0000000000001630       0x6d Inc/MCAL/UART/USART_program.o
 .debug_macro   0x000000000000169d       0x2e Inc/MCAL/UART/USART_program.o
 .debug_macro   0x00000000000016cb       0x5b Inc/SERVICES/C1_US_SLCT/C1_US_SLCT.o
 .debug_macro   0x0000000000001726       0x22 Inc/SERVICES/C1_US_SLCT/C1_US_SLCT.o
 .debug_macro   0x0000000000001748       0x3a Inc/SERVICES/C1_US_SLCT/C1_US_SLCT.o
 .debug_macro   0x0000000000001782       0x22 Inc/SERVICES/C1_US_SLCT/C1_US_SLCT.o
 .debug_macro   0x00000000000017a4       0x76 Inc/SERVICES/C2_VCLE_CNTRL/C2_VCLE_CNTRL.o
 .debug_macro   0x000000000000181a       0x87 Inc/SERVICES/C4_SLOT_FIND/C4_SLOT_FIND.o
 .debug_macro   0x00000000000018a1       0x8d Inc/SERVICES/C5_PARKING/C5_PARKING.o
 .debug_macro   0x000000000000192e       0x3a Inc/SERVICES/C5_PARKING/C5_PARKING.o
 .debug_macro   0x0000000000001968       0x10 Inc/SERVICES/C5_PARKING/C5_PARKING.o
 .debug_macro   0x0000000000001978       0x52 Inc/SERVICES/C5_PARKING/C5_PARKING.o
 .debug_macro   0x00000000000019ca       0x87 Inc/SERVICES/C6_TrafficLightV2I/C6_TrafficLight_V2I.o
 .debug_macro   0x0000000000001a51       0x2c Inc/SERVICES/SYS_DIG_Mng/SYS_DIG_MNG.o
 .debug_macro   0x0000000000001a7d       0x10 Inc/SERVICES/SYS_DIG_Mng/SYS_DIG_MNG.o
 .debug_macro   0x0000000000001a8d       0xb7 Src/main.o

.debug_line     0x0000000000000000     0x2d86
 .debug_line    0x0000000000000000      0x26b Inc/APP/APP1_UsrControlled/APP1_UsrControlled.o
 .debug_line    0x000000000000026b      0x247 Inc/HAL/DCMOTOR/DCMOTOR.o
 .debug_line    0x00000000000004b2      0x305 Inc/HAL/US/US.o
 .debug_line    0x00000000000007b7      0x19a Inc/LIB/SW_Delay.o
 .debug_line    0x0000000000000951      0x2c1 Inc/MCAL/GPIO/GPIO_program.o
 .debug_line    0x0000000000000c12      0x3e1 Inc/MCAL/ICU/ICU_program.o
 .debug_line    0x0000000000000ff3      0x143 Inc/MCAL/NVIC/nvic.o
 .debug_line    0x0000000000001136      0x110 Inc/MCAL/PWM/PWM_program.o
 .debug_line    0x0000000000001246      0x164 Inc/MCAL/RCC/RCC_program.o
 .debug_line    0x00000000000013aa      0x284 Inc/MCAL/STK/STK_program.o
 .debug_line    0x000000000000162e      0x308 Inc/MCAL/UART/USART_program.o
 .debug_line    0x0000000000001936      0x2d8 Inc/SERVICES/C1_US_SLCT/C1_US_SLCT.o
 .debug_line    0x0000000000001c0e      0x2b7 Inc/SERVICES/C2_VCLE_CNTRL/C2_VCLE_CNTRL.o
 .debug_line    0x0000000000001ec5      0x305 Inc/SERVICES/C4_SLOT_FIND/C4_SLOT_FIND.o
 .debug_line    0x00000000000021ca      0x2dc Inc/SERVICES/C5_PARKING/C5_PARKING.o
 .debug_line    0x00000000000024a6      0x234 Inc/SERVICES/C6_TrafficLightV2I/C6_TrafficLight_V2I.o
 .debug_line    0x00000000000026da       0xee Inc/SERVICES/SYS_DIG_Mng/SYS_DIG_MNG.o
 .debug_line    0x00000000000027c8      0x53a Src/main.o
 .debug_line    0x0000000000002d02       0x84 Startup/startup_stm32f303retx.o

.debug_str      0x0000000000000000     0x7052
 .debug_str     0x0000000000000000     0x3570 Inc/APP/APP1_UsrControlled/APP1_UsrControlled.o
                                       0x35dc (size before relaxing)
 .debug_str     0x0000000000003570      0x763 Inc/HAL/DCMOTOR/DCMOTOR.o
                                       0x36ac (size before relaxing)
 .debug_str     0x0000000000003cd3      0x420 Inc/HAL/US/US.o
                                       0x392e (size before relaxing)
 .debug_str     0x00000000000040f3       0x8b Inc/LIB/SW_Delay.o
                                       0x2eb5 (size before relaxing)
 .debug_str     0x000000000000417e      0x28e Inc/MCAL/GPIO/GPIO_program.o
                                       0x36f9 (size before relaxing)
 .debug_str     0x000000000000440c      0x60c Inc/MCAL/ICU/ICU_program.o
                                       0x36d6 (size before relaxing)
 .debug_str     0x0000000000004a18      0x3b9 Inc/MCAL/NVIC/nvic.o
                                       0x3250 (size before relaxing)
 .debug_str     0x0000000000004dd1       0x60 Inc/MCAL/PWM/PWM_program.o
                                       0x3403 (size before relaxing)
 .debug_str     0x0000000000004e31      0xef8 Inc/MCAL/RCC/RCC_program.o
                                       0x3df5 (size before relaxing)
 .debug_str     0x0000000000005d29      0x428 Inc/MCAL/STK/STK_program.o
                                       0x3345 (size before relaxing)
 .debug_str     0x0000000000006151      0x3e8 Inc/MCAL/UART/USART_program.o
                                       0x3c30 (size before relaxing)
 .debug_str     0x0000000000006539      0x2d1 Inc/SERVICES/C1_US_SLCT/C1_US_SLCT.o
                                       0x375d (size before relaxing)
 .debug_str     0x000000000000680a       0xf7 Inc/SERVICES/C2_VCLE_CNTRL/C2_VCLE_CNTRL.o
                                       0x3747 (size before relaxing)
 .debug_str     0x0000000000006901      0x2df Inc/SERVICES/C4_SLOT_FIND/C4_SLOT_FIND.o
                                       0x34be (size before relaxing)
 .debug_str     0x0000000000006be0      0x18b Inc/SERVICES/C5_PARKING/C5_PARKING.o
                                       0x3407 (size before relaxing)
 .debug_str     0x0000000000006d6b       0xfb Inc/SERVICES/C6_TrafficLightV2I/C6_TrafficLight_V2I.o
                                       0x3b19 (size before relaxing)
 .debug_str     0x0000000000006e66       0xdb Inc/SERVICES/SYS_DIG_Mng/SYS_DIG_MNG.o
                                       0x2f42 (size before relaxing)
 .debug_str     0x0000000000006f41       0xe0 Src/main.o
                                       0x3446 (size before relaxing)
 .debug_str     0x0000000000007021       0x31 Startup/startup_stm32f303retx.o
                                         0x71 (size before relaxing)

.comment        0x0000000000000000       0x7b
 .comment       0x0000000000000000       0x7b Inc/APP/APP1_UsrControlled/APP1_UsrControlled.o
                                         0x7c (size before relaxing)
 .comment       0x000000000000007b       0x7c Inc/HAL/DCMOTOR/DCMOTOR.o
 .comment       0x000000000000007b       0x7c Inc/HAL/US/US.o
 .comment       0x000000000000007b       0x7c Inc/LIB/SW_Delay.o
 .comment       0x000000000000007b       0x7c Inc/MCAL/GPIO/GPIO_program.o
 .comment       0x000000000000007b       0x7c Inc/MCAL/ICU/ICU_program.o
 .comment       0x000000000000007b       0x7c Inc/MCAL/NVIC/nvic.o
 .comment       0x000000000000007b       0x7c Inc/MCAL/PWM/PWM_program.o
 .comment       0x000000000000007b       0x7c Inc/MCAL/RCC/RCC_program.o
 .comment       0x000000000000007b       0x7c Inc/MCAL/STK/STK_program.o
 .comment       0x000000000000007b       0x7c Inc/MCAL/UART/USART_program.o
 .comment       0x000000000000007b       0x7c Inc/SERVICES/C1_US_SLCT/C1_US_SLCT.o
 .comment       0x000000000000007b       0x7c Inc/SERVICES/C2_VCLE_CNTRL/C2_VCLE_CNTRL.o
 .comment       0x000000000000007b       0x7c Inc/SERVICES/C4_SLOT_FIND/C4_SLOT_FIND.o
 .comment       0x000000000000007b       0x7c Inc/SERVICES/C5_PARKING/C5_PARKING.o
 .comment       0x000000000000007b       0x7c Inc/SERVICES/C6_TrafficLightV2I/C6_TrafficLight_V2I.o
 .comment       0x000000000000007b       0x7c Inc/SERVICES/SYS_DIG_Mng/SYS_DIG_MNG.o
 .comment       0x000000000000007b       0x7c Src/main.o

.debug_frame    0x0000000000000000      0xebc
 .debug_frame   0x0000000000000000       0x50 Inc/APP/APP1_UsrControlled/APP1_UsrControlled.o
 .debug_frame   0x0000000000000050       0x7c Inc/HAL/DCMOTOR/DCMOTOR.o
 .debug_frame   0x00000000000000cc       0xa8 Inc/HAL/US/US.o
 .debug_frame   0x0000000000000174       0x74 Inc/LIB/SW_Delay.o
 .debug_frame   0x00000000000001e8      0x128 Inc/MCAL/GPIO/GPIO_program.o
 .debug_frame   0x0000000000000310      0x194 Inc/MCAL/ICU/ICU_program.o
 .debug_frame   0x00000000000004a4       0xd8 Inc/MCAL/NVIC/nvic.o
 .debug_frame   0x000000000000057c       0x60 Inc/MCAL/PWM/PWM_program.o
 .debug_frame   0x00000000000005dc       0x80 Inc/MCAL/RCC/RCC_program.o
 .debug_frame   0x000000000000065c      0x2b4 Inc/MCAL/STK/STK_program.o
 .debug_frame   0x0000000000000910      0x1ac Inc/MCAL/UART/USART_program.o
 .debug_frame   0x0000000000000abc       0x98 Inc/SERVICES/C1_US_SLCT/C1_US_SLCT.o
 .debug_frame   0x0000000000000b54       0x50 Inc/SERVICES/C2_VCLE_CNTRL/C2_VCLE_CNTRL.o
 .debug_frame   0x0000000000000ba4       0x78 Inc/SERVICES/C4_SLOT_FIND/C4_SLOT_FIND.o
 .debug_frame   0x0000000000000c1c       0x54 Inc/SERVICES/C5_PARKING/C5_PARKING.o
 .debug_frame   0x0000000000000c70       0x50 Inc/SERVICES/C6_TrafficLightV2I/C6_TrafficLight_V2I.o
 .debug_frame   0x0000000000000cc0       0x80 Inc/SERVICES/SYS_DIG_Mng/SYS_DIG_MNG.o
 .debug_frame   0x0000000000000d40       0x30 Src/main.o
 .debug_frame   0x0000000000000d70       0x2c c:/st/stm32cubeide_1.4.0/stm32cubeide/plugins/com.st.stm32cube.ide.mcu.externaltools.gnu-tools-for-stm32.7-2018-q2-update.win32_1.4.0.202007081208/tools/bin/../lib/gcc/arm-none-eabi/7.3.1/../../../../arm-none-eabi/lib/thumb/v7e-m/fpv4-sp/hard\libc_nano.a(lib_a-init.o)
 .debug_frame   0x0000000000000d9c       0xac c:/st/stm32cubeide_1.4.0/stm32cubeide/plugins/com.st.stm32cube.ide.mcu.externaltools.gnu-tools-for-stm32.7-2018-q2-update.win32_1.4.0.202007081208/tools/bin/../lib/gcc/arm-none-eabi/7.3.1/thumb/v7e-m/fpv4-sp/hard\libgcc.a(_arm_addsubdf3.o)
 .debug_frame   0x0000000000000e48       0x50 c:/st/stm32cubeide_1.4.0/stm32cubeide/plugins/com.st.stm32cube.ide.mcu.externaltools.gnu-tools-for-stm32.7-2018-q2-update.win32_1.4.0.202007081208/tools/bin/../lib/gcc/arm-none-eabi/7.3.1/thumb/v7e-m/fpv4-sp/hard\libgcc.a(_arm_muldivdf3.o)
 .debug_frame   0x0000000000000e98       0x24 c:/st/stm32cubeide_1.4.0/stm32cubeide/plugins/com.st.stm32cube.ide.mcu.externaltools.gnu-tools-for-stm32.7-2018-q2-update.win32_1.4.0.202007081208/tools/bin/../lib/gcc/arm-none-eabi/7.3.1/thumb/v7e-m/fpv4-sp/hard\libgcc.a(_arm_fixunsdfsi.o)
