Archive member included to satisfy reference by file (symbol)

c:/program files (x86)/atmel/studio/7.0/toolchain/avr8/avr8-gnu-toolchain/bin/../lib/gcc/avr/5.4.0/../../../../avr/lib/avr5\libm.a(addsf3.o)
                              HALL/SERVO_MOTOR/ServoMotor.o (__addsf3)
c:/program files (x86)/atmel/studio/7.0/toolchain/avr8/avr8-gnu-toolchain/bin/../lib/gcc/avr/5.4.0/../../../../avr/lib/avr5\libm.a(addsf3x.o)
                              c:/program files (x86)/atmel/studio/7.0/toolchain/avr8/avr8-gnu-toolchain/bin/../lib/gcc/avr/5.4.0/../../../../avr/lib/avr5\libm.a(addsf3.o) (__addsf3x)
c:/program files (x86)/atmel/studio/7.0/toolchain/avr8/avr8-gnu-toolchain/bin/../lib/gcc/avr/5.4.0/../../../../avr/lib/avr5\libm.a(divsf3.o)
                              HALL/SERVO_MOTOR/ServoMotor.o (__divsf3)
c:/program files (x86)/atmel/studio/7.0/toolchain/avr8/avr8-gnu-toolchain/bin/../lib/gcc/avr/5.4.0/../../../../avr/lib/avr5\libm.a(divsf3x.o)
                              c:/program files (x86)/atmel/studio/7.0/toolchain/avr8/avr8-gnu-toolchain/bin/../lib/gcc/avr/5.4.0/../../../../avr/lib/avr5\libm.a(divsf3.o) (__divsf3x)
c:/program files (x86)/atmel/studio/7.0/toolchain/avr8/avr8-gnu-toolchain/bin/../lib/gcc/avr/5.4.0/../../../../avr/lib/avr5\libm.a(fixunssfsi.o)
                              HALL/SERVO_MOTOR/ServoMotor.o (__fixunssfsi)
c:/program files (x86)/atmel/studio/7.0/toolchain/avr8/avr8-gnu-toolchain/bin/../lib/gcc/avr/5.4.0/../../../../avr/lib/avr5\libm.a(floatsisf.o)
                              MCAL/timer/TIMERS_Program.o (__floatunsisf)
c:/program files (x86)/atmel/studio/7.0/toolchain/avr8/avr8-gnu-toolchain/bin/../lib/gcc/avr/5.4.0/../../../../avr/lib/avr5\libm.a(fp_inf.o)
                              c:/program files (x86)/atmel/studio/7.0/toolchain/avr8/avr8-gnu-toolchain/bin/../lib/gcc/avr/5.4.0/../../../../avr/lib/avr5\libm.a(addsf3x.o) (__fp_inf)
c:/program files (x86)/atmel/studio/7.0/toolchain/avr8/avr8-gnu-toolchain/bin/../lib/gcc/avr/5.4.0/../../../../avr/lib/avr5\libm.a(fp_nan.o)
                              c:/program files (x86)/atmel/studio/7.0/toolchain/avr8/avr8-gnu-toolchain/bin/../lib/gcc/avr/5.4.0/../../../../avr/lib/avr5\libm.a(addsf3x.o) (__fp_nan)
c:/program files (x86)/atmel/studio/7.0/toolchain/avr8/avr8-gnu-toolchain/bin/../lib/gcc/avr/5.4.0/../../../../avr/lib/avr5\libm.a(fp_pscA.o)
                              c:/program files (x86)/atmel/studio/7.0/toolchain/avr8/avr8-gnu-toolchain/bin/../lib/gcc/avr/5.4.0/../../../../avr/lib/avr5\libm.a(addsf3x.o) (__fp_pscA)
c:/program files (x86)/atmel/studio/7.0/toolchain/avr8/avr8-gnu-toolchain/bin/../lib/gcc/avr/5.4.0/../../../../avr/lib/avr5\libm.a(fp_pscB.o)
                              c:/program files (x86)/atmel/studio/7.0/toolchain/avr8/avr8-gnu-toolchain/bin/../lib/gcc/avr/5.4.0/../../../../avr/lib/avr5\libm.a(addsf3x.o) (__fp_pscB)
c:/program files (x86)/atmel/studio/7.0/toolchain/avr8/avr8-gnu-toolchain/bin/../lib/gcc/avr/5.4.0/../../../../avr/lib/avr5\libm.a(fp_round.o)
                              c:/program files (x86)/atmel/studio/7.0/toolchain/avr8/avr8-gnu-toolchain/bin/../lib/gcc/avr/5.4.0/../../../../avr/lib/avr5\libm.a(addsf3.o) (__fp_round)
c:/program files (x86)/atmel/studio/7.0/toolchain/avr8/avr8-gnu-toolchain/bin/../lib/gcc/avr/5.4.0/../../../../avr/lib/avr5\libm.a(fp_split3.o)
                              c:/program files (x86)/atmel/studio/7.0/toolchain/avr8/avr8-gnu-toolchain/bin/../lib/gcc/avr/5.4.0/../../../../avr/lib/avr5\libm.a(addsf3x.o) (__fp_split3)
c:/program files (x86)/atmel/studio/7.0/toolchain/avr8/avr8-gnu-toolchain/bin/../lib/gcc/avr/5.4.0/../../../../avr/lib/avr5\libm.a(fp_zero.o)
                              c:/program files (x86)/atmel/studio/7.0/toolchain/avr8/avr8-gnu-toolchain/bin/../lib/gcc/avr/5.4.0/../../../../avr/lib/avr5\libm.a(addsf3x.o) (__fp_zero)
c:/program files (x86)/atmel/studio/7.0/toolchain/avr8/avr8-gnu-toolchain/bin/../lib/gcc/avr/5.4.0/../../../../avr/lib/avr5\libm.a(mulsf3.o)
                              MCAL/timer/TIMERS_Program.o (__mulsf3)
c:/program files (x86)/atmel/studio/7.0/toolchain/avr8/avr8-gnu-toolchain/bin/../lib/gcc/avr/5.4.0/../../../../avr/lib/avr5\libm.a(mulsf3x.o)
                              c:/program files (x86)/atmel/studio/7.0/toolchain/avr8/avr8-gnu-toolchain/bin/../lib/gcc/avr/5.4.0/../../../../avr/lib/avr5\libm.a(mulsf3.o) (__mulsf3x)
c:/program files (x86)/atmel/studio/7.0/toolchain/avr8/avr8-gnu-toolchain/bin/../lib/gcc/avr/5.4.0/avr5\libgcc.a(_udivmodhi4.o)
                              FreeRTOS/source/portable/MemMang/heap_4.o (__udivmodhi4)
c:/program files (x86)/atmel/studio/7.0/toolchain/avr8/avr8-gnu-toolchain/bin/../lib/gcc/avr/5.4.0/avr5\libgcc.a(_divmodhi4.o)
                              MCAL/timer/TIMERS_Program.o (__divmodhi4)
c:/program files (x86)/atmel/studio/7.0/toolchain/avr8/avr8-gnu-toolchain/bin/../lib/gcc/avr/5.4.0/avr5\libgcc.a(_udivmodsi4.o)
[...]
Memory Configuration

Name             Origin             Length             Attributes
text             0x00000000         0x00008000         xr
data             0x00800060         0x00000800         rw !x
eeprom           0x00810000         0x00000400         rw !x
fuse             0x00820000         0x00000002         rw !x
lock             0x00830000         0x00000400         rw !x
signature        0x00840000         0x00000400         rw !x
user_signatures  0x00850000         0x00000400         rw !x
*default*        0x00000000         0xffffffff

Linker script and memory map

LOAD C:/Program Files (x86)/Atmel/Studio/7.0/Packs/atmel/ATmega_DFP/1.7.374/gcc/dev/atmega32a/avr5/crtatmega32a.o
LOAD APP/AUTO_DETECT/auto_detect_motion.o
LOAD APP/AUTO_LIGHT/AutoLight.o
LOAD APP/AUTO_WIPE/AutoWiper.o
LOAD APP/DateAndTime/RTC_APP.o
LOAD APP/main_Freertos.o
LOAD FreeRTOS/source/croutine.o
LOAD FreeRTOS/source/event_groups.o
LOAD FreeRTOS/source/list.o
LOAD FreeRTOS/source/portable/GCC/port.o
LOAD FreeRTOS/source/portable/MemMang/heap_4.o
LOAD FreeRTOS/source/queue.o
LOAD FreeRTOS/source/stream_buffer.o
LOAD FreeRTOS/source/tasks.o
LOAD FreeRTOS/source/timers.o
LOAD HALL/Buzzer/buzzar.o
LOAD HALL/LCD/lcd.o
LOAD HALL/LDR/LDR.o
LOAD HALL/PUSH_BOTTUN/push_botton.o
LOAD HALL/MOTION_SENSOR/MOTION_SENSOR.o
LOAD HALL/RAIN_SENSOR/Rain_Sensor.o
LOAD HALL/RTC/RTC2.o
LOAD HALL/SERVO_MOTOR/ServoMotor.o
LOAD HALL/SHOCK_SENSOR/shock_sensor.o
LOAD MCAL/ADC/ADC.o
LOAD MCAL/DIO/dio.o
LOAD MCAL/EXT_INT/EXT_INT_program.o
LOAD MCAL/I2C/I2C.o
LOAD MCAL/PWM/PWM_Program.o
LOAD MCAL/SLEEP_MODE/SLEEP_MODE.o
LOAD MCAL/timer/TIMERS_Program.o
START GROUP
LOAD c:/program files (x86)/atmel/studio/7.0/toolchain/avr8/avr8-gnu-toolchain/bin/../lib/gcc/avr/5.4.0/../../../../avr/lib/avr5\libm.a
END GROUP
START GROUP
LOAD c:/program files (x86)/atmel/studio/7.0/toolchain/avr8/avr8-gnu-toolchain/bin/../lib/gcc/avr/5.4.0/avr5\libgcc.a
LOAD c:/program files (x86)/atmel/studio/7.0/toolchain/avr8/avr8-gnu-toolchain/bin/../lib/gcc/avr/5.4.0/../../../../avr/lib/avr5\libm.a
LOAD c:/program files (x86)/atmel/studio/7.0/toolchain/avr8/avr8-gnu-toolchain/bin/../lib/gcc/avr/5.4.0/../../../../avr/lib/avr5\libc.a
LOAD C:/Program Files (x86)/Atmel/Studio/7.0/Packs/atmel/ATmega_DFP/1.7.374/gcc/dev/atmega32a/avr5\libatmega32a.a
END GROUP
                [0x00000000]                __TEXT_REGION_ORIGIN__ = DEFINED (__TEXT_REGION_ORIGIN__)?__TEXT_REGION_ORIGIN__:0x0
                [0x00800060]                __DATA_REGION_ORIGIN__ = DEFINED (__DATA_REGION_ORIGIN__)?__DATA_REGION_ORIGIN__:0x800060
                [0x00008000]                __TEXT_REGION_LENGTH__ = DEFINED (__TEXT_REGION_LENGTH__)?__TEXT_REGION_LENGTH__:0x20000
                [0x00000800]                __DATA_REGION_LENGTH__ = DEFINED (__DATA_REGION_LENGTH__)?__DATA_REGION_LENGTH__:0xffa0
                [0x00000400]                __EEPROM_REGION_LENGTH__ = DEFINED (__EEPROM_REGION_LENGTH__)?__EEPROM_REGION_LENGTH__:0x10000
                [0x00000002]                __FUSE_REGION_LENGTH__ = DEFINED (__FUSE_REGION_LENGTH__)?__FUSE_REGION_LENGTH__:0x400
                0x00000400                __LOCK_REGION_LENGTH__ = DEFINED (__LOCK_REGION_LENGTH__)?__LOCK_REGION_LENGTH__:0x400
                0x00000400                __SIGNATURE_REGION_LENGTH__ = DEFINED (__SIGNATURE_REGION_LENGTH__)?__SIGNATURE_REGION_LENGTH__:0x400
                0x00000400                __USER_SIGNATURE_REGION_LENGTH__ = DEFINED (__USER_SIGNATURE_REGION_LENGTH__)?__USER_SIGNATURE_REGION_LENGTH__:0x400

.hash
 *(.hash)

.dynsym
 *(.dynsym)

.dynstr
 *(.dynstr)

.gnu.version
 *(.gnu.version)

.gnu.version_d
 *(.gnu.version_d)

.gnu.version_r
 *(.gnu.version_r)

.rel.init
 *(.rel.init)

.rela.init
 *(.rela.init)

.rel.text
 *(.rel.text)
 *(.rel.text.*)
 *(.rel.gnu.linkonce.t*)

.rela.text
 *(.rela.text)
 *(.rela.text.*)
 *(.rela.gnu.linkonce.t*)

.rel.fini
 *(.rel.fini)

.rela.fini
 *(.rela.fini)

.rel.rodata
 *(.rel.rodata)
 *(.rel.rodata.*)
 *(.rel.gnu.linkonce.r*)

.rela.rodata
 *(.rela.rodata)
 *(.rela.rodata.*)
 *(.rela.gnu.linkonce.r*)

.rel.data
 *(.rel.data)
 *(.rel.data.*)
 *(.rel.gnu.linkonce.d*)

.rela.data
 *(.rela.data)
 *(.rela.data.*)
 *(.rela.gnu.linkonce.d*)

.rel.ctors
 *(.rel.ctors)

.rela.ctors
 *(.rela.ctors)

.rel.dtors
 *(.rel.dtors)

.rela.dtors
 *(.rela.dtors)

.rel.got
 *(.rel.got)

.rela.got
 *(.rela.got)

.rel.bss
 *(.rel.bss)

.rela.bss
 *(.rela.bss)

.rel.plt
 *(.rel.plt)

.rela.plt
 *(.rela.plt)

.text           0x00000000     0x3116
 *(.vectors)
 .vectors       0x00000000       0x54 C:/Program Files (x86)/Atmel/Studio/7.0/Packs/atmel/ATmega_DFP/1.7.374/gcc/dev/atmega32a/avr5/crtatmega32a.o
                0x00000000                __vector_default
                0x00000000                __vectors
 *(.vectors)
 *(.progmem.gcc*)
 .progmem.gcc_sw_table.Timer_voidInitTimer2
                0x00000054       0x10 MCAL/timer/TIMERS_Program.o
                0x00000064                . = ALIGN (0x2)
                0x00000064                __trampolines_start = .
 *(.trampolines)
 .trampolines   0x00000064        0x0 linker stubs
 *(.trampolines*)
                0x00000064                __trampolines_end = .
 *libprintf_flt.a:*(.progmem.data)
 *libc.a:*(.progmem.data)
 *(.progmem*)
                0x00000064                . = ALIGN (0x2)
 *(.jumptables)
 *(.jumptables*)
 *(.lowtext)
 *(.lowtext*)
                0x00000064                __ctors_start = .
 *(.ctors)
                0x00000064                __ctors_end = .
                0x00000064                __dtors_start = .
 *(.dtors)
                0x00000064                __dtors_end = .
 SORT(*)(.ctors)
 SORT(*)(.dtors)
 *(.init0)
 .init0         0x00000064        0x0 C:/Program Files (x86)/Atmel/Studio/7.0/Packs/atmel/ATmega_DFP/1.7.374/gcc/dev/atmega32a/avr5/crtatmega32a.o
                0x00000064                __init
 *(.init0)
 *(.init1)
 *(.init1)
 *(.init2)
 .init2         0x00000064        0xc C:/Program Files (x86)/Atmel/Studio/7.0/Packs/atmel/ATmega_DFP/1.7.374/gcc/dev/atmega32a/avr5/crtatmega32a.o
 *(.init2)
 *(.init3)
 *(.init3)
 *(.init4)
 .init4         0x00000070       0x16 c:/program files (x86)/atmel/studio/7.0/toolchain/avr8/avr8-gnu-toolchain/bin/../lib/gcc/avr/5.4.0/avr5\libgcc.a(_copy_data.o)
                0x00000070                __do_copy_data
 .init4         0x00000086       0x10 c:/program files (x86)/atmel/studio/7.0/toolchain/avr8/avr8-gnu-toolchain/bin/../lib/gcc/avr/5.4.0/avr5\libgcc.a(_clear_bss.o)
                0x00000086                __do_clear_bss
 *(.init4)
 *(.init5)
 *(.init5)
 *(.init6)
 *(.init6)
 *(.init7)
 *(.init7)
 *(.init8)
 *(.init8)
 *(.init9)
 .init9         0x00000096        0x8 C:/Program Files (x86)/Atmel/Studio/7.0/Packs/atmel/ATmega_DFP/1.7.374/gcc/dev/atmega32a/avr5/crtatmega32a.o
 *(.init9)
 *(.text)
 .text          0x0000009e        0x4 C:/Program Files (x86)/Atmel/Studio/7.0/Packs/atmel/ATmega_DFP/1.7.374/gcc/dev/atmega32a/avr5/crtatmega32a.o
                0x0000009e                __vector_12
                0x0000009e                __bad_interrupt
                0x0000009e                __vector_6
                0x0000009e                __vector_3
                0x0000009e                __vector_11
                0x0000009e                __vector_13
                0x0000009e                __vector_17
                0x0000009e                __vector_2
                0x0000009e                __vector_15
                0x0000009e                __vector_14
                0x0000009e                __vector_10
                0x0000009e                __vector_16
                0x0000009e                __vector_18
                0x0000009e                __vector_20
                0x000000a2                . = ALIGN (0x2)
 *(.text.*)
 .text.Get_DoorLockState
                0x000000a2        0xa APP/AUTO_DETECT/auto_detect_motion.o
                0x000000a2                Get_DoorLockState
 .text.Get_VIDContactState
                0x000000ac        0xa APP/AUTO_DETECT/auto_detect_motion.o
                0x000000ac                Get_VIDContactState
 .text.AutoLight_Func_StatSetup
                0x000000b6        0xc APP/AUTO_LIGHT/AutoLight.o
                0x000000b6                AutoLight_Func_StatSetup
 .text.AutoLight_Func_StatLoop
                0x000000c2       0xa8 APP/AUTO_LIGHT/AutoLight.o
                0x000000c2                AutoLight_Func_StatLoop
 .text.AutoWiper_vidsetup
                0x0000016a       0x2a APP/AUTO_WIPE/AutoWiper.o
                0x0000016a                AutoWiper_vidsetup
 .text.AutoWiper_vidloop
                0x00000194       0xe6 APP/AUTO_WIPE/AutoWiper.o
                0x00000194                AutoWiper_vidloop
 .text.RTC_vidsetup
                0x0000027a       0x16 APP/DateAndTime/RTC_APP.o
                0x0000027a                RTC_vidsetup
 .text.RTC_vidloop
                0x00000290       0x86 APP/DateAndTime/RTC_APP.o
                0x00000290                RTC_vidloop
 .text.EXTINT0_CALLBACK
                0x00000316       0x4c APP/main_Freertos.o
                0x00000316                EXTINT0_CALLBACK
 .text.ENABLE_Sleep_Mode
                0x00000362       0x4a APP/main_Freertos.o
                0x00000362                ENABLE_Sleep_Mode
 .text.main     0x000003ac      0x11e APP/main_Freertos.o
                0x000003ac                main
 .text.vListInitialise
                0x000004ca       0x1c FreeRTOS/source/list.o
                0x000004ca                vListInitialise
 .text.vListInitialiseItem
                0x000004e6        0x8 FreeRTOS/source/list.o
                0x000004e6                vListInitialiseItem
 .text.vListInsert
                0x000004ee       0x62 FreeRTOS/source/list.o
                0x000004ee                vListInsert
 .text.uxListRemove
                0x00000550       0x4e FreeRTOS/source/list.o
                0x00000550                uxListRemove
 .text.prvSetupTimerInterrupt
                0x0000059e       0x12 FreeRTOS/source/portable/GCC/port.o
 .text.pxPortInitialiseStack
                0x000005b0       0xd8 FreeRTOS/source/portable/GCC/port.o
                0x000005b0                pxPortInitialiseStack
 .text.xPortStartScheduler
                0x00000688       0x5e FreeRTOS/source/portable/GCC/port.o
                0x00000688                xPortStartScheduler
 .text.vPortYield
                0x000006e6       0xb2 FreeRTOS/source/portable/GCC/port.o
                0x000006e6                vPortYield
 .text.vPortYieldFromTick
                0x00000798       0xb8 FreeRTOS/source/portable/GCC/port.o
                0x00000798                vPortYieldFromTick
 .text.__vector_7
                0x00000850        0x6 FreeRTOS/source/portable/GCC/port.o
                0x00000850                __vector_7
 .text.prvHeapInit
                0x00000856       0x46 FreeRTOS/source/portable/MemMang/heap_4.o
 .text.prvInsertBlockIntoFreeList
                0x0000089c       0x94 FreeRTOS/source/portable/MemMang/heap_4.o
 .text.pvPortMalloc
                0x00000930      0x136 FreeRTOS/source/portable/MemMang/heap_4.o
                0x00000930                pvPortMalloc
 .text.vPortFree
                0x00000a66       0x68 FreeRTOS/source/portable/MemMang/heap_4.o
                0x00000a66                vPortFree
 .text.prvIsQueueEmpty
                0x00000ace       0x1a FreeRTOS/source/queue.o
 .text.prvIsQueueFull
                0x00000ae8       0x1c FreeRTOS/source/queue.o
 .text.prvCopyDataToQueue
                0x00000b04       0x92 FreeRTOS/source/queue.o
 .text.prvUnlockQueue
                0x00000b96       0x68 FreeRTOS/source/queue.o
 .text.xQueueGenericReset
                0x00000bfe       0xc0 FreeRTOS/source/queue.o
                0x00000bfe                xQueueGenericReset
 .text.prvInitialiseNewQueue
                0x00000cbe       0x26 FreeRTOS/source/queue.o
 .text.xQueueGenericCreate
                0x00000ce4       0x82 FreeRTOS/source/queue.o
                0x00000ce4                xQueueGenericCreate
 .text.xQueueGenericSend
                0x00000d66      0x124 FreeRTOS/source/queue.o
                0x00000d66                xQueueGenericSend
 .text.xQueueSemaphoreTake
                0x00000e8a      0x106 FreeRTOS/source/queue.o
                0x00000e8a                xQueueSemaphoreTake
 .text.prvResetNextTaskUnblockTime
                0x00000f90       0x38 FreeRTOS/source/tasks.o
 .text.prvDeleteTCB
                0x00000fc8       0x1a FreeRTOS/source/tasks.o
 .text.prvInitialiseNewTask
                0x00000fe2       0xd2 FreeRTOS/source/tasks.o
 .text.prvInitialiseTaskLists
                0x000010b4       0x66 FreeRTOS/source/tasks.o
 .text.prvAddNewTaskToReadyList
                0x0000111a       0xfa FreeRTOS/source/tasks.o
 .text.prvCheckTasksWaitingTermination
                0x00001214       0x4c FreeRTOS/source/tasks.o
 .text.prvIdleTask
                0x00001260       0x12 FreeRTOS/source/tasks.o
 .text.prvAddCurrentTaskToDelayedList
                0x00001272       0x88 FreeRTOS/source/tasks.o
 .text.xTaskCreate
                0x000012fa       0xb2 FreeRTOS/source/tasks.o
                0x000012fa                xTaskCreate
 .text.vTaskStartScheduler
                0x000013ac       0x58 FreeRTOS/source/tasks.o
                0x000013ac                vTaskStartScheduler
 .text.vTaskSuspendAll
                0x00001404        0xc FreeRTOS/source/tasks.o
                0x00001404                vTaskSuspendAll
 .text.xTaskIncrementTick
                0x00001410      0x234 FreeRTOS/source/tasks.o
                0x00001410                xTaskIncrementTick
 .text.xTaskResumeAll
                0x00001644      0x1aa FreeRTOS/source/tasks.o
                0x00001644                xTaskResumeAll
 .text.vTaskDelay
                0x000017ee       0x2c FreeRTOS/source/tasks.o
                0x000017ee                vTaskDelay
 .text.vTaskSwitchContext
                0x0000181a       0xa8 FreeRTOS/source/tasks.o
                0x0000181a                vTaskSwitchContext
 .text.vTaskPlaceOnEventList
                0x000018c2       0x24 FreeRTOS/source/tasks.o
                0x000018c2                vTaskPlaceOnEventList
 .text.xTaskRemoveFromEventList
                0x000018e6      0x17a FreeRTOS/source/tasks.o
                0x000018e6                xTaskRemoveFromEventList
 .text.vTaskInternalSetTimeOutState
                0x00001a60       0x16 FreeRTOS/source/tasks.o
                0x00001a60                vTaskInternalSetTimeOutState
 .text.xTaskCheckForTimeOut
                0x00001a76       0x64 FreeRTOS/source/tasks.o
                0x00001a76                xTaskCheckForTimeOut
 .text.vTaskMissedYield
                0x00001ada        0x8 FreeRTOS/source/tasks.o
                0x00001ada                vTaskMissedYield
 .text.enablePulse
                0x00001ae2       0x2a HALL/LCD/lcd.o
 .text.lcd_vidSendCmd
                0x00001b0c       0x96 HALL/LCD/lcd.o
                0x00001b0c                lcd_vidSendCmd
 .text.lcd_vidSendData
                0x00001ba2       0x8a HALL/LCD/lcd.o
                0x00001ba2                lcd_vidSendData
 .text.lcd_vidGotoRowColumn
                0x00001c2c       0x38 HALL/LCD/lcd.o
                0x00001c2c                lcd_vidGotoRowColumn
 .text.lcd_vidInit
                0x00001c64       0x94 HALL/LCD/lcd.o
                0x00001c64                lcd_vidInit
 .text.lcd_vidDisplyChar
                0x00001cf8        0x6 HALL/LCD/lcd.o
                0x00001cf8                lcd_vidDisplyChar
 .text.lcd_vidDisplyStr
                0x00001cfe       0x1a HALL/LCD/lcd.o
                0x00001cfe                lcd_vidDisplyStr
 .text.lcd_vidClrDislay
                0x00001d18       0x14 HALL/LCD/lcd.o
                0x00001d18                lcd_vidClrDislay
 .text.LDR_u16Read
                0x00001d2c       0x18 HALL/LDR/LDR.o
                0x00001d2c                LDR_u16Read
 .text.PUSH_BOTTUN_u8GetState
                0x00001d44        0xc HALL/PUSH_BOTTUN/push_botton.o
                0x00001d44                PUSH_BOTTUN_u8GetState
 .text.RAIN_SENSOR_vidInit
                0x00001d50        0xc HALL/RAIN_SENSOR/Rain_Sensor.o
                0x00001d50                RAIN_SENSOR_vidInit
 .text.RAIN_SENSOR_voidGetState
                0x00001d5c       0x10 HALL/RAIN_SENSOR/Rain_Sensor.o
                0x00001d5c                RAIN_SENSOR_voidGetState
 .text.RTC_Set_Time
                0x00001d6c       0x2e HALL/RTC/RTC2.o
                0x00001d6c                RTC_Set_Time
 .text.RTC_Set_Date
                0x00001d9a       0x3a HALL/RTC/RTC2.o
                0x00001d9a                RTC_Set_Date
 .text.RTC_Get_Time
                0x00001dd4       0x5a HALL/RTC/RTC2.o
                0x00001dd4                RTC_Get_Time
 .text.Servo_voidInit
                0x00001e2e       0x2e HALL/SERVO_MOTOR/ServoMotor.o
                0x00001e2e                Servo_voidInit
 .text.Servo_voidWrite
                0x00001e5c       0x96 HALL/SERVO_MOTOR/ServoMotor.o
                0x00001e5c                Servo_voidWrite
 .text.ADC_vidInit
                0x00001ef2       0x16 MCAL/ADC/ADC.o
                0x00001ef2                ADC_vidInit
 .text.ADC_u16Read
                0x00001f08       0x22 MCAL/ADC/ADC.o
                0x00001f08                ADC_u16Read
 .text.dio_vidConfigChannel
                0x00001f2a       0xfa MCAL/DIO/dio.o
                0x00001f2a                dio_vidConfigChannel
 .text.dio_vidWriteChannel
                0x00002024       0xda MCAL/DIO/dio.o
                0x00002024                dio_vidWriteChannel
 .text.dio_dioLevelReadChannel
                0x000020fe       0x64 MCAL/DIO/dio.o
                0x000020fe                dio_dioLevelReadChannel
 .text.EXTINT_voidEnable
                0x00002162       0x24 MCAL/EXT_INT/EXT_INT_program.o
                0x00002162                EXTINT_voidEnable
 .text.EXTINT_voidMode
                0x00002186       0xd2 MCAL/EXT_INT/EXT_INT_program.o
                0x00002186                EXTINT_voidMode
 .text.EXTINT_voidDisable
                0x00002258       0x24 MCAL/EXT_INT/EXT_INT_program.o
                0x00002258                EXTINT_voidDisable
 .text.EXTINT_voidGlobalIntEnable
                0x0000227c        0x8 MCAL/EXT_INT/EXT_INT_program.o
                0x0000227c                EXTINT_voidGlobalIntEnable
 .text.__vector_1
                0x00002284       0x4e MCAL/EXT_INT/EXT_INT_program.o
                0x00002284                __vector_1
 .text.I2C_Init
                0x000022d2        0xc MCAL/I2C/I2C.o
                0x000022d2                I2C_Init
 .text.I2C_Start
                0x000022de        0xc MCAL/I2C/I2C.o
                0x000022de                I2C_Start
 .text.I2C_Stop
                0x000022ea        0x6 MCAL/I2C/I2C.o
                0x000022ea                I2C_Stop
 .text.I2C_Write
                0x000022f0        0xe MCAL/I2C/I2C.o
                0x000022f0                I2C_Write
 .text.I2C_Read
                0x000022fe       0x16 MCAL/I2C/I2C.o
                0x000022fe                I2C_Read
 .text.PWM_voidInit
                0x00002314       0xe4 MCAL/PWM/PWM_Program.o
                0x00002314                PWM_voidInit
 .text.PWM_voidSetOCPin
                0x000023f8       0x28 MCAL/PWM/PWM_Program.o
                0x000023f8                PWM_voidSetOCPin
 .text.PWM_voidPhaseFrequencyCorrectSetValues
                0x00002420       0x38 MCAL/PWM/PWM_Program.o
                0x00002420                PWM_voidPhaseFrequencyCorrectSetValues
 .text.SLEEP_MODEvoidEnable
                0x00002458       0x16 MCAL/SLEEP_MODE/SLEEP_MODE.o
                0x00002458                SLEEP_MODEvoidEnable
 .text.Timer_voidInitTimer2
                0x0000246e       0xec MCAL/timer/TIMERS_Program.o
                0x0000246e                Timer_voidInitTimer2
 .text.Timer_voidStopTimer
                0x0000255a       0x38 MCAL/timer/TIMERS_Program.o
                0x0000255a                Timer_voidStopTimer
 .text.__vector_19
                0x00002592       0xe6 MCAL/timer/TIMERS_Program.o
                0x00002592                __vector_19
 .text.__vector_9
                0x00002678       0x52 MCAL/timer/TIMERS_Program.o
                0x00002678                __vector_9
 .text.__vector_8
                0x000026ca       0x52 MCAL/timer/TIMERS_Program.o
                0x000026ca                __vector_8
 .text.__vector_4
                0x0000271c       0x52 MCAL/timer/TIMERS_Program.o
                0x0000271c                __vector_4
 .text.__vector_5
                0x0000276e       0x52 MCAL/timer/TIMERS_Program.o
                0x0000276e                __vector_5
 .text.avr-libc.fplib
                0x000027c0        0xe c:/program files (x86)/atmel/studio/7.0/toolchain/avr8/avr8-gnu-toolchain/bin/../lib/gcc/avr/5.4.0/../../../../avr/lib/avr5\libm.a(addsf3.o)
                0x000027c0                __subsf3
                0x000027c2                __addsf3
 .text.avr-libc.fplib
                0x000027ce       0xcc c:/program files (x86)/atmel/studio/7.0/toolchain/avr8/avr8-gnu-toolchain/bin/../lib/gcc/avr/5.4.0/../../../../avr/lib/avr5\libm.a(addsf3x.o)
                0x000027f0                __addsf3x
 .text.avr-libc.fplib
                0x0000289a        0x8 c:/program files (x86)/atmel/studio/7.0/toolchain/avr8/avr8-gnu-toolchain/bin/../lib/gcc/avr/5.4.0/../../../../avr/lib/avr5\libm.a(divsf3.o)
                0x0000289a                __divsf3
 .text.avr-libc.fplib
                0x000028a2       0xdc c:/program files (x86)/atmel/studio/7.0/toolchain/avr8/avr8-gnu-toolchain/bin/../lib/gcc/avr/5.4.0/../../../../avr/lib/avr5\libm.a(divsf3x.o)
                0x000028c2                __divsf3x
                0x000028c8                __divsf3_pse
 .text.avr-libc.fplib
                0x0000297e       0x5e c:/program files (x86)/atmel/studio/7.0/toolchain/avr8/avr8-gnu-toolchain/bin/../lib/gcc/avr/5.4.0/../../../../avr/lib/avr5\libm.a(fixunssfsi.o)
                0x0000297e                __fixunssfsi
 .text.avr-libc.fplib
                0x000029dc       0x7a c:/program files (x86)/atmel/studio/7.0/toolchain/avr8/avr8-gnu-toolchain/bin/../lib/gcc/avr/5.4.0/../../../../avr/lib/avr5\libm.a(floatsisf.o)
                0x000029dc                __floatunsisf
                0x000029e0                __floatsisf
 .text.avr-libc.fplib
                0x00002a56        0xc c:/program files (x86)/atmel/studio/7.0/toolchain/avr8/avr8-gnu-toolchain/bin/../lib/gcc/avr/5.4.0/../../../../avr/lib/avr5\libm.a(fp_inf.o)
                0x00002a56                __fp_inf
 .text.avr-libc.fplib
                0x00002a62        0x6 c:/program files (x86)/atmel/studio/7.0/toolchain/avr8/avr8-gnu-toolchain/bin/../lib/gcc/avr/5.4.0/../../../../avr/lib/avr5\libm.a(fp_nan.o)
                0x00002a62                __fp_nan
 .text.avr-libc.fplib
                0x00002a68        0xe c:/program files (x86)/atmel/studio/7.0/toolchain/avr8/avr8-gnu-toolchain/bin/../lib/gcc/avr/5.4.0/../../../../avr/lib/avr5\libm.a(fp_pscA.o)
                0x00002a68                __fp_pscA
 .text.avr-libc.fplib
                0x00002a76        0xe c:/program files (x86)/atmel/studio/7.0/toolchain/avr8/avr8-gnu-toolchain/bin/../lib/gcc/avr/5.4.0/../../../../avr/lib/avr5\libm.a(fp_pscB.o)
                0x00002a76                __fp_pscB
 .text.avr-libc.fplib
                0x00002a84       0x22 c:/program files (x86)/atmel/studio/7.0/toolchain/avr8/avr8-gnu-toolchain/bin/../lib/gcc/avr/5.4.0/../../../../avr/lib/avr5\libm.a(fp_round.o)
                0x00002a84                __fp_round
 .text.avr-libc.fplib
                0x00002aa6       0x44 c:/program files (x86)/atmel/studio/7.0/toolchain/avr8/avr8-gnu-toolchain/bin/../lib/gcc/avr/5.4.0/../../../../avr/lib/avr5\libm.a(fp_split3.o)
                0x00002aa6                __fp_split3
                0x00002ab6                __fp_splitA
 .text.avr-libc.fplib
                0x00002aea        0xe c:/program files (x86)/atmel/studio/7.0/toolchain/avr8/avr8-gnu-toolchain/bin/../lib/gcc/avr/5.4.0/../../../../avr/lib/avr5\libm.a(fp_zero.o)
                0x00002aea                __fp_zero
                0x00002aec                __fp_szero
 .text.libgcc.div
                0x00002af8       0x28 c:/program files (x86)/atmel/studio/7.0/toolchain/avr8/avr8-gnu-toolchain/bin/../lib/gcc/avr/5.4.0/avr5\libgcc.a(_udivmodhi4.o)
                0x00002af8                __udivmodhi4
 .text.libgcc   0x00002b20        0xc c:/program files (x86)/atmel/studio/7.0/toolchain/avr8/avr8-gnu-toolchain/bin/../lib/gcc/avr/5.4.0/avr5\libgcc.a(_tablejump2.o)
                0x00002b20                __tablejump2__
 .text.avr-libc
                0x00002b2c       0x12 c:/program files (x86)/atmel/studio/7.0/toolchain/avr8/avr8-gnu-toolchain/bin/../lib/gcc/avr/5.4.0/../../../../avr/lib/avr5\libc.a(memcpy.o)
                0x00002b2c                memcpy
 .text.avr-libc
                0x00002b3e       0x44 c:/program files (x86)/atmel/studio/7.0/toolchain/avr8/avr8-gnu-toolchain/bin/../lib/gcc/avr/5.4.0/../../../../avr/lib/avr5\libc.a(sprintf.o)
                0x00002b3e                sprintf
 .text.avr-libc
                0x00002b82      0x3c2 c:/program files (x86)/atmel/studio/7.0/toolchain/avr8/avr8-gnu-toolchain/bin/../lib/gcc/avr/5.4.0/../../../../avr/lib/avr5\libc.a(vfprintf_std.o)
                0x00002b82                vfprintf
 .text.avr-libc
                0x00002f44       0x16 c:/program files (x86)/atmel/studio/7.0/toolchain/avr8/avr8-gnu-toolchain/bin/../lib/gcc/avr/5.4.0/../../../../avr/lib/avr5\libc.a(strnlen_P.o)
                0x00002f44                strnlen_P
 .text.avr-libc
                0x00002f5a       0x16 c:/program files (x86)/atmel/studio/7.0/toolchain/avr8/avr8-gnu-toolchain/bin/../lib/gcc/avr/5.4.0/../../../../avr/lib/avr5\libc.a(strnlen.o)
                0x00002f5a                strnlen
 .text.avr-libc
                0x00002f70       0x78 c:/program files (x86)/atmel/studio/7.0/toolchain/avr8/avr8-gnu-toolchain/bin/../lib/gcc/avr/5.4.0/../../../../avr/lib/avr5\libc.a(fputc.o)
                0x00002f70                fputc
 .text.avr-libc
                0x00002fe8       0xbc c:/program files (x86)/atmel/studio/7.0/toolchain/avr8/avr8-gnu-toolchain/bin/../lib/gcc/avr/5.4.0/../../../../avr/lib/avr5\libc.a(ultoa_invert.o)
                0x00002fe8                __ultoa_invert
 .text.libgcc.prologue
                0x000030a4       0x38 c:/program files (x86)/atmel/studio/7.0/toolchain/avr8/avr8-gnu-toolchain/bin/../lib/gcc/avr/5.4.0/avr5\libgcc.a(_prologue.o)
                0x000030a4                __prologue_saves__
 .text.libgcc.prologue
                0x000030dc       0x36 c:/program files (x86)/atmel/studio/7.0/toolchain/avr8/avr8-gnu-toolchain/bin/../lib/gcc/avr/5.4.0/avr5\libgcc.a(_epilogue.o)
                0x000030dc                __epilogue_restores__
                0x00003112                . = ALIGN (0x2)
 *(.fini9)
 .fini9         0x00003112        0x0 c:/program files (x86)/atmel/studio/7.0/toolchain/avr8/avr8-gnu-toolchain/bin/../lib/gcc/avr/5.4.0/avr5\libgcc.a(_exit.o)
                0x00003112                _exit
                0x00003112                exit
 *(.fini9)
 *(.fini8)
 *(.fini8)
 *(.fini7)
 *(.fini7)
 *(.fini6)
 *(.fini6)
 *(.fini5)
 *(.fini5)
 *(.fini4)
 *(.fini4)
 *(.fini3)
 *(.fini3)
 *(.fini2)
 *(.fini2)
 *(.fini1)
 *(.fini1)
 *(.fini0)
 .fini0         0x00003112        0x4 c:/program files (x86)/atmel/studio/7.0/toolchain/avr8/avr8-gnu-toolchain/bin/../lib/gcc/avr/5.4.0/avr5\libgcc.a(_exit.o)
 *(.fini0)
                0x00003116                _etext = .

.data           0x00800060       0xca load address 0x00003116
                0x00800060                PROVIDE (__data_start, .)
 *(.data)
 *(.data*)
 .data.AutoLight_Glob_Retstat
                0x00800060        0x1 APP/AUTO_LIGHT/AutoLight.o
                0x00800060                AutoLight_Glob_Retstat
 .data.servo1_config
                0x00800061        0x1 APP/AUTO_WIPE/AutoWiper.o
                0x00800061                servo1_config
 .data.TIMER2Configdelay
                0x00800062        0x3 APP/AUTO_WIPE/AutoWiper.o
                0x00800062                TIMER2Configdelay
 .data.uxTopUsedPriority
                0x00800065        0x1 FreeRTOS/source/tasks.o
                0x00800065                uxTopUsedPriority
 .data.__InternalDriverServoMotor__
                0x00800066        0x3 HALL/SERVO_MOTOR/ServoMotor.o
                0x00800066                __InternalDriverServoMotor__
 *(.gnu.linkonce.d*)
 *(.rodata)
 *(.rodata*)
 .rodata.str1.1
                0x00800069       0x23 APP/AUTO_LIGHT/AutoLight.o
 .rodata.str1.1
                0x0080008c        0x8 APP/AUTO_WIPE/AutoWiper.o
                                  0xd (size before relaxing)
 .rodata.str1.1
                0x00800094       0x19 APP/DateAndTime/RTC_APP.o
 .rodata.str1.1
                0x008000ad       0x77 APP/main_Freertos.o
 .rodata.str1.1
                0x00800124        0x5 FreeRTOS/source/tasks.o
 *(.gnu.linkonce.r*)
                0x0080012a                . = ALIGN (0x2)
 *fill*         0x00800129        0x1 
                0x0080012a                _edata = .
                0x0080012a                PROVIDE (__data_end, .)

.bss            0x0080012a      0x6aa
                0x0080012a                PROVIDE (__bss_start, .)
 *(.bss)
 *(.bss*)
 .bss.TimeDelayDone
                0x0080012a        0x1 APP/AUTO_DETECT/auto_detect_motion.o
                0x0080012a                TimeDelayDone
 .bss.AutoWiper_Glob_AutoWiper_Current_State
                0x0080012b        0x1 APP/AUTO_WIPE/AutoWiper.o
                0x0080012b                AutoWiper_Glob_AutoWiper_Current_State
 .bss.AutoWiper_Glob_AutoWiper_Prev_State
                0x0080012c        0x1 APP/AUTO_WIPE/AutoWiper.o
                0x0080012c                AutoWiper_Glob_AutoWiper_Prev_State
 .bss.flag.2951
                0x0080012d        0x1 APP/main_Freertos.o
 .bss.LCDSemaphore
                0x0080012e        0x2 APP/main_Freertos.o
                0x0080012e                LCDSemaphore
 .bss.ButtonSemaphore
                0x00800130        0x2 APP/main_Freertos.o
                0x00800130                ButtonSemaphore
 .bss.xNumberOfSuccessfulFrees
                0x00800132        0x2 FreeRTOS/source/portable/MemMang/heap_4.o
 .bss.xNumberOfSuccessfulAllocations
                0x00800134        0x2 FreeRTOS/source/portable/MemMang/heap_4.o
 .bss.xMinimumEverFreeBytesRemaining
                0x00800136        0x2 FreeRTOS/source/portable/MemMang/heap_4.o
 .bss.xFreeBytesRemaining
                0x00800138        0x2 FreeRTOS/source/portable/MemMang/heap_4.o
 .bss.pxEnd     0x0080013a        0x2 FreeRTOS/source/portable/MemMang/heap_4.o
 .bss.xStart    0x0080013c        0x4 FreeRTOS/source/portable/MemMang/heap_4.o
 .bss.ucHeap    0x00800140      0x5dc FreeRTOS/source/portable/MemMang/heap_4.o
 .bss.uxSchedulerSuspended
                0x0080071c        0x1 FreeRTOS/source/tasks.o
 .bss.xIdleTaskHandle
                0x0080071d        0x2 FreeRTOS/source/tasks.o
 .bss.xNextTaskUnblockTime
                0x0080071f        0x2 FreeRTOS/source/tasks.o
 .bss.uxTaskNumber
                0x00800721        0x1 FreeRTOS/source/tasks.o
 .bss.xNumOfOverflows
                0x00800722        0x1 FreeRTOS/source/tasks.o
 .bss.xYieldPending
                0x00800723        0x1 FreeRTOS/source/tasks.o
 .bss.xPendedTicks
                0x00800724        0x2 FreeRTOS/source/tasks.o
 .bss.xSchedulerRunning
                0x00800726        0x1 FreeRTOS/source/tasks.o
 .bss.uxTopReadyPriority
                0x00800727        0x1 FreeRTOS/source/tasks.o
 .bss.xTickCount
                0x00800728        0x2 FreeRTOS/source/tasks.o
 .bss.uxCurrentNumberOfTasks
                0x0080072a        0x1 FreeRTOS/source/tasks.o
 .bss.uxDeletedTasksWaitingCleanUp
                0x0080072b        0x1 FreeRTOS/source/tasks.o
 .bss.xTasksWaitingTermination
                0x0080072c        0x9 FreeRTOS/source/tasks.o
 .bss.xPendingReadyList
                0x00800735        0x9 FreeRTOS/source/tasks.o
 .bss.pxOverflowDelayedTaskList
                0x0080073e        0x2 FreeRTOS/source/tasks.o
 .bss.pxDelayedTaskList
                0x00800740        0x2 FreeRTOS/source/tasks.o
 .bss.xDelayedTaskList2
                0x00800742        0x9 FreeRTOS/source/tasks.o
 .bss.xDelayedTaskList1
                0x0080074b        0x9 FreeRTOS/source/tasks.o
 .bss.pxReadyTasksLists
                0x00800754       0x36 FreeRTOS/source/tasks.o
 .bss.pxCurrentTCB
                0x0080078a        0x2 FreeRTOS/source/tasks.o
                0x0080078a                pxCurrentTCB
 .bss.Callback_INT0
                0x0080078c        0x2 MCAL/EXT_INT/EXT_INT_program.o
 .bss.TIMER1_Prescaler
                0x0080078e        0x2 MCAL/PWM/PWM_Program.o
 .bss.copy_u16NumberofOverflows.2017
                0x00800790        0x2 MCAL/timer/TIMERS_Program.o
 .bss.Timer2Prescaler
                0x00800792        0x2 MCAL/timer/TIMERS_Program.o
 .bss.GLOBAL_ptrToTimer2UserConf
                0x00800794        0x2 MCAL/timer/TIMERS_Program.o
 .bss.Global_u8PWM_Toff
                0x00800796        0x4 MCAL/timer/TIMERS_Program.o
 .bss.Global_u8PWM_Ton
                0x0080079a        0x4 MCAL/timer/TIMERS_Program.o
 .bss.Global_u8PWM_State
                0x0080079e        0x1 MCAL/timer/TIMERS_Program.o
 .bss.Global_u16NumberOfOverflowsInCTC
                0x0080079f        0x2 MCAL/timer/TIMERS_Program.o
 .bss.Global_u8Timer0Interval
                0x008007a1        0x1 MCAL/timer/TIMERS_Program.o
 *(COMMON)
 COMMON         0x008007a2        0x1 APP/AUTO_DETECT/auto_detect_motion.o
                0x008007a2                fire_alarm
 COMMON         0x008007a3        0x1 APP/AUTO_WIPE/AutoWiper.o
                0x008007a3                AuttoWiper_Glob_Rain_flag
 COMMON         0x008007a4       0x10 APP/main_Freertos.o
                0x008007a4                Task_AutoWiper
                0x008007a6                Task_GetTime
                0x008007a8                Task_DisableSleepMode
                0x008007aa                Task_AutoLight
                0x008007ac                Task_DetectionRunning
                0x008007ae                Task_GetContactState
                0x008007b0                Task_EnableSleepMode
                0x008007b2                Task_LCDClr
 COMMON         0x008007b4       0x14 HALL/RTC/RTC2.o
                0x008007b4                buffer
 COMMON         0x008007c8        0xc MCAL/timer/TIMERS_Program.o
                0x008007c8                TIMER1_IC_Callback
                0x008007ca                TIMER1_OV_CallBack
                0x008007cc                TIMER2_OV_CallBack
                0x008007ce                TIMER0_CTC_CallBack_Single
                0x008007d0                TIMER0_OV_CallBack
                0x008007d2                TIMER0_CTC_CallBack_Periodic
                0x008007d4                PROVIDE (__bss_end, .)
                0x00003116                __data_load_start = LOADADDR (.data)
                0x000031e0                __data_load_end = (__data_load_start + SIZEOF (.data))

.noinit         0x008007d4        0x0
                [!provide]                PROVIDE (__noinit_start, .)
 *(.noinit*)
                [!provide]                PROVIDE (__noinit_end, .)
                0x008007d4                _end = .
                [!provide]                PROVIDE (__heap_start, .)

.eeprom         0x00810000        0x0
 *(.eeprom*)
                0x00810000                __eeprom_end = .

.fuse
 *(.fuse)
 *(.lfuse)
 *(.hfuse)
 *(.efuse)

.lock
 *(.lock*)

.signature
 *(.signature*)

.user_signatures
 *(.user_signatures*)

.stab
 *(.stab)

.stabstr
 *(.stabstr)

.stab.excl
 *(.stab.excl)

.stab.exclstr
 *(.stab.exclstr)

.stab.index
 *(.stab.index)

.stab.indexstr
 *(.stab.indexstr)

.comment        0x00000000       0x5c
 *(.comment)
 .comment       0x00000000       0x30 APP/AUTO_DETECT/auto_detect_motion.o
                                 0x31 (size before relaxing)
 .comment       0x00000030       0x31 APP/AUTO_LIGHT/AutoLight.o
 .comment       0x00000030       0x31 APP/AUTO_WIPE/AutoWiper.o
 .comment       0x00000030       0x31 APP/DateAndTime/RTC_APP.o
 .comment       0x00000030       0x31 APP/main_Freertos.o
 .comment       0x00000030       0x31 FreeRTOS/source/list.o
 .comment       0x00000030       0x31 FreeRTOS/source/portable/GCC/port.o
 .comment       0x00000030       0x31 FreeRTOS/source/portable/MemMang/heap_4.o
 .comment       0x00000030       0x31 FreeRTOS/source/queue.o
 .comment       0x00000030       0x31 FreeRTOS/source/tasks.o
 .comment       0x00000030       0x31 HALL/LCD/lcd.o
 .comment       0x00000030       0x31 HALL/LDR/LDR.o
 .comment       0x00000030       0x31 HALL/PUSH_BOTTUN/push_botton.o
 .comment       0x00000030       0x31 HALL/RAIN_SENSOR/Rain_Sensor.o
 .comment       0x00000030       0x31 HALL/RTC/RTC2.o
 .comment       0x00000030       0x31 HALL/SERVO_MOTOR/ServoMotor.o
 .comment       0x00000030       0x31 MCAL/ADC/ADC.o
 .comment       0x00000030       0x31 MCAL/DIO/dio.o
 .comment       0x00000030       0x31 MCAL/EXT_INT/EXT_INT_program.o
 .comment       0x00000030       0x31 MCAL/I2C/I2C.o
 .comment       0x00000030       0x31 MCAL/PWM/PWM_Program.o
 .comment       0x00000030       0x31 MCAL/SLEEP_MODE/SLEEP_MODE.o
 .comment       0x00000030       0x31 MCAL/timer/TIMERS_Program.o
 .comment       0x00000030       0x31 c:/program files (x86)/atmel/studio/7.0/toolchain/avr8/avr8-gnu-toolchain/bin/../lib/gcc/avr/5.4.0/../../../../avr/lib/avr5\libc.a(sprintf.o)
 .comment       0x00000030       0x2c c:/program files (x86)/atmel/studio/7.0/toolchain/avr8/avr8-gnu-toolchain/bin/../lib/gcc/avr/5.4.0/../../../../avr/lib/avr5\libc.a(vfprintf_std.o)
                                 0x2d (size before relaxing)
 .comment       0x0000005c       0x31 c:/program files (x86)/atmel/studio/7.0/toolchain/avr8/avr8-gnu-toolchain/bin/../lib/gcc/avr/5.4.0/../../../../avr/lib/avr5\libc.a(fputc.o)

.note.gnu.avr.deviceinfo
                0x00000000       0x3c
 .note.gnu.avr.deviceinfo
                0x00000000       0x3c C:/Program Files (x86)/Atmel/Studio/7.0/Packs/atmel/ATmega_DFP/1.7.374/gcc/dev/atmega32a/avr5/crtatmega32a.o

.note.gnu.build-id
 *(.note.gnu.build-id)

.debug
 *(.debug)

.line
 *(.line)

.debug_srcinfo
 *(.debug_srcinfo)

.debug_sfnames
 *(.debug_sfnames)

.debug_aranges  0x00000000      0x788
 *(.debug_aranges)
 .debug_aranges
                0x00000000       0x30 APP/AUTO_DETECT/auto_detect_motion.o
 .debug_aranges
                0x00000030       0x28 APP/AUTO_LIGHT/AutoLight.o
 .debug_aranges
                0x00000058       0x28 APP/AUTO_WIPE/AutoWiper.o
 .debug_aranges
                0x00000080       0x28 APP/DateAndTime/RTC_APP.o
 .debug_aranges
                0x000000a8       0x38 APP/main_Freertos.o
 .debug_aranges
                0x000000e0       0x40 FreeRTOS/source/list.o
 .debug_aranges
                0x00000120       0x50 FreeRTOS/source/portable/GCC/port.o
 .debug_aranges
                0x00000170       0x60 FreeRTOS/source/portable/MemMang/heap_4.o
 .debug_aranges
                0x000001d0       0xc8 FreeRTOS/source/queue.o
 .debug_aranges
                0x00000298      0x160 FreeRTOS/source/tasks.o
 .debug_aranges
                0x000003f8       0x70 HALL/LCD/lcd.o
 .debug_aranges
                0x00000468       0x20 HALL/LDR/LDR.o
 .debug_aranges
                0x00000488       0x20 HALL/PUSH_BOTTUN/push_botton.o
 .debug_aranges
                0x000004a8       0x28 HALL/RAIN_SENSOR/Rain_Sensor.o
 .debug_aranges
                0x000004d0       0x38 HALL/RTC/RTC2.o
 .debug_aranges
                0x00000508       0x28 HALL/SERVO_MOTOR/ServoMotor.o
 .debug_aranges
                0x00000530       0x28 MCAL/ADC/ADC.o
 .debug_aranges
                0x00000558       0x48 MCAL/DIO/dio.o
 .debug_aranges
                0x000005a0       0x50 MCAL/EXT_INT/EXT_INT_program.o
 .debug_aranges
                0x000005f0       0x40 MCAL/I2C/I2C.o
 .debug_aranges
                0x00000630       0x48 MCAL/PWM/PWM_Program.o
 .debug_aranges
                0x00000678       0x20 MCAL/SLEEP_MODE/SLEEP_MODE.o
 .debug_aranges
                0x00000698       0xf0 MCAL/timer/TIMERS_Program.o

.debug_pubnames
 *(.debug_pubnames)

.debug_info     0x00000000     0x8764
 *(.debug_info .gnu.linkonce.wi.*)
 .debug_info    0x00000000      0x4e6 C:/Program Files (x86)/Atmel/Studio/7.0/Packs/atmel/ATmega_DFP/1.7.374/gcc/dev/atmega32a/avr5/crtatmega32a.o
 .debug_info    0x000004e6      0x1f6 APP/AUTO_DETECT/auto_detect_motion.o
 .debug_info    0x000006dc      0x490 APP/AUTO_LIGHT/AutoLight.o
 .debug_info    0x00000b6c      0x670 APP/AUTO_WIPE/AutoWiper.o
 .debug_info    0x000011dc      0x29b APP/DateAndTime/RTC_APP.o
 .debug_info    0x00001477      0x8d0 APP/main_Freertos.o
 .debug_info    0x00001d47      0x2d8 FreeRTOS/source/list.o
 .debug_info    0x0000201f      0x24e FreeRTOS/source/portable/GCC/port.o
 .debug_info    0x0000226d      0x551 FreeRTOS/source/portable/MemMang/heap_4.o
 .debug_info    0x000027be     0x14f8 FreeRTOS/source/queue.o
 .debug_info    0x00003cb6     0x1a80 FreeRTOS/source/tasks.o
 .debug_info    0x00005736      0xa9d HALL/LCD/lcd.o
 .debug_info    0x000061d3      0x13c HALL/LDR/LDR.o
 .debug_info    0x0000630f      0x10b HALL/PUSH_BOTTUN/push_botton.o
 .debug_info    0x0000641a      0x192 HALL/RAIN_SENSOR/Rain_Sensor.o
 .debug_info    0x000065ac      0x403 HALL/RTC/RTC2.o
 .debug_info    0x000069af      0x3d3 HALL/SERVO_MOTOR/ServoMotor.o
 .debug_info    0x00006d82      0x166 MCAL/ADC/ADC.o
 .debug_info    0x00006ee8      0x2b5 MCAL/DIO/dio.o
 .debug_info    0x0000719d      0x1ac MCAL/EXT_INT/EXT_INT_program.o
 .debug_info    0x00007349      0x102 MCAL/I2C/I2C.o
 .debug_info    0x0000744b      0x4f2 MCAL/PWM/PWM_Program.o
 .debug_info    0x0000793d       0x92 MCAL/SLEEP_MODE/SLEEP_MODE.o
 .debug_info    0x000079cf      0xd95 MCAL/timer/TIMERS_Program.o

.debug_abbrev   0x00000000     0x21dc
 *(.debug_abbrev)
 .debug_abbrev  0x00000000      0x4a3 C:/Program Files (x86)/Atmel/Studio/7.0/Packs/atmel/ATmega_DFP/1.7.374/gcc/dev/atmega32a/avr5/crtatmega32a.o
 .debug_abbrev  0x000004a3       0xd9 APP/AUTO_DETECT/auto_detect_motion.o
 .debug_abbrev  0x0000057c      0x16b APP/AUTO_LIGHT/AutoLight.o
 .debug_abbrev  0x000006e7      0x16f APP/AUTO_WIPE/AutoWiper.o
 .debug_abbrev  0x00000856      0x14f APP/DateAndTime/RTC_APP.o
 .debug_abbrev  0x000009a5      0x171 APP/main_Freertos.o
 .debug_abbrev  0x00000b16       0xff FreeRTOS/source/list.o
 .debug_abbrev  0x00000c15      0x143 FreeRTOS/source/portable/GCC/port.o
 .debug_abbrev  0x00000d58      0x219 FreeRTOS/source/portable/MemMang/heap_4.o
 .debug_abbrev  0x00000f71      0x227 FreeRTOS/source/queue.o
 .debug_abbrev  0x00001198      0x294 FreeRTOS/source/tasks.o
 .debug_abbrev  0x0000142c      0x254 HALL/LCD/lcd.o
 .debug_abbrev  0x00001680       0xc8 HALL/LDR/LDR.o
 .debug_abbrev  0x00001748       0xa7 HALL/PUSH_BOTTUN/push_botton.o
 .debug_abbrev  0x000017ef       0xbd HALL/RAIN_SENSOR/Rain_Sensor.o
 .debug_abbrev  0x000018ac       0xef HALL/RTC/RTC2.o
 .debug_abbrev  0x0000199b      0x134 HALL/SERVO_MOTOR/ServoMotor.o
 .debug_abbrev  0x00001acf       0xb0 MCAL/ADC/ADC.o
 .debug_abbrev  0x00001b7f       0xec MCAL/DIO/dio.o
 .debug_abbrev  0x00001c6b       0xcd MCAL/EXT_INT/EXT_INT_program.o
 .debug_abbrev  0x00001d38       0x98 MCAL/I2C/I2C.o
 .debug_abbrev  0x00001dd0      0x1e7 MCAL/PWM/PWM_Program.o
 .debug_abbrev  0x00001fb7       0x55 MCAL/SLEEP_MODE/SLEEP_MODE.o
 .debug_abbrev  0x0000200c      0x1d0 MCAL/timer/TIMERS_Program.o

.debug_line     0x00000000     0x51cf
 *(.debug_line .debug_line.* .debug_line_end)
 .debug_line    0x00000000      0x116 C:/Program Files (x86)/Atmel/Studio/7.0/Packs/atmel/ATmega_DFP/1.7.374/gcc/dev/atmega32a/avr5/crtatmega32a.o
 .debug_line    0x00000116      0x17a APP/AUTO_DETECT/auto_detect_motion.o
 .debug_line    0x00000290      0x248 APP/AUTO_LIGHT/AutoLight.o
 .debug_line    0x000004d8      0x2fc APP/AUTO_WIPE/AutoWiper.o
 .debug_line    0x000007d4      0x1b4 APP/DateAndTime/RTC_APP.o
 .debug_line    0x00000988      0x46b APP/main_Freertos.o
 .debug_line    0x00000df3      0x219 FreeRTOS/source/list.o
 .debug_line    0x0000100c      0x2d3 FreeRTOS/source/portable/GCC/port.o
 .debug_line    0x000012df      0x49f FreeRTOS/source/portable/MemMang/heap_4.o
 .debug_line    0x0000177e      0xaee FreeRTOS/source/queue.o
 .debug_line    0x0000226c     0x10b3 FreeRTOS/source/tasks.o
 .debug_line    0x0000331f      0x4ed HALL/LCD/lcd.o
 .debug_line    0x0000380c       0xb3 HALL/LDR/LDR.o
 .debug_line    0x000038bf       0xe9 HALL/PUSH_BOTTUN/push_botton.o
 .debug_line    0x000039a8       0xfb HALL/RAIN_SENSOR/Rain_Sensor.o
 .debug_line    0x00003aa3      0x18b HALL/RTC/RTC2.o
 .debug_line    0x00003c2e      0x177 HALL/SERVO_MOTOR/ServoMotor.o
 .debug_line    0x00003da5      0x129 MCAL/ADC/ADC.o
 .debug_line    0x00003ece      0x272 MCAL/DIO/dio.o
 .debug_line    0x00004140      0x23b MCAL/EXT_INT/EXT_INT_program.o
 .debug_line    0x0000437b      0x10a MCAL/I2C/I2C.o
 .debug_line    0x00004485      0x347 MCAL/PWM/PWM_Program.o
 .debug_line    0x000047cc       0x85 MCAL/SLEEP_MODE/SLEEP_MODE.o
 .debug_line    0x00004851      0x97e MCAL/timer/TIMERS_Program.o

.debug_frame    0x00000000     0x1514
 *(.debug_frame)
 .debug_frame   0x00000000       0x44 APP/AUTO_DETECT/auto_detect_motion.o
 .debug_frame   0x00000044       0x34 APP/AUTO_LIGHT/AutoLight.o
 .debug_frame   0x00000078       0x34 APP/AUTO_WIPE/AutoWiper.o
 .debug_frame   0x000000ac       0x44 APP/DateAndTime/RTC_APP.o
 .debug_frame   0x000000f0       0x6c APP/main_Freertos.o
 .debug_frame   0x0000015c       0x88 FreeRTOS/source/list.o
 .debug_frame   0x000001e4       0x84 FreeRTOS/source/portable/GCC/port.o
 .debug_frame   0x00000268      0x120 FreeRTOS/source/portable/MemMang/heap_4.o
 .debug_frame   0x00000388      0x2fc FreeRTOS/source/queue.o
 .debug_frame   0x00000684      0x548 FreeRTOS/source/tasks.o
 .debug_frame   0x00000bcc      0x100 HALL/LCD/lcd.o
 .debug_frame   0x00000ccc       0x30 HALL/LDR/LDR.o
 .debug_frame   0x00000cfc       0x24 HALL/PUSH_BOTTUN/push_botton.o
 .debug_frame   0x00000d20       0x34 HALL/RAIN_SENSOR/Rain_Sensor.o
 .debug_frame   0x00000d54       0x98 HALL/RTC/RTC2.o
 .debug_frame   0x00000dec       0x4c HALL/SERVO_MOTOR/ServoMotor.o
 .debug_frame   0x00000e38       0x34 MCAL/ADC/ADC.o
 .debug_frame   0x00000e6c       0x74 MCAL/DIO/dio.o
 .debug_frame   0x00000ee0       0xcc MCAL/EXT_INT/EXT_INT_program.o
 .debug_frame   0x00000fac       0x64 MCAL/I2C/I2C.o
 .debug_frame   0x00001010       0xa0 MCAL/PWM/PWM_Program.o
 .debug_frame   0x000010b0       0x24 MCAL/SLEEP_MODE/SLEEP_MODE.o
 .debug_frame   0x000010d4      0x440 MCAL/timer/TIMERS_Program.o

.debug_str      0x00000000     0x3086
 *(.debug_str)
 .debug_str     0x00000000      0x196 C:/Program Files (x86)/Atmel/Studio/7.0/Packs/atmel/ATmega_DFP/1.7.374/gcc/dev/atmega32a/avr5/crtatmega32a.o
 .debug_str     0x00000196      0x2a4 APP/AUTO_DETECT/auto_detect_motion.o
                                0x2e4 (size before relaxing)
 .debug_str     0x0000043a      0x1fb APP/AUTO_LIGHT/AutoLight.o
                                0x42b (size before relaxing)
 .debug_str     0x00000635      0x3aa APP/AUTO_WIPE/AutoWiper.o
                                0x6a3 (size before relaxing)
 .debug_str     0x000009df       0x7d APP/DateAndTime/RTC_APP.o
                                0x270 (size before relaxing)
 .debug_str     0x00000a5c      0x23e APP/main_Freertos.o
                                0x710 (size before relaxing)
 .debug_str     0x00000c9a      0x137 FreeRTOS/source/list.o
                                0x2d4 (size before relaxing)
 .debug_str     0x00000dd1      0x12f FreeRTOS/source/portable/GCC/port.o
                                0x2da (size before relaxing)
 .debug_str     0x00000f00      0x30e FreeRTOS/source/portable/MemMang/heap_4.o
                                0x4bd (size before relaxing)
 .debug_str     0x0000120e      0x477 FreeRTOS/source/queue.o
                                0x7bc (size before relaxing)
 .debug_str     0x00001685      0x7d8 FreeRTOS/source/tasks.o
                                0xcd1 (size before relaxing)
 .debug_str     0x00001e5d      0x1ec HALL/LCD/lcd.o
                                0x492 (size before relaxing)
 .debug_str     0x00002049       0x91 HALL/LDR/LDR.o
                                0x241 (size before relaxing)
 .debug_str     0x000020da       0x71 HALL/PUSH_BOTTUN/push_botton.o
                                0x202 (size before relaxing)
 .debug_str     0x0000214b       0x2d HALL/RAIN_SENSOR/Rain_Sensor.o
                                0x297 (size before relaxing)
 .debug_str     0x00002178       0x62 HALL/RTC/RTC2.o
                                0x22c (size before relaxing)
 .debug_str     0x000021da      0x327 HALL/SERVO_MOTOR/ServoMotor.o
                                0x67f (size before relaxing)
 .debug_str     0x00002501       0x6b MCAL/ADC/ADC.o
                                0x286 (size before relaxing)
 .debug_str     0x0000256c       0xc2 MCAL/DIO/dio.o
                                0x2f2 (size before relaxing)
 .debug_str     0x0000262e       0xbc MCAL/EXT_INT/EXT_INT_program.o
                                0x29f (size before relaxing)
 .debug_str     0x000026ea       0x12 MCAL/I2C/I2C.o
                                0x1a7 (size before relaxing)
 .debug_str     0x000026fc      0x132 MCAL/PWM/PWM_Program.o
                                0x6d1 (size before relaxing)
 .debug_str     0x0000282e       0x25 MCAL/SLEEP_MODE/SLEEP_MODE.o
                                0x19b (size before relaxing)
 .debug_str     0x00002853      0x833 MCAL/timer/TIMERS_Program.o
                                0xc46 (size before relaxing)

.debug_loc      0x00000000     0x6e9d
 *(.debug_loc)
 .debug_loc     0x00000000       0x28 APP/AUTO_LIGHT/AutoLight.o
 .debug_loc     0x00000028       0x6e APP/DateAndTime/RTC_APP.o
 .debug_loc     0x00000096       0x5e APP/main_Freertos.o
 .debug_loc     0x000000f4      0x145 FreeRTOS/source/list.o
 .debug_loc     0x00000239      0x2a0 FreeRTOS/source/portable/GCC/port.o
 .debug_loc     0x000004d9      0x626 FreeRTOS/source/portable/MemMang/heap_4.o
 .debug_loc     0x00000aff     0x18dd FreeRTOS/source/queue.o
 .debug_loc     0x000023dc     0x1e63 FreeRTOS/source/tasks.o
 .debug_loc     0x0000423f      0x6b9 HALL/LCD/lcd.o
 .debug_loc     0x000048f8       0x73 HALL/LDR/LDR.o
 .debug_loc     0x0000496b       0x42 HALL/PUSH_BOTTUN/push_botton.o
 .debug_loc     0x000049ad       0x13 HALL/RAIN_SENSOR/Rain_Sensor.o
 .debug_loc     0x000049c0      0x313 HALL/RTC/RTC2.o
 .debug_loc     0x00004cd3      0x1ec HALL/SERVO_MOTOR/ServoMotor.o
 .debug_loc     0x00004ebf       0x78 MCAL/ADC/ADC.o
 .debug_loc     0x00004f37      0x469 MCAL/DIO/dio.o
 .debug_loc     0x000053a0      0x273 MCAL/EXT_INT/EXT_INT_program.o
 .debug_loc     0x00005613       0x4e MCAL/I2C/I2C.o
 .debug_loc     0x00005661      0x4ce MCAL/PWM/PWM_Program.o
 .debug_loc     0x00005b2f       0x21 MCAL/SLEEP_MODE/SLEEP_MODE.o
 .debug_loc     0x00005b50     0x134d MCAL/timer/TIMERS_Program.o

.debug_macinfo
 *(.debug_macinfo)

.debug_weaknames
 *(.debug_weaknames)

.debug_funcnames
 *(.debug_funcnames)

.debug_typenames
 *(.debug_typenames)

.debug_varnames
 *(.debug_varnames)

.debug_pubtypes
 *(.debug_pubtypes)

.debug_ranges   0x00000000      0x6b8
 *(.debug_ranges)
 .debug_ranges  0x00000000       0x20 APP/AUTO_DETECT/auto_detect_motion.o
 .debug_ranges  0x00000020       0x18 APP/AUTO_LIGHT/AutoLight.o
 .debug_ranges  0x00000038       0x18 APP/AUTO_WIPE/AutoWiper.o
 .debug_ranges  0x00000050       0x18 APP/DateAndTime/RTC_APP.o
 .debug_ranges  0x00000068       0x28 APP/main_Freertos.o
 .debug_ranges  0x00000090       0x30 FreeRTOS/source/list.o
 .debug_ranges  0x000000c0       0x40 FreeRTOS/source/portable/GCC/port.o
 .debug_ranges  0x00000100       0x50 FreeRTOS/source/portable/MemMang/heap_4.o
 .debug_ranges  0x00000150      0x100 FreeRTOS/source/queue.o
 .debug_ranges  0x00000250      0x190 FreeRTOS/source/tasks.o
 .debug_ranges  0x000003e0       0x60 HALL/LCD/lcd.o
 .debug_ranges  0x00000440       0x10 HALL/LDR/LDR.o
 .debug_ranges  0x00000450       0x10 HALL/PUSH_BOTTUN/push_botton.o
 .debug_ranges  0x00000460       0x18 HALL/RAIN_SENSOR/Rain_Sensor.o
 .debug_ranges  0x00000478       0x28 HALL/RTC/RTC2.o
 .debug_ranges  0x000004a0       0x18 HALL/SERVO_MOTOR/ServoMotor.o
 .debug_ranges  0x000004b8       0x18 MCAL/ADC/ADC.o
 .debug_ranges  0x000004d0       0x38 MCAL/DIO/dio.o
 .debug_ranges  0x00000508       0x40 MCAL/EXT_INT/EXT_INT_program.o
 .debug_ranges  0x00000548       0x30 MCAL/I2C/I2C.o
 .debug_ranges  0x00000578       0x50 MCAL/PWM/PWM_Program.o
 .debug_ranges  0x000005c8       0x10 MCAL/SLEEP_MODE/SLEEP_MODE.o
 .debug_ranges  0x000005d8       0xe0 MCAL/timer/TIMERS_Program.o

.debug_macro
 *(.debug_macro)
OUTPUT(secuirty_anti-theiving.elf elf32-avr)
LOAD linker stubs
